/home/cjabrantes/ros2_px4_offboard_example_ws/install/image_processing/lib/python3.10/site-packages/image_processing/yolov11_subscriber.py
/home/cjabrantes/ros2_px4_offboard_example_ws/install/image_processing/lib/python3.10/site-packages/image_processing/behavior_controller.py
/home/cjabrantes/ros2_px4_offboard_example_ws/install/image_processing/lib/python3.10/site-packages/image_processing/forest_model.py
/home/cjabrantes/ros2_px4_offboard_example_ws/install/image_processing/lib/python3.10/site-packages/image_processing/distance_predictor_xyz.py
/home/cjabrantes/ros2_px4_offboard_example_ws/install/image_processing/lib/python3.10/site-packages/image_processing/__init__.py
/home/cjabrantes/ros2_px4_offboard_example_ws/install/image_processing/lib/python3.10/site-packages/image_processing/image_labeler.py
/home/cjabrantes/ros2_px4_offboard_example_ws/install/image_processing/lib/python3.10/site-packages/image_processing/yolo_subscriber.py
/home/cjabrantes/ros2_px4_offboard_example_ws/install/image_processing/lib/python3.10/site-packages/image_processing/drone_pose_publisher.py
/home/cjabrantes/ros2_px4_offboard_example_ws/install/image_processing/lib/python3.10/site-packages/image_processing/image_processing_node.py
/home/cjabrantes/ros2_px4_offboard_example_ws/install/image_processing/lib/python3.10/site-packages/image_processing/drone_behavior_node.py
/home/cjabrantes/ros2_px4_offboard_example_ws/install/image_processing/lib/python3.10/site-packages/image_processing/image_subscriber.py
/home/cjabrantes/ros2_px4_offboard_example_ws/install/image_processing/lib/python3.10/site-packages/image_processing/__pycache__/yolov11_subscriber.cpython-310.pyc
/home/cjabrantes/ros2_px4_offboard_example_ws/install/image_processing/lib/python3.10/site-packages/image_processing/__pycache__/behavior_controller.cpython-310.pyc
/home/cjabrantes/ros2_px4_offboard_example_ws/install/image_processing/lib/python3.10/site-packages/image_processing/__pycache__/forest_model.cpython-310.pyc
/home/cjabrantes/ros2_px4_offboard_example_ws/install/image_processing/lib/python3.10/site-packages/image_processing/__pycache__/distance_predictor_xyz.cpython-310.pyc
/home/cjabrantes/ros2_px4_offboard_example_ws/install/image_processing/lib/python3.10/site-packages/image_processing/__pycache__/__init__.cpython-310.pyc
/home/cjabrantes/ros2_px4_offboard_example_ws/install/image_processing/lib/python3.10/site-packages/image_processing/__pycache__/image_labeler.cpython-310.pyc
/home/cjabrantes/ros2_px4_offboard_example_ws/install/image_processing/lib/python3.10/site-packages/image_processing/__pycache__/yolo_subscriber.cpython-310.pyc
/home/cjabrantes/ros2_px4_offboard_example_ws/install/image_processing/lib/python3.10/site-packages/image_processing/__pycache__/drone_pose_publisher.cpython-310.pyc
/home/cjabrantes/ros2_px4_offboard_example_ws/install/image_processing/lib/python3.10/site-packages/image_processing/__pycache__/image_processing_node.cpython-310.pyc
/home/cjabrantes/ros2_px4_offboard_example_ws/install/image_processing/lib/python3.10/site-packages/image_processing/__pycache__/drone_behavior_node.cpython-310.pyc
/home/cjabrantes/ros2_px4_offboard_example_ws/install/image_processing/lib/python3.10/site-packages/image_processing/__pycache__/image_subscriber.cpython-310.pyc
/home/cjabrantes/ros2_px4_offboard_example_ws/install/image_processing/share/ament_index/resource_index/packages/image_processing
/home/cjabrantes/ros2_px4_offboard_example_ws/install/image_processing/share/image_processing/package.xml
/home/cjabrantes/ros2_px4_offboard_example_ws/install/image_processing/share/image_processing/msg
/home/cjabrantes/ros2_px4_offboard_example_ws/install/image_processing/lib/python3.10/site-packages/image_processing-0.0.0-py3.10.egg-info/SOURCES.txt
/home/cjabrantes/ros2_px4_offboard_example_ws/install/image_processing/lib/python3.10/site-packages/image_processing-0.0.0-py3.10.egg-info/entry_points.txt
/home/cjabrantes/ros2_px4_offboard_example_ws/install/image_processing/lib/python3.10/site-packages/image_processing-0.0.0-py3.10.egg-info/zip-safe
/home/cjabrantes/ros2_px4_offboard_example_ws/install/image_processing/lib/python3.10/site-packages/image_processing-0.0.0-py3.10.egg-info/PKG-INFO
/home/cjabrantes/ros2_px4_offboard_example_ws/install/image_processing/lib/python3.10/site-packages/image_processing-0.0.0-py3.10.egg-info/top_level.txt
/home/cjabrantes/ros2_px4_offboard_example_ws/install/image_processing/lib/python3.10/site-packages/image_processing-0.0.0-py3.10.egg-info/dependency_links.txt
/home/cjabrantes/ros2_px4_offboard_example_ws/install/image_processing/lib/python3.10/site-packages/image_processing-0.0.0-py3.10.egg-info/requires.txt
/home/cjabrantes/ros2_px4_offboard_example_ws/install/image_processing/lib/image_processing/behavior_controller
/home/cjabrantes/ros2_px4_offboard_example_ws/install/image_processing/lib/image_processing/distance_predictor_xyz
/home/cjabrantes/ros2_px4_offboard_example_ws/install/image_processing/lib/image_processing/drone_behavior_node
/home/cjabrantes/ros2_px4_offboard_example_ws/install/image_processing/lib/image_processing/drone_pose_publisher
/home/cjabrantes/ros2_px4_offboard_example_ws/install/image_processing/lib/image_processing/image_labeler
/home/cjabrantes/ros2_px4_offboard_example_ws/install/image_processing/lib/image_processing/image_subscriber
/home/cjabrantes/ros2_px4_offboard_example_ws/install/image_processing/lib/image_processing/yolo_subscriber
/home/cjabrantes/ros2_px4_offboard_example_ws/install/image_processing/lib/image_processing/yolov11_subscriber
