running develop
Removing /home/cjabrantes/ros2_px4_offboard_example_ws/install/image_processing/lib/python3.10/site-packages/image-processing.egg-link (link to .)
running egg_info
writing ../../build/image_processing/image_processing.egg-info/PKG-INFO
writing dependency_links to ../../build/image_processing/image_processing.egg-info/dependency_links.txt
writing entry points to ../../build/image_processing/image_processing.egg-info/entry_points.txt
writing requirements to ../../build/image_processing/image_processing.egg-info/requires.txt
writing top-level names to ../../build/image_processing/image_processing.egg-info/top_level.txt
reading manifest file '../../build/image_processing/image_processing.egg-info/SOURCES.txt'
writing manifest file '../../build/image_processing/image_processing.egg-info/SOURCES.txt'
running build
running build_py
creating /home/cjabrantes/ros2_px4_offboard_example_ws/build/image_processing/build
creating /home/cjabrantes/ros2_px4_offboard_example_ws/build/image_processing/build/lib
creating /home/cjabrantes/ros2_px4_offboard_example_ws/build/image_processing/build/lib/image_processing
copying image_processing/yolov11_subscriber.py -> /home/cjabrantes/ros2_px4_offboard_example_ws/build/image_processing/build/lib/image_processing
copying image_processing/behavior_controller.py -> /home/cjabrantes/ros2_px4_offboard_example_ws/build/image_processing/build/lib/image_processing
copying image_processing/forest_model.py -> /home/cjabrantes/ros2_px4_offboard_example_ws/build/image_processing/build/lib/image_processing
copying image_processing/distance_predictor_xyz.py -> /home/cjabrantes/ros2_px4_offboard_example_ws/build/image_processing/build/lib/image_processing
copying image_processing/__init__.py -> /home/cjabrantes/ros2_px4_offboard_example_ws/build/image_processing/build/lib/image_processing
copying image_processing/image_labeler.py -> /home/cjabrantes/ros2_px4_offboard_example_ws/build/image_processing/build/lib/image_processing
copying image_processing/yolo_subscriber.py -> /home/cjabrantes/ros2_px4_offboard_example_ws/build/image_processing/build/lib/image_processing
copying image_processing/drone_pose_publisher.py -> /home/cjabrantes/ros2_px4_offboard_example_ws/build/image_processing/build/lib/image_processing
copying image_processing/image_processing_node.py -> /home/cjabrantes/ros2_px4_offboard_example_ws/build/image_processing/build/lib/image_processing
copying image_processing/drone_behavior_node.py -> /home/cjabrantes/ros2_px4_offboard_example_ws/build/image_processing/build/lib/image_processing
copying image_processing/image_subscriber.py -> /home/cjabrantes/ros2_px4_offboard_example_ws/build/image_processing/build/lib/image_processing
running install
running install_lib
creating /home/cjabrantes/ros2_px4_offboard_example_ws/install/image_processing/lib/python3.10/site-packages/image_processing
copying /home/cjabrantes/ros2_px4_offboard_example_ws/build/image_processing/build/lib/image_processing/yolov11_subscriber.py -> /home/cjabrantes/ros2_px4_offboard_example_ws/install/image_processing/lib/python3.10/site-packages/image_processing
copying /home/cjabrantes/ros2_px4_offboard_example_ws/build/image_processing/build/lib/image_processing/behavior_controller.py -> /home/cjabrantes/ros2_px4_offboard_example_ws/install/image_processing/lib/python3.10/site-packages/image_processing
copying /home/cjabrantes/ros2_px4_offboard_example_ws/build/image_processing/build/lib/image_processing/forest_model.py -> /home/cjabrantes/ros2_px4_offboard_example_ws/install/image_processing/lib/python3.10/site-packages/image_processing
copying /home/cjabrantes/ros2_px4_offboard_example_ws/build/image_processing/build/lib/image_processing/distance_predictor_xyz.py -> /home/cjabrantes/ros2_px4_offboard_example_ws/install/image_processing/lib/python3.10/site-packages/image_processing
copying /home/cjabrantes/ros2_px4_offboard_example_ws/build/image_processing/build/lib/image_processing/__init__.py -> /home/cjabrantes/ros2_px4_offboard_example_ws/install/image_processing/lib/python3.10/site-packages/image_processing
copying /home/cjabrantes/ros2_px4_offboard_example_ws/build/image_processing/build/lib/image_processing/image_labeler.py -> /home/cjabrantes/ros2_px4_offboard_example_ws/install/image_processing/lib/python3.10/site-packages/image_processing
copying /home/cjabrantes/ros2_px4_offboard_example_ws/build/image_processing/build/lib/image_processing/yolo_subscriber.py -> /home/cjabrantes/ros2_px4_offboard_example_ws/install/image_processing/lib/python3.10/site-packages/image_processing
copying /home/cjabrantes/ros2_px4_offboard_example_ws/build/image_processing/build/lib/image_processing/drone_pose_publisher.py -> /home/cjabrantes/ros2_px4_offboard_example_ws/install/image_processing/lib/python3.10/site-packages/image_processing
copying /home/cjabrantes/ros2_px4_offboard_example_ws/build/image_processing/build/lib/image_processing/image_processing_node.py -> /home/cjabrantes/ros2_px4_offboard_example_ws/install/image_processing/lib/python3.10/site-packages/image_processing
copying /home/cjabrantes/ros2_px4_offboard_example_ws/build/image_processing/build/lib/image_processing/drone_behavior_node.py -> /home/cjabrantes/ros2_px4_offboard_example_ws/install/image_processing/lib/python3.10/site-packages/image_processing
copying /home/cjabrantes/ros2_px4_offboard_example_ws/build/image_processing/build/lib/image_processing/image_subscriber.py -> /home/cjabrantes/ros2_px4_offboard_example_ws/install/image_processing/lib/python3.10/site-packages/image_processing
byte-compiling /home/cjabrantes/ros2_px4_offboard_example_ws/install/image_processing/lib/python3.10/site-packages/image_processing/yolov11_subscriber.py to yolov11_subscriber.cpython-310.pyc
byte-compiling /home/cjabrantes/ros2_px4_offboard_example_ws/install/image_processing/lib/python3.10/site-packages/image_processing/behavior_controller.py to behavior_controller.cpython-310.pyc
byte-compiling /home/cjabrantes/ros2_px4_offboard_example_ws/install/image_processing/lib/python3.10/site-packages/image_processing/forest_model.py to forest_model.cpython-310.pyc
byte-compiling /home/cjabrantes/ros2_px4_offboard_example_ws/install/image_processing/lib/python3.10/site-packages/image_processing/distance_predictor_xyz.py to distance_predictor_xyz.cpython-310.pyc
byte-compiling /home/cjabrantes/ros2_px4_offboard_example_ws/install/image_processing/lib/python3.10/site-packages/image_processing/__init__.py to __init__.cpython-310.pyc
byte-compiling /home/cjabrantes/ros2_px4_offboard_example_ws/install/image_processing/lib/python3.10/site-packages/image_processing/image_labeler.py to image_labeler.cpython-310.pyc
byte-compiling /home/cjabrantes/ros2_px4_offboard_example_ws/install/image_processing/lib/python3.10/site-packages/image_processing/yolo_subscriber.py to yolo_subscriber.cpython-310.pyc
byte-compiling /home/cjabrantes/ros2_px4_offboard_example_ws/install/image_processing/lib/python3.10/site-packages/image_processing/drone_pose_publisher.py to drone_pose_publisher.cpython-310.pyc
byte-compiling /home/cjabrantes/ros2_px4_offboard_example_ws/install/image_processing/lib/python3.10/site-packages/image_processing/image_processing_node.py to image_processing_node.cpython-310.pyc
byte-compiling /home/cjabrantes/ros2_px4_offboard_example_ws/install/image_processing/lib/python3.10/site-packages/image_processing/drone_behavior_node.py to drone_behavior_node.cpython-310.pyc
byte-compiling /home/cjabrantes/ros2_px4_offboard_example_ws/install/image_processing/lib/python3.10/site-packages/image_processing/image_subscriber.py to image_subscriber.cpython-310.pyc
running install_data
copying resource/image_processing -> /home/cjabrantes/ros2_px4_offboard_example_ws/install/image_processing/share/ament_index/resource_index/packages
copying package.xml -> /home/cjabrantes/ros2_px4_offboard_example_ws/install/image_processing/share/image_processing
running install_egg_info
Copying ../../build/image_processing/image_processing.egg-info to /home/cjabrantes/ros2_px4_offboard_example_ws/install/image_processing/lib/python3.10/site-packages/image_processing-0.0.0-py3.10.egg-info
running install_scripts
Installing behavior_controller script to /home/cjabrantes/ros2_px4_offboard_example_ws/install/image_processing/lib/image_processing
Installing distance_predictor_xyz script to /home/cjabrantes/ros2_px4_offboard_example_ws/install/image_processing/lib/image_processing
Installing drone_behavior_node script to /home/cjabrantes/ros2_px4_offboard_example_ws/install/image_processing/lib/image_processing
Installing drone_pose_publisher script to /home/cjabrantes/ros2_px4_offboard_example_ws/install/image_processing/lib/image_processing
Installing image_labeler script to /home/cjabrantes/ros2_px4_offboard_example_ws/install/image_processing/lib/image_processing
Installing image_subscriber script to /home/cjabrantes/ros2_px4_offboard_example_ws/install/image_processing/lib/image_processing
Installing yolo_subscriber script to /home/cjabrantes/ros2_px4_offboard_example_ws/install/image_processing/lib/image_processing
Installing yolov11_subscriber script to /home/cjabrantes/ros2_px4_offboard_example_ws/install/image_processing/lib/image_processing
writing list of installed files to '/home/cjabrantes/ros2_px4_offboard_example_ws/build/image_processing/install.log'
