[0.697s] Invoking command in '/home/cjabrantes/ros2_px4_offboard_example_ws/build/image_processing': CMAKE_PREFIX_PATH=/home/cjabrantes/ros2_px4_offboard_example_ws/install/image_processing_msgs:/home/cjabrantes/ros2_px4_offboard_example_ws/install/px4_msgs LD_LIBRARY_PATH=/home/cjabrantes/ros2_px4_offboard_example_ws/install/image_processing_msgs/lib:/home/cjabrantes/ros2_px4_offboard_example_ws/install/px4_msgs/lib:/opt/ros/humble/opt/rviz_ogre_vendor/lib:/opt/ros/humble/lib/x86_64-linux-gnu:/opt/ros/humble/lib PYTHONPATH=/home/cjabrantes/ros2_px4_offboard_example_ws/build/image_processing/prefix_override:/home/cjabrantes/.local/lib/python3.10/site-packages/colcon_core/task/python/colcon_distutils_commands:/home/cjabrantes/ros2_px4_offboard_example_ws/install/image_processing/lib/python3.10/site-packages:${PYTHONPATH} /usr/bin/python3 -W ignore:setup.py install is deprecated -W ignore:easy_install command is deprecated setup.py develop --uninstall --editable --build-directory /home/cjabrantes/ros2_px4_offboard_example_ws/build/image_processing/build
[0.976s] running develop
[1.184s] Removing /home/cjabrantes/ros2_px4_offboard_example_ws/install/image_processing/lib/python3.10/site-packages/image-processing.egg-link (link to .)
[1.221s] Invoked command in '/home/cjabrantes/ros2_px4_offboard_example_ws/build/image_processing' returned '0': CMAKE_PREFIX_PATH=/home/cjabrantes/ros2_px4_offboard_example_ws/install/image_processing_msgs:/home/cjabrantes/ros2_px4_offboard_example_ws/install/px4_msgs LD_LIBRARY_PATH=/home/cjabrantes/ros2_px4_offboard_example_ws/install/image_processing_msgs/lib:/home/cjabrantes/ros2_px4_offboard_example_ws/install/px4_msgs/lib:/opt/ros/humble/opt/rviz_ogre_vendor/lib:/opt/ros/humble/lib/x86_64-linux-gnu:/opt/ros/humble/lib PYTHONPATH=/home/cjabrantes/ros2_px4_offboard_example_ws/build/image_processing/prefix_override:/home/cjabrantes/.local/lib/python3.10/site-packages/colcon_core/task/python/colcon_distutils_commands:/home/cjabrantes/ros2_px4_offboard_example_ws/install/image_processing/lib/python3.10/site-packages:${PYTHONPATH} /usr/bin/python3 -W ignore:setup.py install is deprecated -W ignore:easy_install command is deprecated setup.py develop --uninstall --editable --build-directory /home/cjabrantes/ros2_px4_offboard_example_ws/build/image_processing/build
[1.222s] Invoking command in '/home/cjabrantes/ros2_px4_offboard_example_ws/src/image_processing': CMAKE_PREFIX_PATH=/home/cjabrantes/ros2_px4_offboard_example_ws/install/image_processing_msgs:/home/cjabrantes/ros2_px4_offboard_example_ws/install/px4_msgs LD_LIBRARY_PATH=/home/cjabrantes/ros2_px4_offboard_example_ws/install/image_processing_msgs/lib:/home/cjabrantes/ros2_px4_offboard_example_ws/install/px4_msgs/lib:/opt/ros/humble/opt/rviz_ogre_vendor/lib:/opt/ros/humble/lib/x86_64-linux-gnu:/opt/ros/humble/lib PYTHONPATH=/home/cjabrantes/ros2_px4_offboard_example_ws/build/image_processing/prefix_override:/home/cjabrantes/.local/lib/python3.10/site-packages/colcon_core/task/python/colcon_distutils_commands:/home/cjabrantes/ros2_px4_offboard_example_ws/install/image_processing/lib/python3.10/site-packages:${PYTHONPATH} /usr/bin/python3 -W ignore:setup.py install is deprecated -W ignore:easy_install command is deprecated setup.py egg_info --egg-base ../../build/image_processing build --build-base /home/cjabrantes/ros2_px4_offboard_example_ws/build/image_processing/build install --record /home/cjabrantes/ros2_px4_offboard_example_ws/build/image_processing/install.log --single-version-externally-managed install_data --force
[1.492s] running egg_info
[1.492s] writing ../../build/image_processing/image_processing.egg-info/PKG-INFO
[1.492s] writing dependency_links to ../../build/image_processing/image_processing.egg-info/dependency_links.txt
[1.492s] writing entry points to ../../build/image_processing/image_processing.egg-info/entry_points.txt
[1.493s] writing requirements to ../../build/image_processing/image_processing.egg-info/requires.txt
[1.493s] writing top-level names to ../../build/image_processing/image_processing.egg-info/top_level.txt
[1.494s] reading manifest file '../../build/image_processing/image_processing.egg-info/SOURCES.txt'
[1.495s] writing manifest file '../../build/image_processing/image_processing.egg-info/SOURCES.txt'
[1.495s] running build
[1.495s] running build_py
[1.495s] creating /home/cjabrantes/ros2_px4_offboard_example_ws/build/image_processing/build
[1.495s] creating /home/cjabrantes/ros2_px4_offboard_example_ws/build/image_processing/build/lib
[1.495s] creating /home/cjabrantes/ros2_px4_offboard_example_ws/build/image_processing/build/lib/image_processing
[1.495s] copying image_processing/yolov11_subscriber.py -> /home/cjabrantes/ros2_px4_offboard_example_ws/build/image_processing/build/lib/image_processing
[1.495s] copying image_processing/behavior_controller.py -> /home/cjabrantes/ros2_px4_offboard_example_ws/build/image_processing/build/lib/image_processing
[1.495s] copying image_processing/forest_model.py -> /home/cjabrantes/ros2_px4_offboard_example_ws/build/image_processing/build/lib/image_processing
[1.495s] copying image_processing/distance_predictor_xyz.py -> /home/cjabrantes/ros2_px4_offboard_example_ws/build/image_processing/build/lib/image_processing
[1.496s] copying image_processing/__init__.py -> /home/cjabrantes/ros2_px4_offboard_example_ws/build/image_processing/build/lib/image_processing
[1.496s] copying image_processing/image_labeler.py -> /home/cjabrantes/ros2_px4_offboard_example_ws/build/image_processing/build/lib/image_processing
[1.496s] copying image_processing/yolo_subscriber.py -> /home/cjabrantes/ros2_px4_offboard_example_ws/build/image_processing/build/lib/image_processing
[1.496s] copying image_processing/drone_pose_publisher.py -> /home/cjabrantes/ros2_px4_offboard_example_ws/build/image_processing/build/lib/image_processing
[1.496s] copying image_processing/image_processing_node.py -> /home/cjabrantes/ros2_px4_offboard_example_ws/build/image_processing/build/lib/image_processing
[1.496s] copying image_processing/drone_behavior_node.py -> /home/cjabrantes/ros2_px4_offboard_example_ws/build/image_processing/build/lib/image_processing
[1.496s] copying image_processing/image_subscriber.py -> /home/cjabrantes/ros2_px4_offboard_example_ws/build/image_processing/build/lib/image_processing
[1.496s] running install
[1.497s] running install_lib
[1.498s] creating /home/cjabrantes/ros2_px4_offboard_example_ws/install/image_processing/lib/python3.10/site-packages/image_processing
[1.498s] copying /home/cjabrantes/ros2_px4_offboard_example_ws/build/image_processing/build/lib/image_processing/yolov11_subscriber.py -> /home/cjabrantes/ros2_px4_offboard_example_ws/install/image_processing/lib/python3.10/site-packages/image_processing
[1.498s] copying /home/cjabrantes/ros2_px4_offboard_example_ws/build/image_processing/build/lib/image_processing/behavior_controller.py -> /home/cjabrantes/ros2_px4_offboard_example_ws/install/image_processing/lib/python3.10/site-packages/image_processing
[1.499s] copying /home/cjabrantes/ros2_px4_offboard_example_ws/build/image_processing/build/lib/image_processing/forest_model.py -> /home/cjabrantes/ros2_px4_offboard_example_ws/install/image_processing/lib/python3.10/site-packages/image_processing
[1.499s] copying /home/cjabrantes/ros2_px4_offboard_example_ws/build/image_processing/build/lib/image_processing/distance_predictor_xyz.py -> /home/cjabrantes/ros2_px4_offboard_example_ws/install/image_processing/lib/python3.10/site-packages/image_processing
[1.500s] copying /home/cjabrantes/ros2_px4_offboard_example_ws/build/image_processing/build/lib/image_processing/__init__.py -> /home/cjabrantes/ros2_px4_offboard_example_ws/install/image_processing/lib/python3.10/site-packages/image_processing
[1.500s] copying /home/cjabrantes/ros2_px4_offboard_example_ws/build/image_processing/build/lib/image_processing/image_labeler.py -> /home/cjabrantes/ros2_px4_offboard_example_ws/install/image_processing/lib/python3.10/site-packages/image_processing
[1.500s] copying /home/cjabrantes/ros2_px4_offboard_example_ws/build/image_processing/build/lib/image_processing/yolo_subscriber.py -> /home/cjabrantes/ros2_px4_offboard_example_ws/install/image_processing/lib/python3.10/site-packages/image_processing
[1.500s] copying /home/cjabrantes/ros2_px4_offboard_example_ws/build/image_processing/build/lib/image_processing/drone_pose_publisher.py -> /home/cjabrantes/ros2_px4_offboard_example_ws/install/image_processing/lib/python3.10/site-packages/image_processing
[1.500s] copying /home/cjabrantes/ros2_px4_offboard_example_ws/build/image_processing/build/lib/image_processing/image_processing_node.py -> /home/cjabrantes/ros2_px4_offboard_example_ws/install/image_processing/lib/python3.10/site-packages/image_processing
[1.500s] copying /home/cjabrantes/ros2_px4_offboard_example_ws/build/image_processing/build/lib/image_processing/drone_behavior_node.py -> /home/cjabrantes/ros2_px4_offboard_example_ws/install/image_processing/lib/python3.10/site-packages/image_processing
[1.500s] copying /home/cjabrantes/ros2_px4_offboard_example_ws/build/image_processing/build/lib/image_processing/image_subscriber.py -> /home/cjabrantes/ros2_px4_offboard_example_ws/install/image_processing/lib/python3.10/site-packages/image_processing
[1.500s] byte-compiling /home/cjabrantes/ros2_px4_offboard_example_ws/install/image_processing/lib/python3.10/site-packages/image_processing/yolov11_subscriber.py to yolov11_subscriber.cpython-310.pyc
[1.502s] byte-compiling /home/cjabrantes/ros2_px4_offboard_example_ws/install/image_processing/lib/python3.10/site-packages/image_processing/behavior_controller.py to behavior_controller.cpython-310.pyc
[1.505s] byte-compiling /home/cjabrantes/ros2_px4_offboard_example_ws/install/image_processing/lib/python3.10/site-packages/image_processing/forest_model.py to forest_model.cpython-310.pyc
[1.505s] byte-compiling /home/cjabrantes/ros2_px4_offboard_example_ws/install/image_processing/lib/python3.10/site-packages/image_processing/distance_predictor_xyz.py to distance_predictor_xyz.cpython-310.pyc
[1.506s] byte-compiling /home/cjabrantes/ros2_px4_offboard_example_ws/install/image_processing/lib/python3.10/site-packages/image_processing/__init__.py to __init__.cpython-310.pyc
[1.506s] byte-compiling /home/cjabrantes/ros2_px4_offboard_example_ws/install/image_processing/lib/python3.10/site-packages/image_processing/image_labeler.py to image_labeler.cpython-310.pyc
[1.507s] byte-compiling /home/cjabrantes/ros2_px4_offboard_example_ws/install/image_processing/lib/python3.10/site-packages/image_processing/yolo_subscriber.py to yolo_subscriber.cpython-310.pyc
[1.508s] byte-compiling /home/cjabrantes/ros2_px4_offboard_example_ws/install/image_processing/lib/python3.10/site-packages/image_processing/drone_pose_publisher.py to drone_pose_publisher.cpython-310.pyc
[1.508s] byte-compiling /home/cjabrantes/ros2_px4_offboard_example_ws/install/image_processing/lib/python3.10/site-packages/image_processing/image_processing_node.py to image_processing_node.cpython-310.pyc
[1.508s] byte-compiling /home/cjabrantes/ros2_px4_offboard_example_ws/install/image_processing/lib/python3.10/site-packages/image_processing/drone_behavior_node.py to drone_behavior_node.cpython-310.pyc
[1.510s] byte-compiling /home/cjabrantes/ros2_px4_offboard_example_ws/install/image_processing/lib/python3.10/site-packages/image_processing/image_subscriber.py to image_subscriber.cpython-310.pyc
[1.510s] running install_data
[1.510s] copying resource/image_processing -> /home/cjabrantes/ros2_px4_offboard_example_ws/install/image_processing/share/ament_index/resource_index/packages
[1.510s] copying package.xml -> /home/cjabrantes/ros2_px4_offboard_example_ws/install/image_processing/share/image_processing
[1.510s] running install_egg_info
[1.513s] Copying ../../build/image_processing/image_processing.egg-info to /home/cjabrantes/ros2_px4_offboard_example_ws/install/image_processing/lib/python3.10/site-packages/image_processing-0.0.0-py3.10.egg-info
[1.514s] running install_scripts
[1.534s] Installing behavior_controller script to /home/cjabrantes/ros2_px4_offboard_example_ws/install/image_processing/lib/image_processing
[1.535s] Installing distance_predictor_xyz script to /home/cjabrantes/ros2_px4_offboard_example_ws/install/image_processing/lib/image_processing
[1.535s] Installing drone_behavior_node script to /home/cjabrantes/ros2_px4_offboard_example_ws/install/image_processing/lib/image_processing
[1.535s] Installing drone_pose_publisher script to /home/cjabrantes/ros2_px4_offboard_example_ws/install/image_processing/lib/image_processing
[1.535s] Installing image_labeler script to /home/cjabrantes/ros2_px4_offboard_example_ws/install/image_processing/lib/image_processing
[1.535s] Installing image_subscriber script to /home/cjabrantes/ros2_px4_offboard_example_ws/install/image_processing/lib/image_processing
[1.535s] Installing yolo_subscriber script to /home/cjabrantes/ros2_px4_offboard_example_ws/install/image_processing/lib/image_processing
[1.535s] Installing yolov11_subscriber script to /home/cjabrantes/ros2_px4_offboard_example_ws/install/image_processing/lib/image_processing
[1.536s] writing list of installed files to '/home/cjabrantes/ros2_px4_offboard_example_ws/build/image_processing/install.log'
[1.576s] Invoked command in '/home/cjabrantes/ros2_px4_offboard_example_ws/src/image_processing' returned '0': CMAKE_PREFIX_PATH=/home/cjabrantes/ros2_px4_offboard_example_ws/install/image_processing_msgs:/home/cjabrantes/ros2_px4_offboard_example_ws/install/px4_msgs LD_LIBRARY_PATH=/home/cjabrantes/ros2_px4_offboard_example_ws/install/image_processing_msgs/lib:/home/cjabrantes/ros2_px4_offboard_example_ws/install/px4_msgs/lib:/opt/ros/humble/opt/rviz_ogre_vendor/lib:/opt/ros/humble/lib/x86_64-linux-gnu:/opt/ros/humble/lib PYTHONPATH=/home/cjabrantes/ros2_px4_offboard_example_ws/build/image_processing/prefix_override:/home/cjabrantes/.local/lib/python3.10/site-packages/colcon_core/task/python/colcon_distutils_commands:/home/cjabrantes/ros2_px4_offboard_example_ws/install/image_processing/lib/python3.10/site-packages:${PYTHONPATH} /usr/bin/python3 -W ignore:setup.py install is deprecated -W ignore:easy_install command is deprecated setup.py egg_info --egg-base ../../build/image_processing build --build-base /home/cjabrantes/ros2_px4_offboard_example_ws/build/image_processing/build install --record /home/cjabrantes/ros2_px4_offboard_example_ws/build/image_processing/install.log --single-version-externally-managed install_data --force
