[0.518s] Invoking command in '/home/cjabrantes/ros2_px4_offboard_example_ws/build/image_processing': CMAKE_PREFIX_PATH=/home/cjabrantes/ros2_px4_offboard_example_ws/install/image_processing_msgs:/home/cjabrantes/ros2_px4_offboard_example_ws/install/px4_msgs LD_LIBRARY_PATH=/home/cjabrantes/ros2_px4_offboard_example_ws/install/image_processing_msgs/lib:/home/cjabrantes/ros2_px4_offboard_example_ws/install/px4_msgs/lib:/opt/ros/humble/opt/rviz_ogre_vendor/lib:/opt/ros/humble/lib/x86_64-linux-gnu:/opt/ros/humble/lib PYTHONPATH=/home/cjabrantes/ros2_px4_offboard_example_ws/build/image_processing/prefix_override:/home/cjabrantes/.local/lib/python3.10/site-packages/colcon_core/task/python/colcon_distutils_commands:/home/cjabrantes/ros2_px4_offboard_example_ws/install/image_processing/lib/python3.10/site-packages:${PYTHONPATH} /usr/bin/python3 -W ignore:setup.py install is deprecated -W ignore:easy_install command is deprecated setup.py develop --editable --build-directory /home/cjabrantes/ros2_px4_offboard_example_ws/build/image_processing/build --no-deps symlink_data
[0.747s] running develop
[0.896s] running egg_info
[0.896s] creating image_processing.egg-info
[0.897s] writing image_processing.egg-info/PKG-INFO
[0.897s] writing dependency_links to image_processing.egg-info/dependency_links.txt
[0.897s] writing entry points to image_processing.egg-info/entry_points.txt
[0.897s] writing requirements to image_processing.egg-info/requires.txt
[0.897s] writing top-level names to image_processing.egg-info/top_level.txt
[0.898s] writing manifest file 'image_processing.egg-info/SOURCES.txt'
[0.899s] reading manifest file 'image_processing.egg-info/SOURCES.txt'
[0.899s] writing manifest file 'image_processing.egg-info/SOURCES.txt'
[0.900s] running build_ext
[0.900s] Creating /home/cjabrantes/ros2_px4_offboard_example_ws/install/image_processing/lib/python3.10/site-packages/image-processing.egg-link (link to .)
[0.901s] Installing behavior_controller script to /home/cjabrantes/ros2_px4_offboard_example_ws/install/image_processing/lib/image_processing
[0.901s] Installing distance_predictor_xyz script to /home/cjabrantes/ros2_px4_offboard_example_ws/install/image_processing/lib/image_processing
[0.901s] Installing drone_behavior_node script to /home/cjabrantes/ros2_px4_offboard_example_ws/install/image_processing/lib/image_processing
[0.901s] Installing drone_pose_publisher script to /home/cjabrantes/ros2_px4_offboard_example_ws/install/image_processing/lib/image_processing
[0.902s] Installing image_labeler script to /home/cjabrantes/ros2_px4_offboard_example_ws/install/image_processing/lib/image_processing
[0.902s] Installing image_subscriber script to /home/cjabrantes/ros2_px4_offboard_example_ws/install/image_processing/lib/image_processing
[0.902s] Installing yolo_subscriber script to /home/cjabrantes/ros2_px4_offboard_example_ws/install/image_processing/lib/image_processing
[0.902s] Installing yolov11_subscriber script to /home/cjabrantes/ros2_px4_offboard_example_ws/install/image_processing/lib/image_processing
[0.902s] 
[0.902s] Installed /home/cjabrantes/ros2_px4_offboard_example_ws/build/image_processing
[0.902s] running symlink_data
[0.902s] creating /home/cjabrantes/ros2_px4_offboard_example_ws/install/image_processing/share/ament_index
[0.902s] creating /home/cjabrantes/ros2_px4_offboard_example_ws/install/image_processing/share/ament_index/resource_index
[0.903s] creating /home/cjabrantes/ros2_px4_offboard_example_ws/install/image_processing/share/ament_index/resource_index/packages
[0.903s] symbolically linking /home/cjabrantes/ros2_px4_offboard_example_ws/build/image_processing/resource/image_processing -> /home/cjabrantes/ros2_px4_offboard_example_ws/install/image_processing/share/ament_index/resource_index/packages
[0.903s] symbolically linking /home/cjabrantes/ros2_px4_offboard_example_ws/build/image_processing/package.xml -> /home/cjabrantes/ros2_px4_offboard_example_ws/install/image_processing/share/image_processing
[0.903s] creating /home/cjabrantes/ros2_px4_offboard_example_ws/install/image_processing/share/image_processing/msg
[0.923s] Invoked command in '/home/cjabrantes/ros2_px4_offboard_example_ws/build/image_processing' returned '0': CMAKE_PREFIX_PATH=/home/cjabrantes/ros2_px4_offboard_example_ws/install/image_processing_msgs:/home/cjabrantes/ros2_px4_offboard_example_ws/install/px4_msgs LD_LIBRARY_PATH=/home/cjabrantes/ros2_px4_offboard_example_ws/install/image_processing_msgs/lib:/home/cjabrantes/ros2_px4_offboard_example_ws/install/px4_msgs/lib:/opt/ros/humble/opt/rviz_ogre_vendor/lib:/opt/ros/humble/lib/x86_64-linux-gnu:/opt/ros/humble/lib PYTHONPATH=/home/cjabrantes/ros2_px4_offboard_example_ws/build/image_processing/prefix_override:/home/cjabrantes/.local/lib/python3.10/site-packages/colcon_core/task/python/colcon_distutils_commands:/home/cjabrantes/ros2_px4_offboard_example_ws/install/image_processing/lib/python3.10/site-packages:${PYTHONPATH} /usr/bin/python3 -W ignore:setup.py install is deprecated -W ignore:easy_install command is deprecated setup.py develop --editable --build-directory /home/cjabrantes/ros2_px4_offboard_example_ws/build/image_processing/build --no-deps symlink_data
