[0.971s] Invoking command in '/home/cjabrantes/ros2_px4_offboard_example_ws/src/image_processing': CMAKE_PREFIX_PATH=/home/cjabrantes/ros2_px4_offboard_example_ws/install/image_processing_msgs:/home/cjabrantes/ros2_px4_offboard_example_ws/install/px4_msgs LD_LIBRARY_PATH=/home/cjabrantes/ros2_px4_offboard_example_ws/install/image_processing_msgs/lib:/home/cjabrantes/ros2_px4_offboard_example_ws/install/px4_msgs/lib:/opt/ros/humble/opt/rviz_ogre_vendor/lib:/opt/ros/humble/lib/x86_64-linux-gnu:/opt/ros/humble/lib PYTHONPATH=/home/cjabrantes/ros2_px4_offboard_example_ws/build/image_processing/prefix_override:/home/cjabrantes/.local/lib/python3.10/site-packages/colcon_core/task/python/colcon_distutils_commands:/home/cjabrantes/ros2_px4_offboard_example_ws/install/image_processing/lib/python3.10/site-packages:${PYTHONPATH} /usr/bin/python3 -W ignore:setup.py install is deprecated -W ignore:easy_install command is deprecated setup.py egg_info --egg-base ../../build/image_processing build --build-base /home/cjabrantes/ros2_px4_offboard_example_ws/build/image_processing/build install --record /home/cjabrantes/ros2_px4_offboard_example_ws/build/image_processing/install.log --single-version-externally-managed install_data
[1.312s] running egg_info
[1.312s] writing ../../build/image_processing/image_processing.egg-info/PKG-INFO
[1.313s] writing dependency_links to ../../build/image_processing/image_processing.egg-info/dependency_links.txt
[1.313s] writing entry points to ../../build/image_processing/image_processing.egg-info/entry_points.txt
[1.313s] writing requirements to ../../build/image_processing/image_processing.egg-info/requires.txt
[1.313s] writing top-level names to ../../build/image_processing/image_processing.egg-info/top_level.txt
[1.317s] reading manifest file '../../build/image_processing/image_processing.egg-info/SOURCES.txt'
[1.318s] writing manifest file '../../build/image_processing/image_processing.egg-info/SOURCES.txt'
[1.318s] running build
[1.319s] running build_py
[1.320s] copying image_processing/drone_behavior_node.py -> /home/cjabrantes/ros2_px4_offboard_example_ws/build/image_processing/build/lib/image_processing
[1.320s] running install
[1.320s] running install_lib
[1.321s] copying /home/cjabrantes/ros2_px4_offboard_example_ws/build/image_processing/build/lib/image_processing/drone_behavior_node.py -> /home/cjabrantes/ros2_px4_offboard_example_ws/install/image_processing/lib/python3.10/site-packages/image_processing
[1.322s] byte-compiling /home/cjabrantes/ros2_px4_offboard_example_ws/install/image_processing/lib/python3.10/site-packages/image_processing/drone_behavior_node.py to drone_behavior_node.cpython-310.pyc
[1.324s] running install_data
[1.325s] running install_egg_info
[1.327s] removing '/home/cjabrantes/ros2_px4_offboard_example_ws/install/image_processing/lib/python3.10/site-packages/image_processing-0.0.0-py3.10.egg-info' (and everything under it)
[1.327s] Copying ../../build/image_processing/image_processing.egg-info to /home/cjabrantes/ros2_px4_offboard_example_ws/install/image_processing/lib/python3.10/site-packages/image_processing-0.0.0-py3.10.egg-info
[1.330s] running install_scripts
[1.361s] Installing behavior_controller script to /home/cjabrantes/ros2_px4_offboard_example_ws/install/image_processing/lib/image_processing
[1.365s] Installing distance_predictor_xyz script to /home/cjabrantes/ros2_px4_offboard_example_ws/install/image_processing/lib/image_processing
[1.366s] Installing drone_behavior_node script to /home/cjabrantes/ros2_px4_offboard_example_ws/install/image_processing/lib/image_processing
[1.366s] Installing drone_pose_publisher script to /home/cjabrantes/ros2_px4_offboard_example_ws/install/image_processing/lib/image_processing
[1.368s] Installing image_labeler script to /home/cjabrantes/ros2_px4_offboard_example_ws/install/image_processing/lib/image_processing
[1.368s] Installing image_subscriber script to /home/cjabrantes/ros2_px4_offboard_example_ws/install/image_processing/lib/image_processing
[1.368s] Installing yolo_subscriber script to /home/cjabrantes/ros2_px4_offboard_example_ws/install/image_processing/lib/image_processing
[1.368s] Installing yolov11_subscriber script to /home/cjabrantes/ros2_px4_offboard_example_ws/install/image_processing/lib/image_processing
[1.368s] writing list of installed files to '/home/cjabrantes/ros2_px4_offboard_example_ws/build/image_processing/install.log'
[1.428s] Invoked command in '/home/cjabrantes/ros2_px4_offboard_example_ws/src/image_processing' returned '0': CMAKE_PREFIX_PATH=/home/cjabrantes/ros2_px4_offboard_example_ws/install/image_processing_msgs:/home/cjabrantes/ros2_px4_offboard_example_ws/install/px4_msgs LD_LIBRARY_PATH=/home/cjabrantes/ros2_px4_offboard_example_ws/install/image_processing_msgs/lib:/home/cjabrantes/ros2_px4_offboard_example_ws/install/px4_msgs/lib:/opt/ros/humble/opt/rviz_ogre_vendor/lib:/opt/ros/humble/lib/x86_64-linux-gnu:/opt/ros/humble/lib PYTHONPATH=/home/cjabrantes/ros2_px4_offboard_example_ws/build/image_processing/prefix_override:/home/cjabrantes/.local/lib/python3.10/site-packages/colcon_core/task/python/colcon_distutils_commands:/home/cjabrantes/ros2_px4_offboard_example_ws/install/image_processing/lib/python3.10/site-packages:${PYTHONPATH} /usr/bin/python3 -W ignore:setup.py install is deprecated -W ignore:easy_install command is deprecated setup.py egg_info --egg-base ../../build/image_processing build --build-base /home/cjabrantes/ros2_px4_offboard_example_ws/build/image_processing/build install --record /home/cjabrantes/ros2_px4_offboard_example_ws/build/image_processing/install.log --single-version-externally-managed install_data
