[0.165s] [34mcolcon[0m [1;30mDEBUG[0m [32mCommand line arguments: ['/home/cjabrantes/.local/bin/colcon', 'build'][0m
[0.165s] [34mcolcon[0m [1;30mDEBUG[0m [32mParsed command line arguments: Namespace(log_base=None, log_level=None, verb_name='build', build_base='build', install_base='install', merge_install=False, symlink_install=False, test_result_base=None, continue_on_error=False, executor='parallel', parallel_workers=12, event_handlers=None, ignore_user_meta=False, metas=['./colcon.meta'], base_paths=['.'], packages_ignore=None, packages_ignore_regex=None, paths=None, packages_up_to=None, packages_up_to_regex=None, packages_above=None, packages_above_and_dependencies=None, packages_above_depth=None, packages_select_by_dep=None, packages_skip_by_dep=None, packages_skip_up_to=None, packages_select_build_failed=False, packages_skip_build_finished=False, packages_select_test_failures=False, packages_skip_test_passed=False, packages_select=None, packages_skip=None, packages_select_regex=None, packages_skip_regex=None, packages_start=None, packages_end=None, allow_overriding=[], cmake_args=None, cmake_target=None, cmake_target_skip_unavailable=False, cmake_clean_cache=False, cmake_clean_first=False, cmake_force_configure=False, ament_cmake_args=None, catkin_cmake_args=None, catkin_skip_building_tests=False, verb_parser=<colcon_defaults.argument_parser.defaults.DefaultArgumentsDecorator object at 0x7e4cd7ee2a70>, verb_extension=<colcon_core.verb.build.BuildVerb object at 0x7e4cd7ee2470>, main=<bound method BuildVerb.main of <colcon_core.verb.build.BuildVerb object at 0x7e4cd7ee2470>>)[0m
[0.341s] [34mcolcon.colcon_core.package_discovery[0m [1;30mLevel 1[0m discover_packages(colcon_meta) check parameters
[0.341s] [34mcolcon.colcon_core.package_discovery[0m [1;30mLevel 1[0m discover_packages(recursive) check parameters
[0.341s] [34mcolcon.colcon_core.package_discovery[0m [1;30mLevel 1[0m discover_packages(ignore) check parameters
[0.341s] [34mcolcon.colcon_core.package_discovery[0m [1;30mLevel 1[0m discover_packages(path) check parameters
[0.341s] [34mcolcon.colcon_core.package_discovery[0m [1;30mLevel 1[0m discover_packages(colcon_meta) discover
[0.341s] [34mcolcon.colcon_core.package_discovery[0m [1;30mLevel 1[0m discover_packages(recursive) discover
[0.341s] [34mcolcon.colcon_core.package_discovery[0m [1;30mINFO[0m Crawling recursively for packages in '/home/cjabrantes/ros2_px4_offboard_example_ws'
[0.341s] [34mcolcon.colcon_core.package_identification[0m [1;30mLevel 1[0m _identify(.) by extensions ['ignore', 'ignore_ament_install']
[0.342s] [34mcolcon.colcon_core.package_identification[0m [1;30mLevel 1[0m _identify(.) by extension 'ignore'
[0.342s] [34mcolcon.colcon_core.package_identification[0m [1;30mLevel 1[0m _identify(.) by extension 'ignore_ament_install'
[0.342s] [34mcolcon.colcon_core.package_identification[0m [1;30mLevel 1[0m _identify(.) by extensions ['colcon_pkg']
[0.342s] [34mcolcon.colcon_core.package_identification[0m [1;30mLevel 1[0m _identify(.) by extension 'colcon_pkg'
[0.342s] [34mcolcon.colcon_core.package_identification[0m [1;30mLevel 1[0m _identify(.) by extensions ['colcon_meta']
[0.342s] [34mcolcon.colcon_core.package_identification[0m [1;30mLevel 1[0m _identify(.) by extension 'colcon_meta'
[0.342s] [34mcolcon.colcon_core.package_identification[0m [1;30mLevel 1[0m _identify(.) by extensions ['ros']
[0.342s] [34mcolcon.colcon_core.package_identification[0m [1;30mLevel 1[0m _identify(.) by extension 'ros'
[0.353s] [34mcolcon.colcon_core.package_identification[0m [1;30mLevel 1[0m _identify(.) by extensions ['cmake', 'python']
[0.354s] [34mcolcon.colcon_core.package_identification[0m [1;30mLevel 1[0m _identify(.) by extension 'cmake'
[0.354s] [34mcolcon.colcon_core.package_identification[0m [1;30mLevel 1[0m _identify(.) by extension 'python'
[0.354s] [34mcolcon.colcon_core.package_identification[0m [1;30mLevel 1[0m _identify(.) by extensions ['python_setup_py']
[0.354s] [34mcolcon.colcon_core.package_identification[0m [1;30mLevel 1[0m _identify(.) by extension 'python_setup_py'
[0.354s] [34mcolcon.colcon_core.package_identification[0m [1;30mLevel 1[0m _identify(build) by extensions ['ignore', 'ignore_ament_install']
[0.354s] [34mcolcon.colcon_core.package_identification[0m [1;30mLevel 1[0m _identify(build) by extension 'ignore'
[0.354s] [34mcolcon.colcon_core.package_identification[0m [1;30mLevel 1[0m _identify(build) ignored
[0.354s] [34mcolcon.colcon_core.package_identification[0m [1;30mLevel 1[0m _identify(install) by extensions ['ignore', 'ignore_ament_install']
[0.354s] [34mcolcon.colcon_core.package_identification[0m [1;30mLevel 1[0m _identify(install) by extension 'ignore'
[0.354s] [34mcolcon.colcon_core.package_identification[0m [1;30mLevel 1[0m _identify(install) ignored
[0.355s] [34mcolcon.colcon_core.package_identification[0m [1;30mLevel 1[0m _identify(log) by extensions ['ignore', 'ignore_ament_install']
[0.355s] [34mcolcon.colcon_core.package_identification[0m [1;30mLevel 1[0m _identify(log) by extension 'ignore'
[0.355s] [34mcolcon.colcon_core.package_identification[0m [1;30mLevel 1[0m _identify(log) ignored
[0.355s] [34mcolcon.colcon_core.package_identification[0m [1;30mLevel 1[0m _identify(src) by extensions ['ignore', 'ignore_ament_install']
[0.355s] [34mcolcon.colcon_core.package_identification[0m [1;30mLevel 1[0m _identify(src) by extension 'ignore'
[0.355s] [34mcolcon.colcon_core.package_identification[0m [1;30mLevel 1[0m _identify(src) by extension 'ignore_ament_install'
[0.355s] [34mcolcon.colcon_core.package_identification[0m [1;30mLevel 1[0m _identify(src) by extensions ['colcon_pkg']
[0.355s] [34mcolcon.colcon_core.package_identification[0m [1;30mLevel 1[0m _identify(src) by extension 'colcon_pkg'
[0.355s] [34mcolcon.colcon_core.package_identification[0m [1;30mLevel 1[0m _identify(src) by extensions ['colcon_meta']
[0.355s] [34mcolcon.colcon_core.package_identification[0m [1;30mLevel 1[0m _identify(src) by extension 'colcon_meta'
[0.355s] [34mcolcon.colcon_core.package_identification[0m [1;30mLevel 1[0m _identify(src) by extensions ['ros']
[0.355s] [34mcolcon.colcon_core.package_identification[0m [1;30mLevel 1[0m _identify(src) by extension 'ros'
[0.355s] [34mcolcon.colcon_core.package_identification[0m [1;30mLevel 1[0m _identify(src) by extensions ['cmake', 'python']
[0.355s] [34mcolcon.colcon_core.package_identification[0m [1;30mLevel 1[0m _identify(src) by extension 'cmake'
[0.355s] [34mcolcon.colcon_core.package_identification[0m [1;30mLevel 1[0m _identify(src) by extension 'python'
[0.355s] [34mcolcon.colcon_core.package_identification[0m [1;30mLevel 1[0m _identify(src) by extensions ['python_setup_py']
[0.355s] [34mcolcon.colcon_core.package_identification[0m [1;30mLevel 1[0m _identify(src) by extension 'python_setup_py'
[0.356s] [34mcolcon.colcon_core.package_identification[0m [1;30mLevel 1[0m _identify(src/ROS2_PX4_Offboard_Example) by extensions ['ignore', 'ignore_ament_install']
[0.356s] [34mcolcon.colcon_core.package_identification[0m [1;30mLevel 1[0m _identify(src/ROS2_PX4_Offboard_Example) by extension 'ignore'
[0.356s] [34mcolcon.colcon_core.package_identification[0m [1;30mLevel 1[0m _identify(src/ROS2_PX4_Offboard_Example) by extension 'ignore_ament_install'
[0.356s] [34mcolcon.colcon_core.package_identification[0m [1;30mLevel 1[0m _identify(src/ROS2_PX4_Offboard_Example) by extensions ['colcon_pkg']
[0.356s] [34mcolcon.colcon_core.package_identification[0m [1;30mLevel 1[0m _identify(src/ROS2_PX4_Offboard_Example) by extension 'colcon_pkg'
[0.356s] [34mcolcon.colcon_core.package_identification[0m [1;30mLevel 1[0m _identify(src/ROS2_PX4_Offboard_Example) by extensions ['colcon_meta']
[0.356s] [34mcolcon.colcon_core.package_identification[0m [1;30mLevel 1[0m _identify(src/ROS2_PX4_Offboard_Example) by extension 'colcon_meta'
[0.356s] [34mcolcon.colcon_core.package_identification[0m [1;30mLevel 1[0m _identify(src/ROS2_PX4_Offboard_Example) by extensions ['ros']
[0.356s] [34mcolcon.colcon_core.package_identification[0m [1;30mLevel 1[0m _identify(src/ROS2_PX4_Offboard_Example) by extension 'ros'
[0.356s] [34mcolcon.colcon_core.package_identification[0m [1;30mLevel 1[0m _identify(src/ROS2_PX4_Offboard_Example) by extensions ['cmake', 'python']
[0.356s] [34mcolcon.colcon_core.package_identification[0m [1;30mLevel 1[0m _identify(src/ROS2_PX4_Offboard_Example) by extension 'cmake'
[0.356s] [34mcolcon.colcon_core.package_identification[0m [1;30mLevel 1[0m _identify(src/ROS2_PX4_Offboard_Example) by extension 'python'
[0.356s] [34mcolcon.colcon_core.package_identification[0m [1;30mLevel 1[0m _identify(src/ROS2_PX4_Offboard_Example) by extensions ['python_setup_py']
[0.356s] [34mcolcon.colcon_core.package_identification[0m [1;30mLevel 1[0m _identify(src/ROS2_PX4_Offboard_Example) by extension 'python_setup_py'
[0.356s] [34mcolcon.colcon_core.package_identification[0m [1;30mLevel 1[0m _identify(src/ROS2_PX4_Offboard_Example/px4_offboard) by extensions ['ignore', 'ignore_ament_install']
[0.356s] [34mcolcon.colcon_core.package_identification[0m [1;30mLevel 1[0m _identify(src/ROS2_PX4_Offboard_Example/px4_offboard) by extension 'ignore'
[0.356s] [34mcolcon.colcon_core.package_identification[0m [1;30mLevel 1[0m _identify(src/ROS2_PX4_Offboard_Example/px4_offboard) by extension 'ignore_ament_install'
[0.356s] [34mcolcon.colcon_core.package_identification[0m [1;30mLevel 1[0m _identify(src/ROS2_PX4_Offboard_Example/px4_offboard) by extensions ['colcon_pkg']
[0.356s] [34mcolcon.colcon_core.package_identification[0m [1;30mLevel 1[0m _identify(src/ROS2_PX4_Offboard_Example/px4_offboard) by extension 'colcon_pkg'
[0.356s] [34mcolcon.colcon_core.package_identification[0m [1;30mLevel 1[0m _identify(src/ROS2_PX4_Offboard_Example/px4_offboard) by extensions ['colcon_meta']
[0.356s] [34mcolcon.colcon_core.package_identification[0m [1;30mLevel 1[0m _identify(src/ROS2_PX4_Offboard_Example/px4_offboard) by extension 'colcon_meta'
[0.357s] [34mcolcon.colcon_core.package_identification[0m [1;30mLevel 1[0m _identify(src/ROS2_PX4_Offboard_Example/px4_offboard) by extensions ['ros']
[0.357s] [34mcolcon.colcon_core.package_identification[0m [1;30mLevel 1[0m _identify(src/ROS2_PX4_Offboard_Example/px4_offboard) by extension 'ros'
[0.360s] [34mcolcon.colcon_core.package_identification[0m [1;30mDEBUG[0m [32mPackage 'src/ROS2_PX4_Offboard_Example/px4_offboard' with type 'ros.ament_python' and name 'px4_offboard'[0m
[0.360s] [34mcolcon.colcon_core.package_identification[0m [1;30mLevel 1[0m _identify(src/image_processing) by extensions ['ignore', 'ignore_ament_install']
[0.360s] [34mcolcon.colcon_core.package_identification[0m [1;30mLevel 1[0m _identify(src/image_processing) by extension 'ignore'
[0.360s] [34mcolcon.colcon_core.package_identification[0m [1;30mLevel 1[0m _identify(src/image_processing) by extension 'ignore_ament_install'
[0.360s] [34mcolcon.colcon_core.package_identification[0m [1;30mLevel 1[0m _identify(src/image_processing) by extensions ['colcon_pkg']
[0.360s] [34mcolcon.colcon_core.package_identification[0m [1;30mLevel 1[0m _identify(src/image_processing) by extension 'colcon_pkg'
[0.360s] [34mcolcon.colcon_core.package_identification[0m [1;30mLevel 1[0m _identify(src/image_processing) by extensions ['colcon_meta']
[0.360s] [34mcolcon.colcon_core.package_identification[0m [1;30mLevel 1[0m _identify(src/image_processing) by extension 'colcon_meta'
[0.360s] [34mcolcon.colcon_core.package_identification[0m [1;30mLevel 1[0m _identify(src/image_processing) by extensions ['ros']
[0.360s] [34mcolcon.colcon_core.package_identification[0m [1;30mLevel 1[0m _identify(src/image_processing) by extension 'ros'
[0.361s] [34mcolcon.colcon_core.package_identification[0m [1;30mDEBUG[0m [32mPackage 'src/image_processing' with type 'ros.ament_python' and name 'image_processing'[0m
[0.361s] [34mcolcon.colcon_core.package_identification[0m [1;30mLevel 1[0m _identify(src/image_processing_msgs) by extensions ['ignore', 'ignore_ament_install']
[0.361s] [34mcolcon.colcon_core.package_identification[0m [1;30mLevel 1[0m _identify(src/image_processing_msgs) by extension 'ignore'
[0.361s] [34mcolcon.colcon_core.package_identification[0m [1;30mLevel 1[0m _identify(src/image_processing_msgs) by extension 'ignore_ament_install'
[0.361s] [34mcolcon.colcon_core.package_identification[0m [1;30mLevel 1[0m _identify(src/image_processing_msgs) by extensions ['colcon_pkg']
[0.361s] [34mcolcon.colcon_core.package_identification[0m [1;30mLevel 1[0m _identify(src/image_processing_msgs) by extension 'colcon_pkg'
[0.361s] [34mcolcon.colcon_core.package_identification[0m [1;30mLevel 1[0m _identify(src/image_processing_msgs) by extensions ['colcon_meta']
[0.361s] [34mcolcon.colcon_core.package_identification[0m [1;30mLevel 1[0m _identify(src/image_processing_msgs) by extension 'colcon_meta'
[0.362s] [34mcolcon.colcon_core.package_identification[0m [1;30mLevel 1[0m _identify(src/image_processing_msgs) by extensions ['ros']
[0.362s] [34mcolcon.colcon_core.package_identification[0m [1;30mLevel 1[0m _identify(src/image_processing_msgs) by extension 'ros'
[0.362s] [34mcolcon.colcon_core.package_identification[0m [1;30mDEBUG[0m [32mPackage 'src/image_processing_msgs' with type 'ros.ament_cmake' and name 'image_processing_msgs'[0m
[0.362s] [34mcolcon.colcon_core.package_identification[0m [1;30mLevel 1[0m _identify(src/px4_msgs) by extensions ['ignore', 'ignore_ament_install']
[0.362s] [34mcolcon.colcon_core.package_identification[0m [1;30mLevel 1[0m _identify(src/px4_msgs) by extension 'ignore'
[0.362s] [34mcolcon.colcon_core.package_identification[0m [1;30mLevel 1[0m _identify(src/px4_msgs) by extension 'ignore_ament_install'
[0.362s] [34mcolcon.colcon_core.package_identification[0m [1;30mLevel 1[0m _identify(src/px4_msgs) by extensions ['colcon_pkg']
[0.362s] [34mcolcon.colcon_core.package_identification[0m [1;30mLevel 1[0m _identify(src/px4_msgs) by extension 'colcon_pkg'
[0.362s] [34mcolcon.colcon_core.package_identification[0m [1;30mLevel 1[0m _identify(src/px4_msgs) by extensions ['colcon_meta']
[0.363s] [34mcolcon.colcon_core.package_identification[0m [1;30mLevel 1[0m _identify(src/px4_msgs) by extension 'colcon_meta'
[0.363s] [34mcolcon.colcon_core.package_identification[0m [1;30mLevel 1[0m _identify(src/px4_msgs) by extensions ['ros']
[0.363s] [34mcolcon.colcon_core.package_identification[0m [1;30mLevel 1[0m _identify(src/px4_msgs) by extension 'ros'
[0.363s] [34mcolcon.colcon_core.package_identification[0m [1;30mDEBUG[0m [32mPackage 'src/px4_msgs' with type 'ros.ament_cmake' and name 'px4_msgs'[0m
[0.363s] [34mcolcon.colcon_core.package_discovery[0m [1;30mLevel 1[0m discover_packages(recursive) using defaults
[0.364s] [34mcolcon.colcon_core.package_discovery[0m [1;30mLevel 1[0m discover_packages(ignore) discover
[0.364s] [34mcolcon.colcon_core.package_discovery[0m [1;30mLevel 1[0m discover_packages(ignore) using defaults
[0.364s] [34mcolcon.colcon_core.package_discovery[0m [1;30mLevel 1[0m discover_packages(path) discover
[0.364s] [34mcolcon.colcon_core.package_discovery[0m [1;30mLevel 1[0m discover_packages(path) using defaults
[0.383s] [34mcolcon.colcon_core.package_discovery[0m [1;30mLevel 1[0m discover_packages(prefix_path) check parameters
[0.383s] [34mcolcon.colcon_core.package_discovery[0m [1;30mLevel 1[0m discover_packages(prefix_path) discover
[0.385s] [34mcolcon.colcon_installed_package_information.package_discovery[0m [1;30mDEBUG[0m [32mFound 4 installed packages in /home/cjabrantes/ros2_px4_offboard_example_ws/install[0m
[0.387s] [34mcolcon.colcon_installed_package_information.package_discovery[0m [1;30mDEBUG[0m [32mFound 278 installed packages in /opt/ros/humble[0m
[0.419s] [34mcolcon.colcon_core.package_discovery[0m [1;30mLevel 1[0m discover_packages(prefix_path) using defaults
[0.464s] [34mcolcon.colcon_core.verb[0m [1;30mLevel 5[0m set package 'image_processing_msgs' build argument 'cmake_args' from command line to 'None'
[0.464s] [34mcolcon.colcon_core.verb[0m [1;30mLevel 5[0m set package 'image_processing_msgs' build argument 'cmake_target' from command line to 'None'
[0.464s] [34mcolcon.colcon_core.verb[0m [1;30mLevel 5[0m set package 'image_processing_msgs' build argument 'cmake_target_skip_unavailable' from command line to 'False'
[0.464s] [34mcolcon.colcon_core.verb[0m [1;30mLevel 5[0m set package 'image_processing_msgs' build argument 'cmake_clean_cache' from command line to 'False'
[0.464s] [34mcolcon.colcon_core.verb[0m [1;30mLevel 5[0m set package 'image_processing_msgs' build argument 'cmake_clean_first' from command line to 'False'
[0.464s] [34mcolcon.colcon_core.verb[0m [1;30mLevel 5[0m set package 'image_processing_msgs' build argument 'cmake_force_configure' from command line to 'False'
[0.464s] [34mcolcon.colcon_core.verb[0m [1;30mLevel 5[0m set package 'image_processing_msgs' build argument 'ament_cmake_args' from command line to 'None'
[0.465s] [34mcolcon.colcon_core.verb[0m [1;30mLevel 5[0m set package 'image_processing_msgs' build argument 'catkin_cmake_args' from command line to 'None'
[0.465s] [34mcolcon.colcon_core.verb[0m [1;30mLevel 5[0m set package 'image_processing_msgs' build argument 'catkin_skip_building_tests' from command line to 'False'
[0.465s] [34mcolcon.colcon_core.verb[0m [1;30mDEBUG[0m [32mBuilding package 'image_processing_msgs' with the following arguments: {'ament_cmake_args': None, 'build_base': '/home/cjabrantes/ros2_px4_offboard_example_ws/build/image_processing_msgs', 'catkin_cmake_args': None, 'catkin_skip_building_tests': False, 'cmake_args': None, 'cmake_clean_cache': False, 'cmake_clean_first': False, 'cmake_force_configure': False, 'cmake_target': None, 'cmake_target_skip_unavailable': False, 'install_base': '/home/cjabrantes/ros2_px4_offboard_example_ws/install/image_processing_msgs', 'merge_install': False, 'path': '/home/cjabrantes/ros2_px4_offboard_example_ws/src/image_processing_msgs', 'symlink_install': False, 'test_result_base': None}[0m
[0.465s] [34mcolcon.colcon_core.verb[0m [1;30mLevel 5[0m set package 'px4_msgs' build argument 'cmake_args' from command line to 'None'
[0.465s] [34mcolcon.colcon_core.verb[0m [1;30mLevel 5[0m set package 'px4_msgs' build argument 'cmake_target' from command line to 'None'
[0.465s] [34mcolcon.colcon_core.verb[0m [1;30mLevel 5[0m set package 'px4_msgs' build argument 'cmake_target_skip_unavailable' from command line to 'False'
[0.465s] [34mcolcon.colcon_core.verb[0m [1;30mLevel 5[0m set package 'px4_msgs' build argument 'cmake_clean_cache' from command line to 'False'
[0.465s] [34mcolcon.colcon_core.verb[0m [1;30mLevel 5[0m set package 'px4_msgs' build argument 'cmake_clean_first' from command line to 'False'
[0.465s] [34mcolcon.colcon_core.verb[0m [1;30mLevel 5[0m set package 'px4_msgs' build argument 'cmake_force_configure' from command line to 'False'
[0.465s] [34mcolcon.colcon_core.verb[0m [1;30mLevel 5[0m set package 'px4_msgs' build argument 'ament_cmake_args' from command line to 'None'
[0.465s] [34mcolcon.colcon_core.verb[0m [1;30mLevel 5[0m set package 'px4_msgs' build argument 'catkin_cmake_args' from command line to 'None'
[0.465s] [34mcolcon.colcon_core.verb[0m [1;30mLevel 5[0m set package 'px4_msgs' build argument 'catkin_skip_building_tests' from command line to 'False'
[0.465s] [34mcolcon.colcon_core.verb[0m [1;30mDEBUG[0m [32mBuilding package 'px4_msgs' with the following arguments: {'ament_cmake_args': None, 'build_base': '/home/cjabrantes/ros2_px4_offboard_example_ws/build/px4_msgs', 'catkin_cmake_args': None, 'catkin_skip_building_tests': False, 'cmake_args': None, 'cmake_clean_cache': False, 'cmake_clean_first': False, 'cmake_force_configure': False, 'cmake_target': None, 'cmake_target_skip_unavailable': False, 'install_base': '/home/cjabrantes/ros2_px4_offboard_example_ws/install/px4_msgs', 'merge_install': False, 'path': '/home/cjabrantes/ros2_px4_offboard_example_ws/src/px4_msgs', 'symlink_install': False, 'test_result_base': None}[0m
[0.466s] [34mcolcon.colcon_core.verb[0m [1;30mLevel 5[0m set package 'image_processing' build argument 'cmake_args' from command line to 'None'
[0.466s] [34mcolcon.colcon_core.verb[0m [1;30mLevel 5[0m set package 'image_processing' build argument 'cmake_target' from command line to 'None'
[0.466s] [34mcolcon.colcon_core.verb[0m [1;30mLevel 5[0m set package 'image_processing' build argument 'cmake_target_skip_unavailable' from command line to 'False'
[0.466s] [34mcolcon.colcon_core.verb[0m [1;30mLevel 5[0m set package 'image_processing' build argument 'cmake_clean_cache' from command line to 'False'
[0.466s] [34mcolcon.colcon_core.verb[0m [1;30mLevel 5[0m set package 'image_processing' build argument 'cmake_clean_first' from command line to 'False'
[0.466s] [34mcolcon.colcon_core.verb[0m [1;30mLevel 5[0m set package 'image_processing' build argument 'cmake_force_configure' from command line to 'False'
[0.466s] [34mcolcon.colcon_core.verb[0m [1;30mLevel 5[0m set package 'image_processing' build argument 'ament_cmake_args' from command line to 'None'
[0.466s] [34mcolcon.colcon_core.verb[0m [1;30mLevel 5[0m set package 'image_processing' build argument 'catkin_cmake_args' from command line to 'None'
[0.466s] [34mcolcon.colcon_core.verb[0m [1;30mLevel 5[0m set package 'image_processing' build argument 'catkin_skip_building_tests' from command line to 'False'
[0.466s] [34mcolcon.colcon_core.verb[0m [1;30mDEBUG[0m [32mBuilding package 'image_processing' with the following arguments: {'ament_cmake_args': None, 'build_base': '/home/cjabrantes/ros2_px4_offboard_example_ws/build/image_processing', 'catkin_cmake_args': None, 'catkin_skip_building_tests': False, 'cmake_args': None, 'cmake_clean_cache': False, 'cmake_clean_first': False, 'cmake_force_configure': False, 'cmake_target': None, 'cmake_target_skip_unavailable': False, 'install_base': '/home/cjabrantes/ros2_px4_offboard_example_ws/install/image_processing', 'merge_install': False, 'path': '/home/cjabrantes/ros2_px4_offboard_example_ws/src/image_processing', 'symlink_install': False, 'test_result_base': None}[0m
[0.466s] [34mcolcon.colcon_core.verb[0m [1;30mLevel 5[0m set package 'px4_offboard' build argument 'cmake_args' from command line to 'None'
[0.466s] [34mcolcon.colcon_core.verb[0m [1;30mLevel 5[0m set package 'px4_offboard' build argument 'cmake_target' from command line to 'None'
[0.466s] [34mcolcon.colcon_core.verb[0m [1;30mLevel 5[0m set package 'px4_offboard' build argument 'cmake_target_skip_unavailable' from command line to 'False'
[0.466s] [34mcolcon.colcon_core.verb[0m [1;30mLevel 5[0m set package 'px4_offboard' build argument 'cmake_clean_cache' from command line to 'False'
[0.466s] [34mcolcon.colcon_core.verb[0m [1;30mLevel 5[0m set package 'px4_offboard' build argument 'cmake_clean_first' from command line to 'False'
[0.466s] [34mcolcon.colcon_core.verb[0m [1;30mLevel 5[0m set package 'px4_offboard' build argument 'cmake_force_configure' from command line to 'False'
[0.466s] [34mcolcon.colcon_core.verb[0m [1;30mLevel 5[0m set package 'px4_offboard' build argument 'ament_cmake_args' from command line to 'None'
[0.466s] [34mcolcon.colcon_core.verb[0m [1;30mLevel 5[0m set package 'px4_offboard' build argument 'catkin_cmake_args' from command line to 'None'
[0.466s] [34mcolcon.colcon_core.verb[0m [1;30mLevel 5[0m set package 'px4_offboard' build argument 'catkin_skip_building_tests' from command line to 'False'
[0.466s] [34mcolcon.colcon_core.verb[0m [1;30mDEBUG[0m [32mBuilding package 'px4_offboard' with the following arguments: {'ament_cmake_args': None, 'build_base': '/home/cjabrantes/ros2_px4_offboard_example_ws/build/px4_offboard', 'catkin_cmake_args': None, 'catkin_skip_building_tests': False, 'cmake_args': None, 'cmake_clean_cache': False, 'cmake_clean_first': False, 'cmake_force_configure': False, 'cmake_target': None, 'cmake_target_skip_unavailable': False, 'install_base': '/home/cjabrantes/ros2_px4_offboard_example_ws/install/px4_offboard', 'merge_install': False, 'path': '/home/cjabrantes/ros2_px4_offboard_example_ws/src/ROS2_PX4_Offboard_Example/px4_offboard', 'symlink_install': False, 'test_result_base': None}[0m
[0.467s] [34mcolcon.colcon_core.executor[0m [1;30mINFO[0m Executing jobs using 'parallel' executor
[0.468s] [34mcolcon.colcon_parallel_executor.executor.parallel[0m [1;30mDEBUG[0m [32mrun_until_complete[0m
[0.469s] [34mcolcon.colcon_ros.task.ament_cmake.build[0m [1;30mINFO[0m Building ROS package in '/home/cjabrantes/ros2_px4_offboard_example_ws/src/image_processing_msgs' with build type 'ament_cmake'
[0.469s] [34mcolcon.colcon_cmake.task.cmake.build[0m [1;30mINFO[0m Building CMake package in '/home/cjabrantes/ros2_px4_offboard_example_ws/src/image_processing_msgs'
[0.472s] [34mcolcon.colcon_core.plugin_system[0m [1;30mINFO[0m Skipping extension 'colcon_core.shell.bat': Not used on non-Windows systems
[0.472s] [34mcolcon.colcon_core.shell[0m [1;30mINFO[0m Skip shell extension 'powershell' for command environment: Not usable outside of PowerShell
[0.472s] [34mcolcon.colcon_core.shell[0m [1;30mDEBUG[0m [32mSkip shell extension 'dsv' for command environment[0m
[0.477s] [34mcolcon.colcon_ros.task.ament_cmake.build[0m [1;30mINFO[0m Building ROS package in '/home/cjabrantes/ros2_px4_offboard_example_ws/src/px4_msgs' with build type 'ament_cmake'
[0.478s] [34mcolcon.colcon_cmake.task.cmake.build[0m [1;30mINFO[0m Building CMake package in '/home/cjabrantes/ros2_px4_offboard_example_ws/src/px4_msgs'
[0.478s] [34mcolcon.colcon_core.shell[0m [1;30mINFO[0m Skip shell extension 'powershell' for command environment: Not usable outside of PowerShell
[0.478s] [34mcolcon.colcon_core.shell[0m [1;30mDEBUG[0m [32mSkip shell extension 'dsv' for command environment[0m
[0.488s] [34mcolcon.colcon_core.event_handler.log_command[0m [1;30mDEBUG[0m [32mInvoking command in '/home/cjabrantes/ros2_px4_offboard_example_ws/build/image_processing_msgs': CMAKE_PREFIX_PATH=${CMAKE_PREFIX_PATH}:/home/cjabrantes/ros2_px4_offboard_example_ws/install/px4_offboard:/home/cjabrantes/ros2_px4_offboard_example_ws/install/image_processing:/opt/ros/humble /usr/bin/cmake --build /home/cjabrantes/ros2_px4_offboard_example_ws/build/image_processing_msgs -- -j12 -l12[0m
[0.491s] [34mcolcon.colcon_core.event_handler.log_command[0m [1;30mDEBUG[0m [32mInvoking command in '/home/cjabrantes/ros2_px4_offboard_example_ws/build/px4_msgs': CMAKE_PREFIX_PATH=${CMAKE_PREFIX_PATH}:/home/cjabrantes/ros2_px4_offboard_example_ws/install/px4_offboard:/home/cjabrantes/ros2_px4_offboard_example_ws/install/image_processing:/opt/ros/humble /usr/bin/cmake --build /home/cjabrantes/ros2_px4_offboard_example_ws/build/px4_msgs -- -j12 -l12[0m
[1.520s] [34mcolcon.colcon_core.event_handler.log_command[0m [1;30mDEBUG[0m [32mInvoked command in '/home/cjabrantes/ros2_px4_offboard_example_ws/build/image_processing_msgs' returned '0': CMAKE_PREFIX_PATH=${CMAKE_PREFIX_PATH}:/home/cjabrantes/ros2_px4_offboard_example_ws/install/px4_offboard:/home/cjabrantes/ros2_px4_offboard_example_ws/install/image_processing:/opt/ros/humble /usr/bin/cmake --build /home/cjabrantes/ros2_px4_offboard_example_ws/build/image_processing_msgs -- -j12 -l12[0m
[1.541s] [34mcolcon.colcon_core.event_handler.log_command[0m [1;30mDEBUG[0m [32mInvoking command in '/home/cjabrantes/ros2_px4_offboard_example_ws/build/image_processing_msgs': CMAKE_PREFIX_PATH=${CMAKE_PREFIX_PATH}:/home/cjabrantes/ros2_px4_offboard_example_ws/install/px4_offboard:/home/cjabrantes/ros2_px4_offboard_example_ws/install/image_processing:/opt/ros/humble /usr/bin/cmake --install /home/cjabrantes/ros2_px4_offboard_example_ws/build/image_processing_msgs[0m
[1.686s] [34mcolcon.colcon_core.environment[0m [1;30mLevel 1[0m create_environment_scripts_only(image_processing_msgs)
[1.691s] [34mcolcon.colcon_core.environment[0m [1;30mLevel 1[0m checking '/home/cjabrantes/ros2_px4_offboard_example_ws/install/image_processing_msgs' for CMake module files
[1.692s] [34mcolcon.colcon_core.event_handler.log_command[0m [1;30mDEBUG[0m [32mInvoked command in '/home/cjabrantes/ros2_px4_offboard_example_ws/build/image_processing_msgs' returned '0': CMAKE_PREFIX_PATH=${CMAKE_PREFIX_PATH}:/home/cjabrantes/ros2_px4_offboard_example_ws/install/px4_offboard:/home/cjabrantes/ros2_px4_offboard_example_ws/install/image_processing:/opt/ros/humble /usr/bin/cmake --install /home/cjabrantes/ros2_px4_offboard_example_ws/build/image_processing_msgs[0m
[1.693s] [34mcolcon.colcon_core.environment[0m [1;30mLevel 1[0m checking '/home/cjabrantes/ros2_px4_offboard_example_ws/install/image_processing_msgs' for CMake config files
[1.694s] [34mcolcon.colcon_core.shell[0m [1;30mLevel 1[0m create_environment_hook('image_processing_msgs', 'cmake_prefix_path')
[1.694s] [34mcolcon.colcon_core.shell[0m [1;30mINFO[0m Creating environment hook '/home/cjabrantes/ros2_px4_offboard_example_ws/install/image_processing_msgs/share/image_processing_msgs/hook/cmake_prefix_path.ps1'
[1.695s] [34mcolcon.colcon_core.shell[0m [1;30mINFO[0m Creating environment descriptor '/home/cjabrantes/ros2_px4_offboard_example_ws/install/image_processing_msgs/share/image_processing_msgs/hook/cmake_prefix_path.dsv'
[1.696s] [34mcolcon.colcon_core.shell[0m [1;30mINFO[0m Creating environment hook '/home/cjabrantes/ros2_px4_offboard_example_ws/install/image_processing_msgs/share/image_processing_msgs/hook/cmake_prefix_path.sh'
[1.698s] [34mcolcon.colcon_core.environment[0m [1;30mLevel 1[0m checking '/home/cjabrantes/ros2_px4_offboard_example_ws/install/image_processing_msgs/lib'
[1.698s] [34mcolcon.colcon_core.shell[0m [1;30mLevel 1[0m create_environment_hook('image_processing_msgs', 'ld_library_path_lib')
[1.698s] [34mcolcon.colcon_core.shell[0m [1;30mINFO[0m Creating environment hook '/home/cjabrantes/ros2_px4_offboard_example_ws/install/image_processing_msgs/share/image_processing_msgs/hook/ld_library_path_lib.ps1'
[1.699s] [34mcolcon.colcon_core.shell[0m [1;30mINFO[0m Creating environment descriptor '/home/cjabrantes/ros2_px4_offboard_example_ws/install/image_processing_msgs/share/image_processing_msgs/hook/ld_library_path_lib.dsv'
[1.700s] [34mcolcon.colcon_core.shell[0m [1;30mINFO[0m Creating environment hook '/home/cjabrantes/ros2_px4_offboard_example_ws/install/image_processing_msgs/share/image_processing_msgs/hook/ld_library_path_lib.sh'
[1.700s] [34mcolcon.colcon_core.environment[0m [1;30mLevel 1[0m checking '/home/cjabrantes/ros2_px4_offboard_example_ws/install/image_processing_msgs/bin'
[1.700s] [34mcolcon.colcon_core.environment[0m [1;30mLevel 1[0m checking '/home/cjabrantes/ros2_px4_offboard_example_ws/install/image_processing_msgs/lib/pkgconfig/image_processing_msgs.pc'
[1.701s] [34mcolcon.colcon_core.environment[0m [1;30mLevel 1[0m checking '/home/cjabrantes/ros2_px4_offboard_example_ws/install/image_processing_msgs/lib/python3.10/site-packages'
[1.701s] [34mcolcon.colcon_core.environment[0m [1;30mLevel 1[0m checking '/home/cjabrantes/ros2_px4_offboard_example_ws/install/image_processing_msgs/bin'
[1.701s] [34mcolcon.colcon_core.shell[0m [1;30mINFO[0m Creating package script '/home/cjabrantes/ros2_px4_offboard_example_ws/install/image_processing_msgs/share/image_processing_msgs/package.ps1'
[1.702s] [34mcolcon.colcon_core.shell[0m [1;30mINFO[0m Creating package descriptor '/home/cjabrantes/ros2_px4_offboard_example_ws/install/image_processing_msgs/share/image_processing_msgs/package.dsv'
[1.703s] [34mcolcon.colcon_core.shell[0m [1;30mINFO[0m Creating package script '/home/cjabrantes/ros2_px4_offboard_example_ws/install/image_processing_msgs/share/image_processing_msgs/package.sh'
[1.704s] [34mcolcon.colcon_core.shell[0m [1;30mINFO[0m Creating package script '/home/cjabrantes/ros2_px4_offboard_example_ws/install/image_processing_msgs/share/image_processing_msgs/package.bash'
[1.705s] [34mcolcon.colcon_core.shell[0m [1;30mINFO[0m Creating package script '/home/cjabrantes/ros2_px4_offboard_example_ws/install/image_processing_msgs/share/image_processing_msgs/package.zsh'
[1.707s] [34mcolcon.colcon_core.environment[0m [1;30mLevel 1[0m create_file_with_runtime_dependencies(/home/cjabrantes/ros2_px4_offboard_example_ws/install/image_processing_msgs/share/colcon-core/packages/image_processing_msgs)
[1.708s] [34mcolcon.colcon_core.environment[0m [1;30mLevel 1[0m create_environment_scripts_only(image_processing_msgs)
[1.708s] [34mcolcon.colcon_core.environment[0m [1;30mLevel 1[0m checking '/home/cjabrantes/ros2_px4_offboard_example_ws/install/image_processing_msgs' for CMake module files
[1.709s] [34mcolcon.colcon_core.environment[0m [1;30mLevel 1[0m checking '/home/cjabrantes/ros2_px4_offboard_example_ws/install/image_processing_msgs' for CMake config files
[1.714s] [34mcolcon.colcon_core.shell[0m [1;30mLevel 1[0m create_environment_hook('image_processing_msgs', 'cmake_prefix_path')
[1.715s] [34mcolcon.colcon_core.shell[0m [1;30mINFO[0m Creating environment hook '/home/cjabrantes/ros2_px4_offboard_example_ws/install/image_processing_msgs/share/image_processing_msgs/hook/cmake_prefix_path.ps1'
[1.717s] [34mcolcon.colcon_core.shell[0m [1;30mINFO[0m Creating environment descriptor '/home/cjabrantes/ros2_px4_offboard_example_ws/install/image_processing_msgs/share/image_processing_msgs/hook/cmake_prefix_path.dsv'
[1.718s] [34mcolcon.colcon_core.shell[0m [1;30mINFO[0m Creating environment hook '/home/cjabrantes/ros2_px4_offboard_example_ws/install/image_processing_msgs/share/image_processing_msgs/hook/cmake_prefix_path.sh'
[1.718s] [34mcolcon.colcon_core.environment[0m [1;30mLevel 1[0m checking '/home/cjabrantes/ros2_px4_offboard_example_ws/install/image_processing_msgs/lib'
[1.719s] [34mcolcon.colcon_core.shell[0m [1;30mLevel 1[0m create_environment_hook('image_processing_msgs', 'ld_library_path_lib')
[1.719s] [34mcolcon.colcon_core.shell[0m [1;30mINFO[0m Creating environment hook '/home/cjabrantes/ros2_px4_offboard_example_ws/install/image_processing_msgs/share/image_processing_msgs/hook/ld_library_path_lib.ps1'
[1.720s] [34mcolcon.colcon_core.shell[0m [1;30mINFO[0m Creating environment descriptor '/home/cjabrantes/ros2_px4_offboard_example_ws/install/image_processing_msgs/share/image_processing_msgs/hook/ld_library_path_lib.dsv'
[1.722s] [34mcolcon.colcon_core.shell[0m [1;30mINFO[0m Creating environment hook '/home/cjabrantes/ros2_px4_offboard_example_ws/install/image_processing_msgs/share/image_processing_msgs/hook/ld_library_path_lib.sh'
[1.723s] [34mcolcon.colcon_core.environment[0m [1;30mLevel 1[0m checking '/home/cjabrantes/ros2_px4_offboard_example_ws/install/image_processing_msgs/bin'
[1.724s] [34mcolcon.colcon_core.environment[0m [1;30mLevel 1[0m checking '/home/cjabrantes/ros2_px4_offboard_example_ws/install/image_processing_msgs/lib/pkgconfig/image_processing_msgs.pc'
[1.725s] [34mcolcon.colcon_core.environment[0m [1;30mLevel 1[0m checking '/home/cjabrantes/ros2_px4_offboard_example_ws/install/image_processing_msgs/lib/python3.10/site-packages'
[1.725s] [34mcolcon.colcon_core.environment[0m [1;30mLevel 1[0m checking '/home/cjabrantes/ros2_px4_offboard_example_ws/install/image_processing_msgs/bin'
[1.726s] [34mcolcon.colcon_core.shell[0m [1;30mINFO[0m Creating package script '/home/cjabrantes/ros2_px4_offboard_example_ws/install/image_processing_msgs/share/image_processing_msgs/package.ps1'
[1.728s] [34mcolcon.colcon_core.shell[0m [1;30mINFO[0m Creating package descriptor '/home/cjabrantes/ros2_px4_offboard_example_ws/install/image_processing_msgs/share/image_processing_msgs/package.dsv'
[1.731s] [34mcolcon.colcon_core.shell[0m [1;30mINFO[0m Creating package script '/home/cjabrantes/ros2_px4_offboard_example_ws/install/image_processing_msgs/share/image_processing_msgs/package.sh'
[1.733s] [34mcolcon.colcon_core.shell[0m [1;30mINFO[0m Creating package script '/home/cjabrantes/ros2_px4_offboard_example_ws/install/image_processing_msgs/share/image_processing_msgs/package.bash'
[1.737s] [34mcolcon.colcon_core.shell[0m [1;30mINFO[0m Creating package script '/home/cjabrantes/ros2_px4_offboard_example_ws/install/image_processing_msgs/share/image_processing_msgs/package.zsh'
[1.738s] [34mcolcon.colcon_core.environment[0m [1;30mLevel 1[0m create_file_with_runtime_dependencies(/home/cjabrantes/ros2_px4_offboard_example_ws/install/image_processing_msgs/share/colcon-core/packages/image_processing_msgs)
[1.739s] [34mcolcon.colcon_ros.task.ament_python.build[0m [1;30mINFO[0m Building ROS package in '/home/cjabrantes/ros2_px4_offboard_example_ws/src/image_processing' with build type 'ament_python'
[1.739s] [34mcolcon.colcon_core.shell[0m [1;30mLevel 1[0m create_environment_hook('image_processing', 'ament_prefix_path')
[1.740s] [34mcolcon.colcon_core.shell[0m [1;30mINFO[0m Creating environment hook '/home/cjabrantes/ros2_px4_offboard_example_ws/install/image_processing/share/image_processing/hook/ament_prefix_path.ps1'
[1.741s] [34mcolcon.colcon_core.shell[0m [1;30mINFO[0m Creating environment descriptor '/home/cjabrantes/ros2_px4_offboard_example_ws/install/image_processing/share/image_processing/hook/ament_prefix_path.dsv'
[1.741s] [34mcolcon.colcon_core.shell[0m [1;30mINFO[0m Creating environment hook '/home/cjabrantes/ros2_px4_offboard_example_ws/install/image_processing/share/image_processing/hook/ament_prefix_path.sh'
[1.743s] [34mcolcon.colcon_core.shell[0m [1;30mINFO[0m Skip shell extension 'powershell' for command environment: Not usable outside of PowerShell
[1.743s] [34mcolcon.colcon_core.shell[0m [1;30mDEBUG[0m [32mSkip shell extension 'dsv' for command environment[0m
[2.174s] [34mcolcon.colcon_core.task.python.build[0m [1;30mINFO[0m Building Python package in '/home/cjabrantes/ros2_px4_offboard_example_ws/src/image_processing'
[2.174s] [34mcolcon.colcon_core.shell[0m [1;30mINFO[0m Skip shell extension 'powershell' for command environment: Not usable outside of PowerShell
[2.174s] [34mcolcon.colcon_core.shell[0m [1;30mDEBUG[0m [32mSkip shell extension 'dsv' for command environment[0m
[2.710s] [34mcolcon.colcon_core.event_handler.log_command[0m [1;30mDEBUG[0m [32mInvoking command in '/home/cjabrantes/ros2_px4_offboard_example_ws/src/image_processing': CMAKE_PREFIX_PATH=/home/cjabrantes/ros2_px4_offboard_example_ws/install/image_processing_msgs:/home/cjabrantes/ros2_px4_offboard_example_ws/install/px4_msgs LD_LIBRARY_PATH=/home/cjabrantes/ros2_px4_offboard_example_ws/install/image_processing_msgs/lib:/home/cjabrantes/ros2_px4_offboard_example_ws/install/px4_msgs/lib:/opt/ros/humble/opt/rviz_ogre_vendor/lib:/opt/ros/humble/lib/x86_64-linux-gnu:/opt/ros/humble/lib PYTHONPATH=/home/cjabrantes/ros2_px4_offboard_example_ws/build/image_processing/prefix_override:/home/cjabrantes/.local/lib/python3.10/site-packages/colcon_core/task/python/colcon_distutils_commands:/home/cjabrantes/ros2_px4_offboard_example_ws/install/image_processing/lib/python3.10/site-packages:${PYTHONPATH} /usr/bin/python3 -W ignore:setup.py install is deprecated -W ignore:easy_install command is deprecated setup.py egg_info --egg-base ../../build/image_processing build --build-base /home/cjabrantes/ros2_px4_offboard_example_ws/build/image_processing/build install --record /home/cjabrantes/ros2_px4_offboard_example_ws/build/image_processing/install.log --single-version-externally-managed install_data[0m
[2.967s] [34mcolcon.colcon_core.event_handler.log_command[0m [1;30mDEBUG[0m [32mInvoked command in '/home/cjabrantes/ros2_px4_offboard_example_ws/build/px4_msgs' returned '0': CMAKE_PREFIX_PATH=${CMAKE_PREFIX_PATH}:/home/cjabrantes/ros2_px4_offboard_example_ws/install/px4_offboard:/home/cjabrantes/ros2_px4_offboard_example_ws/install/image_processing:/opt/ros/humble /usr/bin/cmake --build /home/cjabrantes/ros2_px4_offboard_example_ws/build/px4_msgs -- -j12 -l12[0m
[2.968s] [34mcolcon.colcon_core.event_handler.log_command[0m [1;30mDEBUG[0m [32mInvoking command in '/home/cjabrantes/ros2_px4_offboard_example_ws/build/px4_msgs': CMAKE_PREFIX_PATH=${CMAKE_PREFIX_PATH}:/home/cjabrantes/ros2_px4_offboard_example_ws/install/px4_offboard:/home/cjabrantes/ros2_px4_offboard_example_ws/install/image_processing:/opt/ros/humble /usr/bin/cmake --install /home/cjabrantes/ros2_px4_offboard_example_ws/build/px4_msgs[0m
[3.190s] [34mcolcon.colcon_core.environment[0m [1;30mLevel 1[0m checking '/home/cjabrantes/ros2_px4_offboard_example_ws/install/image_processing' for CMake module files
[3.193s] [34mcolcon.colcon_core.environment[0m [1;30mLevel 1[0m checking '/home/cjabrantes/ros2_px4_offboard_example_ws/install/image_processing' for CMake config files
[3.196s] [34mcolcon.colcon_core.environment[0m [1;30mLevel 1[0m checking '/home/cjabrantes/ros2_px4_offboard_example_ws/install/image_processing/lib'
[3.196s] [34mcolcon.colcon_core.environment[0m [1;30mLevel 1[0m checking '/home/cjabrantes/ros2_px4_offboard_example_ws/install/image_processing/bin'
[3.196s] [34mcolcon.colcon_core.environment[0m [1;30mLevel 1[0m checking '/home/cjabrantes/ros2_px4_offboard_example_ws/install/image_processing/lib/pkgconfig/image_processing.pc'
[3.197s] [34mcolcon.colcon_core.environment[0m [1;30mLevel 1[0m checking '/home/cjabrantes/ros2_px4_offboard_example_ws/install/image_processing/lib/python3.10/site-packages'
[3.197s] [34mcolcon.colcon_core.shell[0m [1;30mLevel 1[0m create_environment_hook('image_processing', 'pythonpath')
[3.198s] [34mcolcon.colcon_core.shell[0m [1;30mINFO[0m Creating environment hook '/home/cjabrantes/ros2_px4_offboard_example_ws/install/image_processing/share/image_processing/hook/pythonpath.ps1'
[3.200s] [34mcolcon.colcon_core.event_handler.log_command[0m [1;30mDEBUG[0m [32mInvoked command in '/home/cjabrantes/ros2_px4_offboard_example_ws/src/image_processing' returned '0': CMAKE_PREFIX_PATH=/home/cjabrantes/ros2_px4_offboard_example_ws/install/image_processing_msgs:/home/cjabrantes/ros2_px4_offboard_example_ws/install/px4_msgs LD_LIBRARY_PATH=/home/cjabrantes/ros2_px4_offboard_example_ws/install/image_processing_msgs/lib:/home/cjabrantes/ros2_px4_offboard_example_ws/install/px4_msgs/lib:/opt/ros/humble/opt/rviz_ogre_vendor/lib:/opt/ros/humble/lib/x86_64-linux-gnu:/opt/ros/humble/lib PYTHONPATH=/home/cjabrantes/ros2_px4_offboard_example_ws/build/image_processing/prefix_override:/home/cjabrantes/.local/lib/python3.10/site-packages/colcon_core/task/python/colcon_distutils_commands:/home/cjabrantes/ros2_px4_offboard_example_ws/install/image_processing/lib/python3.10/site-packages:${PYTHONPATH} /usr/bin/python3 -W ignore:setup.py install is deprecated -W ignore:easy_install command is deprecated setup.py egg_info --egg-base ../../build/image_processing build --build-base /home/cjabrantes/ros2_px4_offboard_example_ws/build/image_processing/build install --record /home/cjabrantes/ros2_px4_offboard_example_ws/build/image_processing/install.log --single-version-externally-managed install_data[0m
[3.200s] [34mcolcon.colcon_core.shell[0m [1;30mINFO[0m Creating environment descriptor '/home/cjabrantes/ros2_px4_offboard_example_ws/install/image_processing/share/image_processing/hook/pythonpath.dsv'
[3.204s] [34mcolcon.colcon_core.shell[0m [1;30mINFO[0m Creating environment hook '/home/cjabrantes/ros2_px4_offboard_example_ws/install/image_processing/share/image_processing/hook/pythonpath.sh'
[3.206s] [34mcolcon.colcon_core.environment[0m [1;30mLevel 1[0m checking '/home/cjabrantes/ros2_px4_offboard_example_ws/install/image_processing/bin'
[3.206s] [34mcolcon.colcon_core.environment[0m [1;30mLevel 1[0m create_environment_scripts_only(image_processing)
[3.207s] [34mcolcon.colcon_core.shell[0m [1;30mINFO[0m Creating package script '/home/cjabrantes/ros2_px4_offboard_example_ws/install/image_processing/share/image_processing/package.ps1'
[3.208s] [34mcolcon.colcon_core.shell[0m [1;30mINFO[0m Creating package descriptor '/home/cjabrantes/ros2_px4_offboard_example_ws/install/image_processing/share/image_processing/package.dsv'
[3.209s] [34mcolcon.colcon_core.shell[0m [1;30mINFO[0m Creating package script '/home/cjabrantes/ros2_px4_offboard_example_ws/install/image_processing/share/image_processing/package.sh'
[3.209s] [34mcolcon.colcon_core.shell[0m [1;30mINFO[0m Creating package script '/home/cjabrantes/ros2_px4_offboard_example_ws/install/image_processing/share/image_processing/package.bash'
[3.210s] [34mcolcon.colcon_core.shell[0m [1;30mINFO[0m Creating package script '/home/cjabrantes/ros2_px4_offboard_example_ws/install/image_processing/share/image_processing/package.zsh'
[3.210s] [34mcolcon.colcon_core.environment[0m [1;30mLevel 1[0m create_file_with_runtime_dependencies(/home/cjabrantes/ros2_px4_offboard_example_ws/install/image_processing/share/colcon-core/packages/image_processing)
[3.776s] [34mcolcon.colcon_core.environment[0m [1;30mLevel 1[0m create_environment_scripts_only(px4_msgs)
[3.777s] [34mcolcon.colcon_core.environment[0m [1;30mLevel 1[0m checking '/home/cjabrantes/ros2_px4_offboard_example_ws/install/px4_msgs' for CMake module files
[3.777s] [34mcolcon.colcon_core.event_handler.log_command[0m [1;30mDEBUG[0m [32mInvoked command in '/home/cjabrantes/ros2_px4_offboard_example_ws/build/px4_msgs' returned '0': CMAKE_PREFIX_PATH=${CMAKE_PREFIX_PATH}:/home/cjabrantes/ros2_px4_offboard_example_ws/install/px4_offboard:/home/cjabrantes/ros2_px4_offboard_example_ws/install/image_processing:/opt/ros/humble /usr/bin/cmake --install /home/cjabrantes/ros2_px4_offboard_example_ws/build/px4_msgs[0m
[3.778s] [34mcolcon.colcon_core.environment[0m [1;30mLevel 1[0m checking '/home/cjabrantes/ros2_px4_offboard_example_ws/install/px4_msgs' for CMake config files
[3.806s] [34mcolcon.colcon_core.shell[0m [1;30mLevel 1[0m create_environment_hook('px4_msgs', 'cmake_prefix_path')
[3.806s] [34mcolcon.colcon_core.shell[0m [1;30mINFO[0m Creating environment hook '/home/cjabrantes/ros2_px4_offboard_example_ws/install/px4_msgs/share/px4_msgs/hook/cmake_prefix_path.ps1'
[3.807s] [34mcolcon.colcon_core.shell[0m [1;30mINFO[0m Creating environment descriptor '/home/cjabrantes/ros2_px4_offboard_example_ws/install/px4_msgs/share/px4_msgs/hook/cmake_prefix_path.dsv'
[3.807s] [34mcolcon.colcon_core.shell[0m [1;30mINFO[0m Creating environment hook '/home/cjabrantes/ros2_px4_offboard_example_ws/install/px4_msgs/share/px4_msgs/hook/cmake_prefix_path.sh'
[3.808s] [34mcolcon.colcon_core.environment[0m [1;30mLevel 1[0m checking '/home/cjabrantes/ros2_px4_offboard_example_ws/install/px4_msgs/lib'
[3.808s] [34mcolcon.colcon_core.shell[0m [1;30mLevel 1[0m create_environment_hook('px4_msgs', 'ld_library_path_lib')
[3.808s] [34mcolcon.colcon_core.shell[0m [1;30mINFO[0m Creating environment hook '/home/cjabrantes/ros2_px4_offboard_example_ws/install/px4_msgs/share/px4_msgs/hook/ld_library_path_lib.ps1'
[3.808s] [34mcolcon.colcon_core.shell[0m [1;30mINFO[0m Creating environment descriptor '/home/cjabrantes/ros2_px4_offboard_example_ws/install/px4_msgs/share/px4_msgs/hook/ld_library_path_lib.dsv'
[3.809s] [34mcolcon.colcon_core.shell[0m [1;30mINFO[0m Creating environment hook '/home/cjabrantes/ros2_px4_offboard_example_ws/install/px4_msgs/share/px4_msgs/hook/ld_library_path_lib.sh'
[3.809s] [34mcolcon.colcon_core.environment[0m [1;30mLevel 1[0m checking '/home/cjabrantes/ros2_px4_offboard_example_ws/install/px4_msgs/bin'
[3.809s] [34mcolcon.colcon_core.environment[0m [1;30mLevel 1[0m checking '/home/cjabrantes/ros2_px4_offboard_example_ws/install/px4_msgs/lib/pkgconfig/px4_msgs.pc'
[3.810s] [34mcolcon.colcon_core.environment[0m [1;30mLevel 1[0m checking '/home/cjabrantes/ros2_px4_offboard_example_ws/install/px4_msgs/lib/python3.10/site-packages'
[3.810s] [34mcolcon.colcon_core.environment[0m [1;30mLevel 1[0m checking '/home/cjabrantes/ros2_px4_offboard_example_ws/install/px4_msgs/bin'
[3.810s] [34mcolcon.colcon_core.shell[0m [1;30mINFO[0m Creating package script '/home/cjabrantes/ros2_px4_offboard_example_ws/install/px4_msgs/share/px4_msgs/package.ps1'
[3.811s] [34mcolcon.colcon_core.shell[0m [1;30mINFO[0m Creating package descriptor '/home/cjabrantes/ros2_px4_offboard_example_ws/install/px4_msgs/share/px4_msgs/package.dsv'
[3.812s] [34mcolcon.colcon_core.shell[0m [1;30mINFO[0m Creating package script '/home/cjabrantes/ros2_px4_offboard_example_ws/install/px4_msgs/share/px4_msgs/package.sh'
[3.812s] [34mcolcon.colcon_core.shell[0m [1;30mINFO[0m Creating package script '/home/cjabrantes/ros2_px4_offboard_example_ws/install/px4_msgs/share/px4_msgs/package.bash'
[3.813s] [34mcolcon.colcon_core.shell[0m [1;30mINFO[0m Creating package script '/home/cjabrantes/ros2_px4_offboard_example_ws/install/px4_msgs/share/px4_msgs/package.zsh'
[3.813s] [34mcolcon.colcon_core.environment[0m [1;30mLevel 1[0m create_file_with_runtime_dependencies(/home/cjabrantes/ros2_px4_offboard_example_ws/install/px4_msgs/share/colcon-core/packages/px4_msgs)
[3.814s] [34mcolcon.colcon_core.environment[0m [1;30mLevel 1[0m create_environment_scripts_only(px4_msgs)
[3.814s] [34mcolcon.colcon_core.environment[0m [1;30mLevel 1[0m checking '/home/cjabrantes/ros2_px4_offboard_example_ws/install/px4_msgs' for CMake module files
[3.815s] [34mcolcon.colcon_core.environment[0m [1;30mLevel 1[0m checking '/home/cjabrantes/ros2_px4_offboard_example_ws/install/px4_msgs' for CMake config files
[3.843s] [34mcolcon.colcon_core.shell[0m [1;30mLevel 1[0m create_environment_hook('px4_msgs', 'cmake_prefix_path')
[3.843s] [34mcolcon.colcon_core.shell[0m [1;30mINFO[0m Creating environment hook '/home/cjabrantes/ros2_px4_offboard_example_ws/install/px4_msgs/share/px4_msgs/hook/cmake_prefix_path.ps1'
[3.844s] [34mcolcon.colcon_core.shell[0m [1;30mINFO[0m Creating environment descriptor '/home/cjabrantes/ros2_px4_offboard_example_ws/install/px4_msgs/share/px4_msgs/hook/cmake_prefix_path.dsv'
[3.844s] [34mcolcon.colcon_core.shell[0m [1;30mINFO[0m Creating environment hook '/home/cjabrantes/ros2_px4_offboard_example_ws/install/px4_msgs/share/px4_msgs/hook/cmake_prefix_path.sh'
[3.844s] [34mcolcon.colcon_core.environment[0m [1;30mLevel 1[0m checking '/home/cjabrantes/ros2_px4_offboard_example_ws/install/px4_msgs/lib'
[3.845s] [34mcolcon.colcon_core.shell[0m [1;30mLevel 1[0m create_environment_hook('px4_msgs', 'ld_library_path_lib')
[3.845s] [34mcolcon.colcon_core.shell[0m [1;30mINFO[0m Creating environment hook '/home/cjabrantes/ros2_px4_offboard_example_ws/install/px4_msgs/share/px4_msgs/hook/ld_library_path_lib.ps1'
[3.845s] [34mcolcon.colcon_core.shell[0m [1;30mINFO[0m Creating environment descriptor '/home/cjabrantes/ros2_px4_offboard_example_ws/install/px4_msgs/share/px4_msgs/hook/ld_library_path_lib.dsv'
[3.846s] [34mcolcon.colcon_core.shell[0m [1;30mINFO[0m Creating environment hook '/home/cjabrantes/ros2_px4_offboard_example_ws/install/px4_msgs/share/px4_msgs/hook/ld_library_path_lib.sh'
[3.846s] [34mcolcon.colcon_core.environment[0m [1;30mLevel 1[0m checking '/home/cjabrantes/ros2_px4_offboard_example_ws/install/px4_msgs/bin'
[3.846s] [34mcolcon.colcon_core.environment[0m [1;30mLevel 1[0m checking '/home/cjabrantes/ros2_px4_offboard_example_ws/install/px4_msgs/lib/pkgconfig/px4_msgs.pc'
[3.846s] [34mcolcon.colcon_core.environment[0m [1;30mLevel 1[0m checking '/home/cjabrantes/ros2_px4_offboard_example_ws/install/px4_msgs/lib/python3.10/site-packages'
[3.846s] [34mcolcon.colcon_core.environment[0m [1;30mLevel 1[0m checking '/home/cjabrantes/ros2_px4_offboard_example_ws/install/px4_msgs/bin'
[3.847s] [34mcolcon.colcon_core.shell[0m [1;30mINFO[0m Creating package script '/home/cjabrantes/ros2_px4_offboard_example_ws/install/px4_msgs/share/px4_msgs/package.ps1'
[3.847s] [34mcolcon.colcon_core.shell[0m [1;30mINFO[0m Creating package descriptor '/home/cjabrantes/ros2_px4_offboard_example_ws/install/px4_msgs/share/px4_msgs/package.dsv'
[3.848s] [34mcolcon.colcon_core.shell[0m [1;30mINFO[0m Creating package script '/home/cjabrantes/ros2_px4_offboard_example_ws/install/px4_msgs/share/px4_msgs/package.sh'
[3.848s] [34mcolcon.colcon_core.shell[0m [1;30mINFO[0m Creating package script '/home/cjabrantes/ros2_px4_offboard_example_ws/install/px4_msgs/share/px4_msgs/package.bash'
[3.849s] [34mcolcon.colcon_core.shell[0m [1;30mINFO[0m Creating package script '/home/cjabrantes/ros2_px4_offboard_example_ws/install/px4_msgs/share/px4_msgs/package.zsh'
[3.849s] [34mcolcon.colcon_core.environment[0m [1;30mLevel 1[0m create_file_with_runtime_dependencies(/home/cjabrantes/ros2_px4_offboard_example_ws/install/px4_msgs/share/colcon-core/packages/px4_msgs)
[3.850s] [34mcolcon.colcon_ros.task.ament_python.build[0m [1;30mINFO[0m Building ROS package in '/home/cjabrantes/ros2_px4_offboard_example_ws/src/ROS2_PX4_Offboard_Example/px4_offboard' with build type 'ament_python'
[3.850s] [34mcolcon.colcon_core.shell[0m [1;30mLevel 1[0m create_environment_hook('px4_offboard', 'ament_prefix_path')
[3.850s] [34mcolcon.colcon_core.shell[0m [1;30mINFO[0m Creating environment hook '/home/cjabrantes/ros2_px4_offboard_example_ws/install/px4_offboard/share/px4_offboard/hook/ament_prefix_path.ps1'
[3.850s] [34mcolcon.colcon_core.shell[0m [1;30mINFO[0m Creating environment descriptor '/home/cjabrantes/ros2_px4_offboard_example_ws/install/px4_offboard/share/px4_offboard/hook/ament_prefix_path.dsv'
[3.851s] [34mcolcon.colcon_core.shell[0m [1;30mINFO[0m Creating environment hook '/home/cjabrantes/ros2_px4_offboard_example_ws/install/px4_offboard/share/px4_offboard/hook/ament_prefix_path.sh'
[3.852s] [34mcolcon.colcon_core.shell[0m [1;30mINFO[0m Skip shell extension 'powershell' for command environment: Not usable outside of PowerShell
[3.852s] [34mcolcon.colcon_core.shell[0m [1;30mDEBUG[0m [32mSkip shell extension 'dsv' for command environment[0m
[4.229s] [34mcolcon.colcon_core.task.python.build[0m [1;30mINFO[0m Building Python package in '/home/cjabrantes/ros2_px4_offboard_example_ws/src/ROS2_PX4_Offboard_Example/px4_offboard'
[4.229s] [34mcolcon.colcon_core.shell[0m [1;30mINFO[0m Skip shell extension 'powershell' for command environment: Not usable outside of PowerShell
[4.230s] [34mcolcon.colcon_core.shell[0m [1;30mDEBUG[0m [32mSkip shell extension 'dsv' for command environment[0m
[4.721s] [34mcolcon.colcon_core.event_handler.log_command[0m [1;30mDEBUG[0m [32mInvoking command in '/home/cjabrantes/ros2_px4_offboard_example_ws/src/ROS2_PX4_Offboard_Example/px4_offboard': PYTHONPATH=/home/cjabrantes/ros2_px4_offboard_example_ws/build/px4_offboard/prefix_override:/home/cjabrantes/.local/lib/python3.10/site-packages/colcon_core/task/python/colcon_distutils_commands:/home/cjabrantes/ros2_px4_offboard_example_ws/install/px4_offboard/lib/python3.10/site-packages:${PYTHONPATH} /usr/bin/python3 -W ignore:setup.py install is deprecated -W ignore:easy_install command is deprecated setup.py egg_info --egg-base ../../../build/px4_offboard build --build-base /home/cjabrantes/ros2_px4_offboard_example_ws/build/px4_offboard/build install --record /home/cjabrantes/ros2_px4_offboard_example_ws/build/px4_offboard/install.log --single-version-externally-managed install_data[0m
[5.123s] [34mcolcon.colcon_core.environment[0m [1;30mLevel 1[0m checking '/home/cjabrantes/ros2_px4_offboard_example_ws/install/px4_offboard' for CMake module files
[5.124s] [34mcolcon.colcon_core.event_handler.log_command[0m [1;30mDEBUG[0m [32mInvoked command in '/home/cjabrantes/ros2_px4_offboard_example_ws/src/ROS2_PX4_Offboard_Example/px4_offboard' returned '0': PYTHONPATH=/home/cjabrantes/ros2_px4_offboard_example_ws/build/px4_offboard/prefix_override:/home/cjabrantes/.local/lib/python3.10/site-packages/colcon_core/task/python/colcon_distutils_commands:/home/cjabrantes/ros2_px4_offboard_example_ws/install/px4_offboard/lib/python3.10/site-packages:${PYTHONPATH} /usr/bin/python3 -W ignore:setup.py install is deprecated -W ignore:easy_install command is deprecated setup.py egg_info --egg-base ../../../build/px4_offboard build --build-base /home/cjabrantes/ros2_px4_offboard_example_ws/build/px4_offboard/build install --record /home/cjabrantes/ros2_px4_offboard_example_ws/build/px4_offboard/install.log --single-version-externally-managed install_data[0m
[5.125s] [34mcolcon.colcon_core.environment[0m [1;30mLevel 1[0m checking '/home/cjabrantes/ros2_px4_offboard_example_ws/install/px4_offboard' for CMake config files
[5.126s] [34mcolcon.colcon_core.environment[0m [1;30mLevel 1[0m checking '/home/cjabrantes/ros2_px4_offboard_example_ws/install/px4_offboard/lib'
[5.126s] [34mcolcon.colcon_core.environment[0m [1;30mLevel 1[0m checking '/home/cjabrantes/ros2_px4_offboard_example_ws/install/px4_offboard/bin'
[5.126s] [34mcolcon.colcon_core.environment[0m [1;30mLevel 1[0m checking '/home/cjabrantes/ros2_px4_offboard_example_ws/install/px4_offboard/lib/pkgconfig/px4_offboard.pc'
[5.126s] [34mcolcon.colcon_core.environment[0m [1;30mLevel 1[0m checking '/home/cjabrantes/ros2_px4_offboard_example_ws/install/px4_offboard/lib/python3.10/site-packages'
[5.126s] [34mcolcon.colcon_core.shell[0m [1;30mLevel 1[0m create_environment_hook('px4_offboard', 'pythonpath')
[5.127s] [34mcolcon.colcon_core.shell[0m [1;30mINFO[0m Creating environment hook '/home/cjabrantes/ros2_px4_offboard_example_ws/install/px4_offboard/share/px4_offboard/hook/pythonpath.ps1'
[5.127s] [34mcolcon.colcon_core.shell[0m [1;30mINFO[0m Creating environment descriptor '/home/cjabrantes/ros2_px4_offboard_example_ws/install/px4_offboard/share/px4_offboard/hook/pythonpath.dsv'
[5.128s] [34mcolcon.colcon_core.shell[0m [1;30mINFO[0m Creating environment hook '/home/cjabrantes/ros2_px4_offboard_example_ws/install/px4_offboard/share/px4_offboard/hook/pythonpath.sh'
[5.129s] [34mcolcon.colcon_core.environment[0m [1;30mLevel 1[0m checking '/home/cjabrantes/ros2_px4_offboard_example_ws/install/px4_offboard/bin'
[5.129s] [34mcolcon.colcon_core.environment[0m [1;30mLevel 1[0m create_environment_scripts_only(px4_offboard)
[5.129s] [34mcolcon.colcon_core.shell[0m [1;30mINFO[0m Creating package script '/home/cjabrantes/ros2_px4_offboard_example_ws/install/px4_offboard/share/px4_offboard/package.ps1'
[5.130s] [34mcolcon.colcon_core.shell[0m [1;30mINFO[0m Creating package descriptor '/home/cjabrantes/ros2_px4_offboard_example_ws/install/px4_offboard/share/px4_offboard/package.dsv'
[5.131s] [34mcolcon.colcon_core.shell[0m [1;30mINFO[0m Creating package script '/home/cjabrantes/ros2_px4_offboard_example_ws/install/px4_offboard/share/px4_offboard/package.sh'
[5.132s] [34mcolcon.colcon_core.shell[0m [1;30mINFO[0m Creating package script '/home/cjabrantes/ros2_px4_offboard_example_ws/install/px4_offboard/share/px4_offboard/package.bash'
[5.132s] [34mcolcon.colcon_core.shell[0m [1;30mINFO[0m Creating package script '/home/cjabrantes/ros2_px4_offboard_example_ws/install/px4_offboard/share/px4_offboard/package.zsh'
[5.133s] [34mcolcon.colcon_core.environment[0m [1;30mLevel 1[0m create_file_with_runtime_dependencies(/home/cjabrantes/ros2_px4_offboard_example_ws/install/px4_offboard/share/colcon-core/packages/px4_offboard)
[5.133s] [34mcolcon.colcon_parallel_executor.executor.parallel[0m [1;30mDEBUG[0m [32mclosing loop[0m
[5.133s] [34mcolcon.colcon_parallel_executor.executor.parallel[0m [1;30mDEBUG[0m [32mloop closed[0m
[5.133s] [34mcolcon.colcon_parallel_executor.executor.parallel[0m [1;30mDEBUG[0m [32mrun_until_complete finished with '0'[0m
[5.133s] [34mcolcon.colcon_core.event_reactor[0m [1;30mDEBUG[0m [32mjoining thread[0m
[5.139s] [34mcolcon.colcon_core.plugin_system[0m [1;30mINFO[0m Skipping extension 'colcon_notification.desktop_notification.terminal_notifier': Not used on non-Darwin systems
[5.140s] [34mcolcon.colcon_core.plugin_system[0m [1;30mINFO[0m Skipping extension 'colcon_notification.desktop_notification.win32': Not used on non-Windows systems
[5.140s] [34mcolcon.colcon_notification.desktop_notification[0m [1;30mINFO[0m Sending desktop notification using 'notify2'
[5.157s] [34mcolcon.colcon_core.event_reactor[0m [1;30mDEBUG[0m [32mjoined thread[0m
[5.158s] [34mcolcon.colcon_core.shell[0m [1;30mINFO[0m Creating prefix script '/home/cjabrantes/ros2_px4_offboard_example_ws/install/local_setup.ps1'
[5.159s] [34mcolcon.colcon_core.shell[0m [1;30mINFO[0m Creating prefix util module '/home/cjabrantes/ros2_px4_offboard_example_ws/install/_local_setup_util_ps1.py'
[5.161s] [34mcolcon.colcon_core.shell[0m [1;30mINFO[0m Creating prefix chain script '/home/cjabrantes/ros2_px4_offboard_example_ws/install/setup.ps1'
[5.163s] [34mcolcon.colcon_core.shell[0m [1;30mINFO[0m Creating prefix script '/home/cjabrantes/ros2_px4_offboard_example_ws/install/local_setup.sh'
[5.163s] [34mcolcon.colcon_core.shell[0m [1;30mINFO[0m Creating prefix util module '/home/cjabrantes/ros2_px4_offboard_example_ws/install/_local_setup_util_sh.py'
[5.164s] [34mcolcon.colcon_core.shell[0m [1;30mINFO[0m Creating prefix chain script '/home/cjabrantes/ros2_px4_offboard_example_ws/install/setup.sh'
[5.165s] [34mcolcon.colcon_core.shell[0m [1;30mINFO[0m Creating prefix script '/home/cjabrantes/ros2_px4_offboard_example_ws/install/local_setup.bash'
[5.166s] [34mcolcon.colcon_core.shell[0m [1;30mINFO[0m Creating prefix chain script '/home/cjabrantes/ros2_px4_offboard_example_ws/install/setup.bash'
[5.167s] [34mcolcon.colcon_core.shell[0m [1;30mINFO[0m Creating prefix script '/home/cjabrantes/ros2_px4_offboard_example_ws/install/local_setup.zsh'
[5.167s] [34mcolcon.colcon_core.shell[0m [1;30mINFO[0m Creating prefix chain script '/home/cjabrantes/ros2_px4_offboard_example_ws/install/setup.zsh'
