[0.018s] Invoking command in '/home/cjabrantes/ros2_px4_offboard_example_ws/build/image_processing_msgs': CMAKE_PREFIX_PATH=${CMAKE_PREFIX_PATH}:/home/cjabrantes/ros2_px4_offboard_example_ws/install/px4_offboard:/home/cjabrantes/ros2_px4_offboard_example_ws/install/image_processing:/opt/ros/humble /usr/bin/cmake --build /home/cjabrantes/ros2_px4_offboard_example_ws/build/image_processing_msgs -- -j12 -l12
[0.091s] [  1%] Built target image_processing_msgs__cpp
[0.132s] [  1%] Built target ament_cmake_python_symlink_image_processing_msgs
[0.167s] [ 12%] Built target image_processing_msgs__rosidl_typesupport_introspection_cpp
[0.519s] running egg_info
[0.520s] writing image_processing_msgs.egg-info/PKG-INFO
[0.521s] writing dependency_links to image_processing_msgs.egg-info/dependency_links.txt
[0.521s] writing top-level names to image_processing_msgs.egg-info/top_level.txt
[0.524s] reading manifest file 'image_processing_msgs.egg-info/SOURCES.txt'
[0.526s] writing manifest file 'image_processing_msgs.egg-info/SOURCES.txt'
[0.571s] [ 12%] Built target ament_cmake_python_build_image_processing_msgs_egg
[0.608s] [ 23%] Built target image_processing_msgs__rosidl_typesupport_fastrtps_cpp
[0.642s] [ 34%] Built target image_processing_msgs__rosidl_typesupport_cpp
[0.678s] [ 45%] Built target image_processing_msgs__rosidl_generator_c
[0.719s] [ 56%] Built target image_processing_msgs__rosidl_typesupport_fastrtps_c
[0.755s] [ 67%] Built target image_processing_msgs__rosidl_typesupport_c
[0.789s] [ 78%] Built target image_processing_msgs__rosidl_typesupport_introspection_c
[0.824s] [ 78%] Built target image_processing_msgs
[0.861s] [ 80%] Built target image_processing_msgs__py
[0.899s] [ 89%] Built target image_processing_msgs__rosidl_generator_py
[0.942s] [ 92%] Built target image_processing_msgs__rosidl_typesupport_fastrtps_c__pyext
[0.982s] [ 96%] Built target image_processing_msgs__rosidl_typesupport_c__pyext
[1.023s] [100%] Built target image_processing_msgs__rosidl_typesupport_introspection_c__pyext
[1.050s] Invoked command in '/home/cjabrantes/ros2_px4_offboard_example_ws/build/image_processing_msgs' returned '0': CMAKE_PREFIX_PATH=${CMAKE_PREFIX_PATH}:/home/cjabrantes/ros2_px4_offboard_example_ws/install/px4_offboard:/home/cjabrantes/ros2_px4_offboard_example_ws/install/image_processing:/opt/ros/humble /usr/bin/cmake --build /home/cjabrantes/ros2_px4_offboard_example_ws/build/image_processing_msgs -- -j12 -l12
[1.072s] Invoking command in '/home/cjabrantes/ros2_px4_offboard_example_ws/build/image_processing_msgs': CMAKE_PREFIX_PATH=${CMAKE_PREFIX_PATH}:/home/cjabrantes/ros2_px4_offboard_example_ws/install/px4_offboard:/home/cjabrantes/ros2_px4_offboard_example_ws/install/image_processing:/opt/ros/humble /usr/bin/cmake --install /home/cjabrantes/ros2_px4_offboard_example_ws/build/image_processing_msgs
[1.089s] -- Install configuration: ""
[1.090s] -- Execute custom install script
[1.091s] -- Up-to-date symlink: /home/cjabrantes/ros2_px4_offboard_example_ws/install/image_processing_msgs/share/ament_index/resource_index/rosidl_interfaces/image_processing_msgs
[1.092s] -- Up-to-date symlink: /home/cjabrantes/ros2_px4_offboard_example_ws/install/image_processing_msgs/include/image_processing_msgs/image_processing_msgs/msg/detail/detection__functions.h
[1.092s] -- Up-to-date symlink: /home/cjabrantes/ros2_px4_offboard_example_ws/install/image_processing_msgs/include/image_processing_msgs/image_processing_msgs/msg/detail/detection__struct.h
[1.095s] -- Up-to-date symlink: /home/cjabrantes/ros2_px4_offboard_example_ws/install/image_processing_msgs/include/image_processing_msgs/image_processing_msgs/msg/detail/detection__type_support.h
[1.095s] -- Up-to-date symlink: /home/cjabrantes/ros2_px4_offboard_example_ws/install/image_processing_msgs/include/image_processing_msgs/image_processing_msgs/msg/detail/detection_array__functions.h
[1.096s] -- Up-to-date symlink: /home/cjabrantes/ros2_px4_offboard_example_ws/install/image_processing_msgs/include/image_processing_msgs/image_processing_msgs/msg/detail/detection_array__struct.h
[1.096s] -- Up-to-date symlink: /home/cjabrantes/ros2_px4_offboard_example_ws/install/image_processing_msgs/include/image_processing_msgs/image_processing_msgs/msg/detail/detection_array__type_support.h
[1.096s] -- Up-to-date symlink: /home/cjabrantes/ros2_px4_offboard_example_ws/install/image_processing_msgs/include/image_processing_msgs/image_processing_msgs/msg/detail/prominent_object__functions.h
[1.098s] -- Up-to-date symlink: /home/cjabrantes/ros2_px4_offboard_example_ws/install/image_processing_msgs/include/image_processing_msgs/image_processing_msgs/msg/detail/prominent_object__struct.h
[1.098s] -- Up-to-date symlink: /home/cjabrantes/ros2_px4_offboard_example_ws/install/image_processing_msgs/include/image_processing_msgs/image_processing_msgs/msg/detail/prominent_object__type_support.h
[1.099s] -- Up-to-date symlink: /home/cjabrantes/ros2_px4_offboard_example_ws/install/image_processing_msgs/include/image_processing_msgs/image_processing_msgs/msg/detail/prominent_object_array__functions.h
[1.099s] -- Up-to-date symlink: /home/cjabrantes/ros2_px4_offboard_example_ws/install/image_processing_msgs/include/image_processing_msgs/image_processing_msgs/msg/detail/prominent_object_array__struct.h
[1.099s] -- Up-to-date symlink: /home/cjabrantes/ros2_px4_offboard_example_ws/install/image_processing_msgs/include/image_processing_msgs/image_processing_msgs/msg/detail/prominent_object_array__type_support.h
[1.099s] -- Up-to-date symlink: /home/cjabrantes/ros2_px4_offboard_example_ws/install/image_processing_msgs/include/image_processing_msgs/image_processing_msgs/msg/detection.h
[1.099s] -- Up-to-date symlink: /home/cjabrantes/ros2_px4_offboard_example_ws/install/image_processing_msgs/include/image_processing_msgs/image_processing_msgs/msg/detection_array.h
[1.099s] -- Up-to-date symlink: /home/cjabrantes/ros2_px4_offboard_example_ws/install/image_processing_msgs/include/image_processing_msgs/image_processing_msgs/msg/prominent_object.h
[1.099s] -- Up-to-date symlink: /home/cjabrantes/ros2_px4_offboard_example_ws/install/image_processing_msgs/include/image_processing_msgs/image_processing_msgs/msg/prominent_object_array.h
[1.099s] -- Up-to-date symlink: /home/cjabrantes/ros2_px4_offboard_example_ws/install/image_processing_msgs/include/image_processing_msgs/image_processing_msgs/msg/rosidl_generator_c__visibility_control.h
[1.099s] -- Up-to-date symlink: /home/cjabrantes/ros2_px4_offboard_example_ws/install/image_processing_msgs/share/image_processing_msgs/environment/library_path.sh
[1.100s] -- Up-to-date symlink: /home/cjabrantes/ros2_px4_offboard_example_ws/install/image_processing_msgs/share/image_processing_msgs/environment/library_path.dsv
[1.100s] -- Up-to-date symlink: /home/cjabrantes/ros2_px4_offboard_example_ws/install/image_processing_msgs/include/image_processing_msgs/image_processing_msgs/msg/detail/detection__rosidl_typesupport_fastrtps_c.h
[1.100s] -- Up-to-date symlink: /home/cjabrantes/ros2_px4_offboard_example_ws/install/image_processing_msgs/include/image_processing_msgs/image_processing_msgs/msg/detail/detection_array__rosidl_typesupport_fastrtps_c.h
[1.100s] -- Up-to-date symlink: /home/cjabrantes/ros2_px4_offboard_example_ws/install/image_processing_msgs/include/image_processing_msgs/image_processing_msgs/msg/detail/prominent_object__rosidl_typesupport_fastrtps_c.h
[1.100s] -- Up-to-date symlink: /home/cjabrantes/ros2_px4_offboard_example_ws/install/image_processing_msgs/include/image_processing_msgs/image_processing_msgs/msg/detail/prominent_object_array__rosidl_typesupport_fastrtps_c.h
[1.100s] -- Up-to-date symlink: /home/cjabrantes/ros2_px4_offboard_example_ws/install/image_processing_msgs/include/image_processing_msgs/image_processing_msgs/msg/rosidl_typesupport_fastrtps_c__visibility_control.h
[1.101s] -- Up-to-date symlink: /home/cjabrantes/ros2_px4_offboard_example_ws/install/image_processing_msgs/include/image_processing_msgs/image_processing_msgs/msg/detail/detection__builder.hpp
[1.101s] -- Up-to-date symlink: /home/cjabrantes/ros2_px4_offboard_example_ws/install/image_processing_msgs/include/image_processing_msgs/image_processing_msgs/msg/detail/detection__struct.hpp
[1.105s] -- Up-to-date symlink: /home/cjabrantes/ros2_px4_offboard_example_ws/install/image_processing_msgs/include/image_processing_msgs/image_processing_msgs/msg/detail/detection__traits.hpp
[1.105s] -- Up-to-date symlink: /home/cjabrantes/ros2_px4_offboard_example_ws/install/image_processing_msgs/include/image_processing_msgs/image_processing_msgs/msg/detail/detection__type_support.hpp
[1.105s] -- Up-to-date symlink: /home/cjabrantes/ros2_px4_offboard_example_ws/install/image_processing_msgs/include/image_processing_msgs/image_processing_msgs/msg/detail/detection_array__builder.hpp
[1.106s] -- Up-to-date symlink: /home/cjabrantes/ros2_px4_offboard_example_ws/install/image_processing_msgs/include/image_processing_msgs/image_processing_msgs/msg/detail/detection_array__struct.hpp
[1.106s] -- Up-to-date symlink: /home/cjabrantes/ros2_px4_offboard_example_ws/install/image_processing_msgs/include/image_processing_msgs/image_processing_msgs/msg/detail/detection_array__traits.hpp
[1.106s] -- Up-to-date symlink: /home/cjabrantes/ros2_px4_offboard_example_ws/install/image_processing_msgs/include/image_processing_msgs/image_processing_msgs/msg/detail/detection_array__type_support.hpp
[1.106s] -- Up-to-date symlink: /home/cjabrantes/ros2_px4_offboard_example_ws/install/image_processing_msgs/include/image_processing_msgs/image_processing_msgs/msg/detail/prominent_object__builder.hpp
[1.106s] -- Up-to-date symlink: /home/cjabrantes/ros2_px4_offboard_example_ws/install/image_processing_msgs/include/image_processing_msgs/image_processing_msgs/msg/detail/prominent_object__struct.hpp
[1.106s] -- Up-to-date symlink: /home/cjabrantes/ros2_px4_offboard_example_ws/install/image_processing_msgs/include/image_processing_msgs/image_processing_msgs/msg/detail/prominent_object__traits.hpp
[1.106s] -- Up-to-date symlink: /home/cjabrantes/ros2_px4_offboard_example_ws/install/image_processing_msgs/include/image_processing_msgs/image_processing_msgs/msg/detail/prominent_object__type_support.hpp
[1.106s] -- Up-to-date symlink: /home/cjabrantes/ros2_px4_offboard_example_ws/install/image_processing_msgs/include/image_processing_msgs/image_processing_msgs/msg/detail/prominent_object_array__builder.hpp
[1.106s] -- Up-to-date symlink: /home/cjabrantes/ros2_px4_offboard_example_ws/install/image_processing_msgs/include/image_processing_msgs/image_processing_msgs/msg/detail/prominent_object_array__struct.hpp
[1.106s] -- Up-to-date symlink: /home/cjabrantes/ros2_px4_offboard_example_ws/install/image_processing_msgs/include/image_processing_msgs/image_processing_msgs/msg/detail/prominent_object_array__traits.hpp
[1.106s] -- Up-to-date symlink: /home/cjabrantes/ros2_px4_offboard_example_ws/install/image_processing_msgs/include/image_processing_msgs/image_processing_msgs/msg/detail/prominent_object_array__type_support.hpp
[1.107s] -- Up-to-date symlink: /home/cjabrantes/ros2_px4_offboard_example_ws/install/image_processing_msgs/include/image_processing_msgs/image_processing_msgs/msg/detection.hpp
[1.107s] -- Up-to-date symlink: /home/cjabrantes/ros2_px4_offboard_example_ws/install/image_processing_msgs/include/image_processing_msgs/image_processing_msgs/msg/detection_array.hpp
[1.107s] -- Up-to-date symlink: /home/cjabrantes/ros2_px4_offboard_example_ws/install/image_processing_msgs/include/image_processing_msgs/image_processing_msgs/msg/prominent_object.hpp
[1.107s] -- Up-to-date symlink: /home/cjabrantes/ros2_px4_offboard_example_ws/install/image_processing_msgs/include/image_processing_msgs/image_processing_msgs/msg/prominent_object_array.hpp
[1.107s] -- Up-to-date symlink: /home/cjabrantes/ros2_px4_offboard_example_ws/install/image_processing_msgs/include/image_processing_msgs/image_processing_msgs/msg/rosidl_generator_cpp__visibility_control.hpp
[1.111s] -- Up-to-date symlink: /home/cjabrantes/ros2_px4_offboard_example_ws/install/image_processing_msgs/include/image_processing_msgs/image_processing_msgs/msg/detail/detection__rosidl_typesupport_fastrtps_cpp.hpp
[1.111s] -- Up-to-date symlink: /home/cjabrantes/ros2_px4_offboard_example_ws/install/image_processing_msgs/include/image_processing_msgs/image_processing_msgs/msg/detail/detection_array__rosidl_typesupport_fastrtps_cpp.hpp
[1.112s] -- Up-to-date symlink: /home/cjabrantes/ros2_px4_offboard_example_ws/install/image_processing_msgs/include/image_processing_msgs/image_processing_msgs/msg/detail/prominent_object__rosidl_typesupport_fastrtps_cpp.hpp
[1.112s] -- Up-to-date symlink: /home/cjabrantes/ros2_px4_offboard_example_ws/install/image_processing_msgs/include/image_processing_msgs/image_processing_msgs/msg/detail/prominent_object_array__rosidl_typesupport_fastrtps_cpp.hpp
[1.112s] -- Up-to-date symlink: /home/cjabrantes/ros2_px4_offboard_example_ws/install/image_processing_msgs/include/image_processing_msgs/image_processing_msgs/msg/rosidl_typesupport_fastrtps_cpp__visibility_control.h
[1.112s] -- Up-to-date symlink: /home/cjabrantes/ros2_px4_offboard_example_ws/install/image_processing_msgs/include/image_processing_msgs/image_processing_msgs/msg/detail/detection__rosidl_typesupport_introspection_c.h
[1.112s] -- Up-to-date symlink: /home/cjabrantes/ros2_px4_offboard_example_ws/install/image_processing_msgs/include/image_processing_msgs/image_processing_msgs/msg/detail/detection_array__rosidl_typesupport_introspection_c.h
[1.112s] -- Up-to-date symlink: /home/cjabrantes/ros2_px4_offboard_example_ws/install/image_processing_msgs/include/image_processing_msgs/image_processing_msgs/msg/detail/prominent_object__rosidl_typesupport_introspection_c.h
[1.112s] -- Up-to-date symlink: /home/cjabrantes/ros2_px4_offboard_example_ws/install/image_processing_msgs/include/image_processing_msgs/image_processing_msgs/msg/detail/prominent_object_array__rosidl_typesupport_introspection_c.h
[1.112s] -- Up-to-date symlink: /home/cjabrantes/ros2_px4_offboard_example_ws/install/image_processing_msgs/include/image_processing_msgs/image_processing_msgs/msg/rosidl_typesupport_introspection_c__visibility_control.h
[1.112s] -- Up-to-date symlink: /home/cjabrantes/ros2_px4_offboard_example_ws/install/image_processing_msgs/include/image_processing_msgs/image_processing_msgs/msg/detail/detection__rosidl_typesupport_introspection_cpp.hpp
[1.112s] -- Up-to-date symlink: /home/cjabrantes/ros2_px4_offboard_example_ws/install/image_processing_msgs/include/image_processing_msgs/image_processing_msgs/msg/detail/detection_array__rosidl_typesupport_introspection_cpp.hpp
[1.113s] -- Up-to-date symlink: /home/cjabrantes/ros2_px4_offboard_example_ws/install/image_processing_msgs/include/image_processing_msgs/image_processing_msgs/msg/detail/prominent_object__rosidl_typesupport_introspection_cpp.hpp
[1.113s] -- Up-to-date symlink: /home/cjabrantes/ros2_px4_offboard_example_ws/install/image_processing_msgs/include/image_processing_msgs/image_processing_msgs/msg/detail/prominent_object_array__rosidl_typesupport_introspection_cpp.hpp
[1.113s] -- Up-to-date symlink: /home/cjabrantes/ros2_px4_offboard_example_ws/install/image_processing_msgs/share/image_processing_msgs/environment/pythonpath.sh
[1.113s] -- Up-to-date symlink: /home/cjabrantes/ros2_px4_offboard_example_ws/install/image_processing_msgs/share/image_processing_msgs/environment/pythonpath.dsv
[1.113s] -- Up-to-date symlink: /home/cjabrantes/ros2_px4_offboard_example_ws/install/image_processing_msgs/local/lib/python3.10/dist-packages/image_processing_msgs-0.0.0-py3.10.egg-info/PKG-INFO
[1.113s] -- Up-to-date symlink: /home/cjabrantes/ros2_px4_offboard_example_ws/install/image_processing_msgs/local/lib/python3.10/dist-packages/image_processing_msgs-0.0.0-py3.10.egg-info/SOURCES.txt
[1.113s] -- Up-to-date symlink: /home/cjabrantes/ros2_px4_offboard_example_ws/install/image_processing_msgs/local/lib/python3.10/dist-packages/image_processing_msgs-0.0.0-py3.10.egg-info/dependency_links.txt
[1.113s] -- Up-to-date symlink: /home/cjabrantes/ros2_px4_offboard_example_ws/install/image_processing_msgs/local/lib/python3.10/dist-packages/image_processing_msgs-0.0.0-py3.10.egg-info/top_level.txt
[1.113s] -- Up-to-date symlink: /home/cjabrantes/ros2_px4_offboard_example_ws/install/image_processing_msgs/local/lib/python3.10/dist-packages/image_processing_msgs/__init__.py
[1.113s] -- Up-to-date symlink: /home/cjabrantes/ros2_px4_offboard_example_ws/install/image_processing_msgs/local/lib/python3.10/dist-packages/image_processing_msgs/_image_processing_msgs_s.ep.rosidl_typesupport_c.c
[1.113s] -- Up-to-date symlink: /home/cjabrantes/ros2_px4_offboard_example_ws/install/image_processing_msgs/local/lib/python3.10/dist-packages/image_processing_msgs/_image_processing_msgs_s.ep.rosidl_typesupport_fastrtps_c.c
[1.113s] -- Up-to-date symlink: /home/cjabrantes/ros2_px4_offboard_example_ws/install/image_processing_msgs/local/lib/python3.10/dist-packages/image_processing_msgs/_image_processing_msgs_s.ep.rosidl_typesupport_introspection_c.c
[1.114s] -- Up-to-date symlink: /home/cjabrantes/ros2_px4_offboard_example_ws/install/image_processing_msgs/local/lib/python3.10/dist-packages/image_processing_msgs/image_processing_msgs_s__rosidl_typesupport_c.cpython-310-x86_64-linux-gnu.so
[1.114s] -- Up-to-date symlink: /home/cjabrantes/ros2_px4_offboard_example_ws/install/image_processing_msgs/local/lib/python3.10/dist-packages/image_processing_msgs/image_processing_msgs_s__rosidl_typesupport_fastrtps_c.cpython-310-x86_64-linux-gnu.so
[1.114s] -- Up-to-date symlink: /home/cjabrantes/ros2_px4_offboard_example_ws/install/image_processing_msgs/local/lib/python3.10/dist-packages/image_processing_msgs/image_processing_msgs_s__rosidl_typesupport_introspection_c.cpython-310-x86_64-linux-gnu.so
[1.114s] -- Up-to-date symlink: /home/cjabrantes/ros2_px4_offboard_example_ws/install/image_processing_msgs/local/lib/python3.10/dist-packages/image_processing_msgs/libimage_processing_msgs__rosidl_generator_py.so
[1.114s] -- Up-to-date symlink: /home/cjabrantes/ros2_px4_offboard_example_ws/install/image_processing_msgs/local/lib/python3.10/dist-packages/image_processing_msgs/msg/__init__.py
[1.114s] -- Up-to-date symlink: /home/cjabrantes/ros2_px4_offboard_example_ws/install/image_processing_msgs/local/lib/python3.10/dist-packages/image_processing_msgs/msg/_detection.py
[1.114s] -- Up-to-date symlink: /home/cjabrantes/ros2_px4_offboard_example_ws/install/image_processing_msgs/local/lib/python3.10/dist-packages/image_processing_msgs/msg/_detection_array.py
[1.114s] -- Up-to-date symlink: /home/cjabrantes/ros2_px4_offboard_example_ws/install/image_processing_msgs/local/lib/python3.10/dist-packages/image_processing_msgs/msg/_detection_array_s.c
[1.114s] -- Up-to-date symlink: /home/cjabrantes/ros2_px4_offboard_example_ws/install/image_processing_msgs/local/lib/python3.10/dist-packages/image_processing_msgs/msg/_detection_s.c
[1.115s] -- Up-to-date symlink: /home/cjabrantes/ros2_px4_offboard_example_ws/install/image_processing_msgs/local/lib/python3.10/dist-packages/image_processing_msgs/msg/_prominent_object.py
[1.115s] -- Up-to-date symlink: /home/cjabrantes/ros2_px4_offboard_example_ws/install/image_processing_msgs/local/lib/python3.10/dist-packages/image_processing_msgs/msg/_prominent_object_array.py
[1.115s] -- Up-to-date symlink: /home/cjabrantes/ros2_px4_offboard_example_ws/install/image_processing_msgs/local/lib/python3.10/dist-packages/image_processing_msgs/msg/_prominent_object_array_s.c
[1.115s] -- Up-to-date symlink: /home/cjabrantes/ros2_px4_offboard_example_ws/install/image_processing_msgs/local/lib/python3.10/dist-packages/image_processing_msgs/msg/_prominent_object_s.c
[1.115s] -- Up-to-date symlink: /home/cjabrantes/ros2_px4_offboard_example_ws/install/image_processing_msgs/local/lib/python3.10/dist-packages/image_processing_msgs/image_processing_msgs_s__rosidl_typesupport_fastrtps_c.cpython-310-x86_64-linux-gnu.so
[1.115s] -- Up-to-date symlink: /home/cjabrantes/ros2_px4_offboard_example_ws/install/image_processing_msgs/local/lib/python3.10/dist-packages/image_processing_msgs/image_processing_msgs_s__rosidl_typesupport_introspection_c.cpython-310-x86_64-linux-gnu.so
[1.116s] -- Up-to-date symlink: /home/cjabrantes/ros2_px4_offboard_example_ws/install/image_processing_msgs/local/lib/python3.10/dist-packages/image_processing_msgs/image_processing_msgs_s__rosidl_typesupport_c.cpython-310-x86_64-linux-gnu.so
[1.116s] -- Up-to-date symlink: /home/cjabrantes/ros2_px4_offboard_example_ws/install/image_processing_msgs/share/image_processing_msgs/msg/Detection.idl
[1.117s] -- Up-to-date symlink: /home/cjabrantes/ros2_px4_offboard_example_ws/install/image_processing_msgs/share/image_processing_msgs/msg/DetectionArray.idl
[1.117s] -- Up-to-date symlink: /home/cjabrantes/ros2_px4_offboard_example_ws/install/image_processing_msgs/share/image_processing_msgs/msg/ProminentObject.idl
[1.117s] -- Up-to-date symlink: /home/cjabrantes/ros2_px4_offboard_example_ws/install/image_processing_msgs/share/image_processing_msgs/msg/ProminentObjectArray.idl
[1.117s] -- Up-to-date symlink: /home/cjabrantes/ros2_px4_offboard_example_ws/install/image_processing_msgs/share/image_processing_msgs/msg/Detection.msg
[1.117s] -- Up-to-date symlink: /home/cjabrantes/ros2_px4_offboard_example_ws/install/image_processing_msgs/share/image_processing_msgs/msg/DetectionArray.msg
[1.118s] -- Up-to-date symlink: /home/cjabrantes/ros2_px4_offboard_example_ws/install/image_processing_msgs/share/image_processing_msgs/msg/ProminentObject.msg
[1.121s] -- Up-to-date symlink: /home/cjabrantes/ros2_px4_offboard_example_ws/install/image_processing_msgs/share/image_processing_msgs/msg/ProminentObjectArray.msg
[1.122s] -- Up-to-date symlink: /home/cjabrantes/ros2_px4_offboard_example_ws/install/image_processing_msgs/share/ament_index/resource_index/package_run_dependencies/image_processing_msgs
[1.122s] -- Up-to-date symlink: /home/cjabrantes/ros2_px4_offboard_example_ws/install/image_processing_msgs/share/ament_index/resource_index/parent_prefix_path/image_processing_msgs
[1.122s] -- Up-to-date symlink: /home/cjabrantes/ros2_px4_offboard_example_ws/install/image_processing_msgs/share/image_processing_msgs/environment/ament_prefix_path.sh
[1.122s] -- Up-to-date symlink: /home/cjabrantes/ros2_px4_offboard_example_ws/install/image_processing_msgs/share/image_processing_msgs/environment/ament_prefix_path.dsv
[1.123s] -- Up-to-date symlink: /home/cjabrantes/ros2_px4_offboard_example_ws/install/image_processing_msgs/share/image_processing_msgs/environment/path.sh
[1.123s] -- Up-to-date symlink: /home/cjabrantes/ros2_px4_offboard_example_ws/install/image_processing_msgs/share/image_processing_msgs/environment/path.dsv
[1.123s] -- Up-to-date symlink: /home/cjabrantes/ros2_px4_offboard_example_ws/install/image_processing_msgs/share/image_processing_msgs/local_setup.bash
[1.125s] -- Up-to-date symlink: /home/cjabrantes/ros2_px4_offboard_example_ws/install/image_processing_msgs/share/image_processing_msgs/local_setup.sh
[1.125s] -- Up-to-date symlink: /home/cjabrantes/ros2_px4_offboard_example_ws/install/image_processing_msgs/share/image_processing_msgs/local_setup.zsh
[1.125s] -- Up-to-date symlink: /home/cjabrantes/ros2_px4_offboard_example_ws/install/image_processing_msgs/share/image_processing_msgs/local_setup.dsv
[1.126s] -- Symlinking: /home/cjabrantes/ros2_px4_offboard_example_ws/install/image_processing_msgs/share/image_processing_msgs/package.dsv
[1.140s] -- Up-to-date symlink: /home/cjabrantes/ros2_px4_offboard_example_ws/install/image_processing_msgs/share/ament_index/resource_index/packages/image_processing_msgs
[1.140s] -- Up-to-date symlink: /home/cjabrantes/ros2_px4_offboard_example_ws/install/image_processing_msgs/share/image_processing_msgs/cmake/rosidl_cmake-extras.cmake
[1.140s] -- Up-to-date symlink: /home/cjabrantes/ros2_px4_offboard_example_ws/install/image_processing_msgs/share/image_processing_msgs/cmake/ament_cmake_export_dependencies-extras.cmake
[1.141s] -- Up-to-date symlink: /home/cjabrantes/ros2_px4_offboard_example_ws/install/image_processing_msgs/share/image_processing_msgs/cmake/ament_cmake_export_include_directories-extras.cmake
[1.147s] -- Up-to-date symlink: /home/cjabrantes/ros2_px4_offboard_example_ws/install/image_processing_msgs/share/image_processing_msgs/cmake/ament_cmake_export_libraries-extras.cmake
[1.147s] -- Up-to-date symlink: /home/cjabrantes/ros2_px4_offboard_example_ws/install/image_processing_msgs/share/image_processing_msgs/cmake/ament_cmake_export_targets-extras.cmake
[1.147s] -- Up-to-date symlink: /home/cjabrantes/ros2_px4_offboard_example_ws/install/image_processing_msgs/share/image_processing_msgs/cmake/rosidl_cmake_export_typesupport_targets-extras.cmake
[1.147s] -- Up-to-date symlink: /home/cjabrantes/ros2_px4_offboard_example_ws/install/image_processing_msgs/share/image_processing_msgs/cmake/rosidl_cmake_export_typesupport_libraries-extras.cmake
[1.147s] -- Up-to-date symlink: /home/cjabrantes/ros2_px4_offboard_example_ws/install/image_processing_msgs/share/image_processing_msgs/cmake/image_processing_msgsConfig.cmake
[1.147s] -- Up-to-date symlink: /home/cjabrantes/ros2_px4_offboard_example_ws/install/image_processing_msgs/share/image_processing_msgs/cmake/image_processing_msgsConfig-version.cmake
[1.148s] -- Up-to-date symlink: /home/cjabrantes/ros2_px4_offboard_example_ws/install/image_processing_msgs/share/image_processing_msgs/package.xml
[1.148s] -- Up-to-date: /home/cjabrantes/ros2_px4_offboard_example_ws/install/image_processing_msgs/lib/libimage_processing_msgs__rosidl_generator_c.so
[1.148s] -- Up-to-date: /home/cjabrantes/ros2_px4_offboard_example_ws/install/image_processing_msgs/lib/libimage_processing_msgs__rosidl_typesupport_fastrtps_c.so
[1.148s] -- Up-to-date: /home/cjabrantes/ros2_px4_offboard_example_ws/install/image_processing_msgs/lib/libimage_processing_msgs__rosidl_typesupport_fastrtps_cpp.so
[1.148s] -- Up-to-date: /home/cjabrantes/ros2_px4_offboard_example_ws/install/image_processing_msgs/lib/libimage_processing_msgs__rosidl_typesupport_introspection_c.so
[1.148s] -- Up-to-date: /home/cjabrantes/ros2_px4_offboard_example_ws/install/image_processing_msgs/lib/libimage_processing_msgs__rosidl_typesupport_c.so
[1.148s] -- Up-to-date: /home/cjabrantes/ros2_px4_offboard_example_ws/install/image_processing_msgs/lib/libimage_processing_msgs__rosidl_typesupport_introspection_cpp.so
[1.148s] -- Up-to-date: /home/cjabrantes/ros2_px4_offboard_example_ws/install/image_processing_msgs/lib/libimage_processing_msgs__rosidl_typesupport_cpp.so
[1.199s] Listing '/home/cjabrantes/ros2_px4_offboard_example_ws/install/image_processing_msgs/local/lib/python3.10/dist-packages/image_processing_msgs'...
[1.199s] Listing '/home/cjabrantes/ros2_px4_offboard_example_ws/install/image_processing_msgs/local/lib/python3.10/dist-packages/image_processing_msgs/msg'...
[1.210s] -- Up-to-date: /home/cjabrantes/ros2_px4_offboard_example_ws/install/image_processing_msgs/lib/libimage_processing_msgs__rosidl_generator_py.so
[1.210s] -- Up-to-date: /home/cjabrantes/ros2_px4_offboard_example_ws/install/image_processing_msgs/share/image_processing_msgs/cmake/export_image_processing_msgs__rosidl_generator_cExport.cmake
[1.210s] -- Up-to-date: /home/cjabrantes/ros2_px4_offboard_example_ws/install/image_processing_msgs/share/image_processing_msgs/cmake/export_image_processing_msgs__rosidl_generator_cExport-noconfig.cmake
[1.211s] -- Up-to-date: /home/cjabrantes/ros2_px4_offboard_example_ws/install/image_processing_msgs/share/image_processing_msgs/cmake/export_image_processing_msgs__rosidl_typesupport_fastrtps_cExport.cmake
[1.211s] -- Up-to-date: /home/cjabrantes/ros2_px4_offboard_example_ws/install/image_processing_msgs/share/image_processing_msgs/cmake/export_image_processing_msgs__rosidl_typesupport_fastrtps_cExport-noconfig.cmake
[1.211s] -- Up-to-date: /home/cjabrantes/ros2_px4_offboard_example_ws/install/image_processing_msgs/share/image_processing_msgs/cmake/export_image_processing_msgs__rosidl_generator_cppExport.cmake
[1.211s] -- Up-to-date: /home/cjabrantes/ros2_px4_offboard_example_ws/install/image_processing_msgs/share/image_processing_msgs/cmake/export_image_processing_msgs__rosidl_typesupport_fastrtps_cppExport.cmake
[1.211s] -- Up-to-date: /home/cjabrantes/ros2_px4_offboard_example_ws/install/image_processing_msgs/share/image_processing_msgs/cmake/export_image_processing_msgs__rosidl_typesupport_fastrtps_cppExport-noconfig.cmake
[1.211s] -- Up-to-date: /home/cjabrantes/ros2_px4_offboard_example_ws/install/image_processing_msgs/share/image_processing_msgs/cmake/image_processing_msgs__rosidl_typesupport_introspection_cExport.cmake
[1.211s] -- Up-to-date: /home/cjabrantes/ros2_px4_offboard_example_ws/install/image_processing_msgs/share/image_processing_msgs/cmake/image_processing_msgs__rosidl_typesupport_introspection_cExport-noconfig.cmake
[1.211s] -- Up-to-date: /home/cjabrantes/ros2_px4_offboard_example_ws/install/image_processing_msgs/share/image_processing_msgs/cmake/image_processing_msgs__rosidl_typesupport_cExport.cmake
[1.212s] -- Up-to-date: /home/cjabrantes/ros2_px4_offboard_example_ws/install/image_processing_msgs/share/image_processing_msgs/cmake/image_processing_msgs__rosidl_typesupport_cExport-noconfig.cmake
[1.212s] -- Up-to-date: /home/cjabrantes/ros2_px4_offboard_example_ws/install/image_processing_msgs/share/image_processing_msgs/cmake/image_processing_msgs__rosidl_typesupport_introspection_cppExport.cmake
[1.212s] -- Up-to-date: /home/cjabrantes/ros2_px4_offboard_example_ws/install/image_processing_msgs/share/image_processing_msgs/cmake/image_processing_msgs__rosidl_typesupport_introspection_cppExport-noconfig.cmake
[1.212s] -- Up-to-date: /home/cjabrantes/ros2_px4_offboard_example_ws/install/image_processing_msgs/share/image_processing_msgs/cmake/image_processing_msgs__rosidl_typesupport_cppExport.cmake
[1.212s] -- Up-to-date: /home/cjabrantes/ros2_px4_offboard_example_ws/install/image_processing_msgs/share/image_processing_msgs/cmake/image_processing_msgs__rosidl_typesupport_cppExport-noconfig.cmake
[1.212s] -- Up-to-date: /home/cjabrantes/ros2_px4_offboard_example_ws/install/image_processing_msgs/share/image_processing_msgs/cmake/export_image_processing_msgs__rosidl_generator_pyExport.cmake
[1.212s] -- Up-to-date: /home/cjabrantes/ros2_px4_offboard_example_ws/install/image_processing_msgs/share/image_processing_msgs/cmake/export_image_processing_msgs__rosidl_generator_pyExport-noconfig.cmake
[1.222s] Invoked command in '/home/cjabrantes/ros2_px4_offboard_example_ws/build/image_processing_msgs' returned '0': CMAKE_PREFIX_PATH=${CMAKE_PREFIX_PATH}:/home/cjabrantes/ros2_px4_offboard_example_ws/install/px4_offboard:/home/cjabrantes/ros2_px4_offboard_example_ws/install/image_processing:/opt/ros/humble /usr/bin/cmake --install /home/cjabrantes/ros2_px4_offboard_example_ws/build/image_processing_msgs
