[0.669s] Invoking command in '/home/cjabrantes/ros2_px4_offboard_example_ws/src/ROS2_PX4_Offboard_Example/px4_offboard': PYTHONPATH=/home/cjabrantes/ros2_px4_offboard_example_ws/build/px4_offboard/prefix_override:/home/cjabrantes/.local/lib/python3.10/site-packages/colcon_core/task/python/colcon_distutils_commands:/home/cjabrantes/ros2_px4_offboard_example_ws/install/px4_offboard/lib/python3.10/site-packages:${PYTHONPATH} /usr/bin/python3 -W ignore:setup.py install is deprecated -W ignore:easy_install command is deprecated setup.py egg_info --egg-base ../../../build/px4_offboard build --build-base /home/cjabrantes/ros2_px4_offboard_example_ws/build/px4_offboard/build install --record /home/cjabrantes/ros2_px4_offboard_example_ws/build/px4_offboard/install.log --single-version-externally-managed install_data
[0.947s] running egg_info
[0.948s] writing ../../../build/px4_offboard/px4_offboard.egg-info/PKG-INFO
[0.949s] writing dependency_links to ../../../build/px4_offboard/px4_offboard.egg-info/dependency_links.txt
[0.949s] writing entry points to ../../../build/px4_offboard/px4_offboard.egg-info/entry_points.txt
[0.949s] writing requirements to ../../../build/px4_offboard/px4_offboard.egg-info/requires.txt
[0.949s] writing top-level names to ../../../build/px4_offboard/px4_offboard.egg-info/top_level.txt
[0.951s] reading manifest file '../../../build/px4_offboard/px4_offboard.egg-info/SOURCES.txt'
[0.952s] adding license file 'LICENSE'
[0.952s] writing manifest file '../../../build/px4_offboard/px4_offboard.egg-info/SOURCES.txt'
[0.952s] running build
[0.953s] running build_py
[0.953s] running install
[0.954s] running install_lib
[0.956s] running install_data
[0.957s] running install_egg_info
[0.958s] removing '/home/cjabrantes/ros2_px4_offboard_example_ws/install/px4_offboard/lib/python3.10/site-packages/px4_offboard-0.0.0-py3.10.egg-info' (and everything under it)
[0.959s] Copying ../../../build/px4_offboard/px4_offboard.egg-info to /home/cjabrantes/ros2_px4_offboard_example_ws/install/px4_offboard/lib/python3.10/site-packages/px4_offboard-0.0.0-py3.10.egg-info
[0.960s] running install_scripts
[0.980s] Installing control script to /home/cjabrantes/ros2_px4_offboard_example_ws/install/px4_offboard/lib/px4_offboard
[0.980s] Installing offboard_control script to /home/cjabrantes/ros2_px4_offboard_example_ws/install/px4_offboard/lib/px4_offboard
[0.981s] Installing processes script to /home/cjabrantes/ros2_px4_offboard_example_ws/install/px4_offboard/lib/px4_offboard
[0.981s] Installing velocity_control script to /home/cjabrantes/ros2_px4_offboard_example_ws/install/px4_offboard/lib/px4_offboard
[0.981s] Installing visualizer script to /home/cjabrantes/ros2_px4_offboard_example_ws/install/px4_offboard/lib/px4_offboard
[0.981s] writing list of installed files to '/home/cjabrantes/ros2_px4_offboard_example_ws/build/px4_offboard/install.log'
[1.020s] Invoked command in '/home/cjabrantes/ros2_px4_offboard_example_ws/src/ROS2_PX4_Offboard_Example/px4_offboard' returned '0': PYTHONPATH=/home/cjabrantes/ros2_px4_offboard_example_ws/build/px4_offboard/prefix_override:/home/cjabrantes/.local/lib/python3.10/site-packages/colcon_core/task/python/colcon_distutils_commands:/home/cjabrantes/ros2_px4_offboard_example_ws/install/px4_offboard/lib/python3.10/site-packages:${PYTHONPATH} /usr/bin/python3 -W ignore:setup.py install is deprecated -W ignore:easy_install command is deprecated setup.py egg_info --egg-base ../../../build/px4_offboard build --build-base /home/cjabrantes/ros2_px4_offboard_example_ws/build/px4_offboard/build install --record /home/cjabrantes/ros2_px4_offboard_example_ws/build/px4_offboard/install.log --single-version-externally-managed install_data
