running develop
running egg_info
creating px4_offboard.egg-info
writing px4_offboard.egg-info/PKG-INFO
writing dependency_links to px4_offboard.egg-info/dependency_links.txt
writing entry points to px4_offboard.egg-info/entry_points.txt
writing requirements to px4_offboard.egg-info/requires.txt
writing top-level names to px4_offboard.egg-info/top_level.txt
writing manifest file 'px4_offboard.egg-info/SOURCES.txt'
reading manifest file 'px4_offboard.egg-info/SOURCES.txt'
writing manifest file 'px4_offboard.egg-info/SOURCES.txt'
running build_ext
Creating /home/cjabrantes/ros2_px4_offboard_example_ws/install/px4_offboard/lib/python3.10/site-packages/px4-offboard.egg-link (link to .)
Installing control script to /home/cjabrantes/ros2_px4_offboard_example_ws/install/px4_offboard/lib/px4_offboard
Installing offboard_control script to /home/cjabrantes/ros2_px4_offboard_example_ws/install/px4_offboard/lib/px4_offboard
Installing processes script to /home/cjabrantes/ros2_px4_offboard_example_ws/install/px4_offboard/lib/px4_offboard
Installing velocity_control script to /home/cjabrantes/ros2_px4_offboard_example_ws/install/px4_offboard/lib/px4_offboard
Installing visualizer script to /home/cjabrantes/ros2_px4_offboard_example_ws/install/px4_offboard/lib/px4_offboard

Installed /home/cjabrantes/ros2_px4_offboard_example_ws/build/px4_offboard
running symlink_data
creating /home/cjabrantes/ros2_px4_offboard_example_ws/install/px4_offboard/share/ament_index
creating /home/cjabrantes/ros2_px4_offboard_example_ws/install/px4_offboard/share/ament_index/resource_index
creating /home/cjabrantes/ros2_px4_offboard_example_ws/install/px4_offboard/share/ament_index/resource_index/packages
symbolically linking /home/cjabrantes/ros2_px4_offboard_example_ws/build/px4_offboard/resource/px4_offboard -> /home/cjabrantes/ros2_px4_offboard_example_ws/install/px4_offboard/share/ament_index/resource_index/packages
symbolically linking /home/cjabrantes/ros2_px4_offboard_example_ws/build/px4_offboard/resource/visualize.rviz -> /home/cjabrantes/ros2_px4_offboard_example_ws/install/px4_offboard/share/ament_index/resource_index/packages
symbolically linking /home/cjabrantes/ros2_px4_offboard_example_ws/build/px4_offboard/package.xml -> /home/cjabrantes/ros2_px4_offboard_example_ws/install/px4_offboard/share/px4_offboard
symbolically linking /home/cjabrantes/ros2_px4_offboard_example_ws/build/px4_offboard/launch/offboard_velocity_control.launch.py -> /home/cjabrantes/ros2_px4_offboard_example_ws/install/px4_offboard/share/px4_offboard
symbolically linking /home/cjabrantes/ros2_px4_offboard_example_ws/build/px4_offboard/resource/visualize.rviz -> /home/cjabrantes/ros2_px4_offboard_example_ws/install/px4_offboard/share/px4_offboard
