[0.477s] Invoking command in '/home/cjabrantes/ros2_px4_offboard_example_ws/build/px4_offboard': PYTHONPATH=/home/cjabrantes/ros2_px4_offboard_example_ws/build/px4_offboard/prefix_override:/home/cjabrantes/.local/lib/python3.10/site-packages/colcon_core/task/python/colcon_distutils_commands:/home/cjabrantes/ros2_px4_offboard_example_ws/install/px4_offboard/lib/python3.10/site-packages:${PYTHONPATH} /usr/bin/python3 -W ignore:setup.py install is deprecated -W ignore:easy_install command is deprecated setup.py develop --editable --build-directory /home/cjabrantes/ros2_px4_offboard_example_ws/build/px4_offboard/build --no-deps symlink_data
[0.689s] running develop
[0.833s] running egg_info
[0.833s] creating px4_offboard.egg-info
[0.834s] writing px4_offboard.egg-info/PKG-INFO
[0.839s] writing dependency_links to px4_offboard.egg-info/dependency_links.txt
[0.839s] writing entry points to px4_offboard.egg-info/entry_points.txt
[0.839s] writing requirements to px4_offboard.egg-info/requires.txt
[0.839s] writing top-level names to px4_offboard.egg-info/top_level.txt
[0.839s] writing manifest file 'px4_offboard.egg-info/SOURCES.txt'
[0.840s] reading manifest file 'px4_offboard.egg-info/SOURCES.txt'
[0.841s] writing manifest file 'px4_offboard.egg-info/SOURCES.txt'
[0.842s] running build_ext
[0.842s] Creating /home/cjabrantes/ros2_px4_offboard_example_ws/install/px4_offboard/lib/python3.10/site-packages/px4-offboard.egg-link (link to .)
[0.842s] Installing control script to /home/cjabrantes/ros2_px4_offboard_example_ws/install/px4_offboard/lib/px4_offboard
[0.843s] Installing offboard_control script to /home/cjabrantes/ros2_px4_offboard_example_ws/install/px4_offboard/lib/px4_offboard
[0.843s] Installing processes script to /home/cjabrantes/ros2_px4_offboard_example_ws/install/px4_offboard/lib/px4_offboard
[0.843s] Installing velocity_control script to /home/cjabrantes/ros2_px4_offboard_example_ws/install/px4_offboard/lib/px4_offboard
[0.843s] Installing visualizer script to /home/cjabrantes/ros2_px4_offboard_example_ws/install/px4_offboard/lib/px4_offboard
[0.843s] 
[0.843s] Installed /home/cjabrantes/ros2_px4_offboard_example_ws/build/px4_offboard
[0.843s] running symlink_data
[0.843s] creating /home/cjabrantes/ros2_px4_offboard_example_ws/install/px4_offboard/share/ament_index
[0.843s] creating /home/cjabrantes/ros2_px4_offboard_example_ws/install/px4_offboard/share/ament_index/resource_index
[0.844s] creating /home/cjabrantes/ros2_px4_offboard_example_ws/install/px4_offboard/share/ament_index/resource_index/packages
[0.844s] symbolically linking /home/cjabrantes/ros2_px4_offboard_example_ws/build/px4_offboard/resource/px4_offboard -> /home/cjabrantes/ros2_px4_offboard_example_ws/install/px4_offboard/share/ament_index/resource_index/packages
[0.844s] symbolically linking /home/cjabrantes/ros2_px4_offboard_example_ws/build/px4_offboard/resource/visualize.rviz -> /home/cjabrantes/ros2_px4_offboard_example_ws/install/px4_offboard/share/ament_index/resource_index/packages
[0.844s] symbolically linking /home/cjabrantes/ros2_px4_offboard_example_ws/build/px4_offboard/package.xml -> /home/cjabrantes/ros2_px4_offboard_example_ws/install/px4_offboard/share/px4_offboard
[0.844s] symbolically linking /home/cjabrantes/ros2_px4_offboard_example_ws/build/px4_offboard/launch/offboard_velocity_control.launch.py -> /home/cjabrantes/ros2_px4_offboard_example_ws/install/px4_offboard/share/px4_offboard
[0.844s] symbolically linking /home/cjabrantes/ros2_px4_offboard_example_ws/build/px4_offboard/resource/visualize.rviz -> /home/cjabrantes/ros2_px4_offboard_example_ws/install/px4_offboard/share/px4_offboard
[0.862s] Invoked command in '/home/cjabrantes/ros2_px4_offboard_example_ws/build/px4_offboard' returned '0': PYTHONPATH=/home/cjabrantes/ros2_px4_offboard_example_ws/build/px4_offboard/prefix_override:/home/cjabrantes/.local/lib/python3.10/site-packages/colcon_core/task/python/colcon_distutils_commands:/home/cjabrantes/ros2_px4_offboard_example_ws/install/px4_offboard/lib/python3.10/site-packages:${PYTHONPATH} /usr/bin/python3 -W ignore:setup.py install is deprecated -W ignore:easy_install command is deprecated setup.py develop --editable --build-directory /home/cjabrantes/ros2_px4_offboard_example_ws/build/px4_offboard/build --no-deps symlink_data
