[0.757s] Invoking command in '/home/cjabrantes/ros2_px4_offboard_example_ws/build/px4_offboard': PYTHONPATH=/home/cjabrantes/ros2_px4_offboard_example_ws/build/px4_offboard/prefix_override:/home/cjabrantes/.local/lib/python3.10/site-packages/colcon_core/task/python/colcon_distutils_commands:/home/cjabrantes/ros2_px4_offboard_example_ws/install/px4_offboard/lib/python3.10/site-packages:${PYTHONPATH} /usr/bin/python3 -W ignore:setup.py install is deprecated -W ignore:easy_install command is deprecated setup.py develop --uninstall --editable --build-directory /home/cjabrantes/ros2_px4_offboard_example_ws/build/px4_offboard/build
[1.070s] running develop
[1.285s] Removing /home/cjabrantes/ros2_px4_offboard_example_ws/install/px4_offboard/lib/python3.10/site-packages/px4-offboard.egg-link (link to .)
[1.352s] Invoked command in '/home/cjabrantes/ros2_px4_offboard_example_ws/build/px4_offboard' returned '0': PYTHONPATH=/home/cjabrantes/ros2_px4_offboard_example_ws/build/px4_offboard/prefix_override:/home/cjabrantes/.local/lib/python3.10/site-packages/colcon_core/task/python/colcon_distutils_commands:/home/cjabrantes/ros2_px4_offboard_example_ws/install/px4_offboard/lib/python3.10/site-packages:${PYTHONPATH} /usr/bin/python3 -W ignore:setup.py install is deprecated -W ignore:easy_install command is deprecated setup.py develop --uninstall --editable --build-directory /home/cjabrantes/ros2_px4_offboard_example_ws/build/px4_offboard/build
[1.354s] Invoking command in '/home/cjabrantes/ros2_px4_offboard_example_ws/src/ROS2_PX4_Offboard_Example/px4_offboard': PYTHONPATH=/home/cjabrantes/ros2_px4_offboard_example_ws/build/px4_offboard/prefix_override:/home/cjabrantes/.local/lib/python3.10/site-packages/colcon_core/task/python/colcon_distutils_commands:/home/cjabrantes/ros2_px4_offboard_example_ws/install/px4_offboard/lib/python3.10/site-packages:${PYTHONPATH} /usr/bin/python3 -W ignore:setup.py install is deprecated -W ignore:easy_install command is deprecated setup.py egg_info --egg-base ../../../build/px4_offboard build --build-base /home/cjabrantes/ros2_px4_offboard_example_ws/build/px4_offboard/build install --record /home/cjabrantes/ros2_px4_offboard_example_ws/build/px4_offboard/install.log --single-version-externally-managed install_data --force
[1.623s] running egg_info
[1.623s] writing ../../../build/px4_offboard/px4_offboard.egg-info/PKG-INFO
[1.623s] writing dependency_links to ../../../build/px4_offboard/px4_offboard.egg-info/dependency_links.txt
[1.623s] writing entry points to ../../../build/px4_offboard/px4_offboard.egg-info/entry_points.txt
[1.623s] writing requirements to ../../../build/px4_offboard/px4_offboard.egg-info/requires.txt
[1.623s] writing top-level names to ../../../build/px4_offboard/px4_offboard.egg-info/top_level.txt
[1.626s] reading manifest file '../../../build/px4_offboard/px4_offboard.egg-info/SOURCES.txt'
[1.626s] adding license file 'LICENSE'
[1.626s] writing manifest file '../../../build/px4_offboard/px4_offboard.egg-info/SOURCES.txt'
[1.626s] running build
[1.627s] running build_py
[1.627s] creating /home/cjabrantes/ros2_px4_offboard_example_ws/build/px4_offboard/build
[1.627s] creating /home/cjabrantes/ros2_px4_offboard_example_ws/build/px4_offboard/build/lib
[1.627s] creating /home/cjabrantes/ros2_px4_offboard_example_ws/build/px4_offboard/build/lib/px4_offboard
[1.627s] copying px4_offboard/velocity_control.py -> /home/cjabrantes/ros2_px4_offboard_example_ws/build/px4_offboard/build/lib/px4_offboard
[1.628s] copying px4_offboard/__init__.py -> /home/cjabrantes/ros2_px4_offboard_example_ws/build/px4_offboard/build/lib/px4_offboard
[1.628s] copying px4_offboard/processes.py -> /home/cjabrantes/ros2_px4_offboard_example_ws/build/px4_offboard/build/lib/px4_offboard
[1.628s] copying px4_offboard/control.py -> /home/cjabrantes/ros2_px4_offboard_example_ws/build/px4_offboard/build/lib/px4_offboard
[1.628s] copying px4_offboard/visualizer.py -> /home/cjabrantes/ros2_px4_offboard_example_ws/build/px4_offboard/build/lib/px4_offboard
[1.629s] running install
[1.629s] running install_lib
[1.630s] creating /home/cjabrantes/ros2_px4_offboard_example_ws/install/px4_offboard/lib/python3.10/site-packages/px4_offboard
[1.630s] copying /home/cjabrantes/ros2_px4_offboard_example_ws/build/px4_offboard/build/lib/px4_offboard/velocity_control.py -> /home/cjabrantes/ros2_px4_offboard_example_ws/install/px4_offboard/lib/python3.10/site-packages/px4_offboard
[1.631s] copying /home/cjabrantes/ros2_px4_offboard_example_ws/build/px4_offboard/build/lib/px4_offboard/__init__.py -> /home/cjabrantes/ros2_px4_offboard_example_ws/install/px4_offboard/lib/python3.10/site-packages/px4_offboard
[1.631s] copying /home/cjabrantes/ros2_px4_offboard_example_ws/build/px4_offboard/build/lib/px4_offboard/processes.py -> /home/cjabrantes/ros2_px4_offboard_example_ws/install/px4_offboard/lib/python3.10/site-packages/px4_offboard
[1.631s] copying /home/cjabrantes/ros2_px4_offboard_example_ws/build/px4_offboard/build/lib/px4_offboard/control.py -> /home/cjabrantes/ros2_px4_offboard_example_ws/install/px4_offboard/lib/python3.10/site-packages/px4_offboard
[1.631s] copying /home/cjabrantes/ros2_px4_offboard_example_ws/build/px4_offboard/build/lib/px4_offboard/visualizer.py -> /home/cjabrantes/ros2_px4_offboard_example_ws/install/px4_offboard/lib/python3.10/site-packages/px4_offboard
[1.631s] byte-compiling /home/cjabrantes/ros2_px4_offboard_example_ws/install/px4_offboard/lib/python3.10/site-packages/px4_offboard/velocity_control.py to velocity_control.cpython-310.pyc
[1.633s] byte-compiling /home/cjabrantes/ros2_px4_offboard_example_ws/install/px4_offboard/lib/python3.10/site-packages/px4_offboard/__init__.py to __init__.cpython-310.pyc
[1.633s] byte-compiling /home/cjabrantes/ros2_px4_offboard_example_ws/install/px4_offboard/lib/python3.10/site-packages/px4_offboard/processes.py to processes.cpython-310.pyc
[1.633s] byte-compiling /home/cjabrantes/ros2_px4_offboard_example_ws/install/px4_offboard/lib/python3.10/site-packages/px4_offboard/control.py to control.cpython-310.pyc
[1.634s] byte-compiling /home/cjabrantes/ros2_px4_offboard_example_ws/install/px4_offboard/lib/python3.10/site-packages/px4_offboard/visualizer.py to visualizer.cpython-310.pyc
[1.634s] running install_data
[1.635s] copying resource/px4_offboard -> /home/cjabrantes/ros2_px4_offboard_example_ws/install/px4_offboard/share/ament_index/resource_index/packages
[1.635s] copying resource/visualize.rviz -> /home/cjabrantes/ros2_px4_offboard_example_ws/install/px4_offboard/share/ament_index/resource_index/packages
[1.635s] copying package.xml -> /home/cjabrantes/ros2_px4_offboard_example_ws/install/px4_offboard/share/px4_offboard
[1.635s] copying launch/offboard_velocity_control.launch.py -> /home/cjabrantes/ros2_px4_offboard_example_ws/install/px4_offboard/share/px4_offboard
[1.635s] copying resource/visualize.rviz -> /home/cjabrantes/ros2_px4_offboard_example_ws/install/px4_offboard/share/px4_offboard
[1.635s] running install_egg_info
[1.637s] Copying ../../../build/px4_offboard/px4_offboard.egg-info to /home/cjabrantes/ros2_px4_offboard_example_ws/install/px4_offboard/lib/python3.10/site-packages/px4_offboard-0.0.0-py3.10.egg-info
[1.638s] running install_scripts
[1.662s] Installing control script to /home/cjabrantes/ros2_px4_offboard_example_ws/install/px4_offboard/lib/px4_offboard
[1.662s] Installing offboard_control script to /home/cjabrantes/ros2_px4_offboard_example_ws/install/px4_offboard/lib/px4_offboard
[1.662s] Installing processes script to /home/cjabrantes/ros2_px4_offboard_example_ws/install/px4_offboard/lib/px4_offboard
[1.662s] Installing velocity_control script to /home/cjabrantes/ros2_px4_offboard_example_ws/install/px4_offboard/lib/px4_offboard
[1.662s] Installing visualizer script to /home/cjabrantes/ros2_px4_offboard_example_ws/install/px4_offboard/lib/px4_offboard
[1.663s] writing list of installed files to '/home/cjabrantes/ros2_px4_offboard_example_ws/build/px4_offboard/install.log'
[1.700s] Invoked command in '/home/cjabrantes/ros2_px4_offboard_example_ws/src/ROS2_PX4_Offboard_Example/px4_offboard' returned '0': PYTHONPATH=/home/cjabrantes/ros2_px4_offboard_example_ws/build/px4_offboard/prefix_override:/home/cjabrantes/.local/lib/python3.10/site-packages/colcon_core/task/python/colcon_distutils_commands:/home/cjabrantes/ros2_px4_offboard_example_ws/install/px4_offboard/lib/python3.10/site-packages:${PYTHONPATH} /usr/bin/python3 -W ignore:setup.py install is deprecated -W ignore:easy_install command is deprecated setup.py egg_info --egg-base ../../../build/px4_offboard build --build-base /home/cjabrantes/ros2_px4_offboard_example_ws/build/px4_offboard/build install --record /home/cjabrantes/ros2_px4_offboard_example_ws/build/px4_offboard/install.log --single-version-externally-managed install_data --force
