[0.149s] [34mcolcon[0m [1;30mDEBUG[0m [32mCommand line arguments: ['/home/cjabrantes/.local/bin/colcon', 'build'][0m
[0.149s] [34mcolcon[0m [1;30mDEBUG[0m [32mParsed command line arguments: Namespace(log_base=None, log_level=None, verb_name='build', build_base='build', install_base='install', merge_install=False, symlink_install=False, test_result_base=None, continue_on_error=False, executor='parallel', parallel_workers=12, event_handlers=None, ignore_user_meta=False, metas=['./colcon.meta'], base_paths=['.'], packages_ignore=None, packages_ignore_regex=None, paths=None, packages_up_to=None, packages_up_to_regex=None, packages_above=None, packages_above_and_dependencies=None, packages_above_depth=None, packages_select_by_dep=None, packages_skip_by_dep=None, packages_skip_up_to=None, packages_select_build_failed=False, packages_skip_build_finished=False, packages_select_test_failures=False, packages_skip_test_passed=False, packages_select=None, packages_skip=None, packages_select_regex=None, packages_skip_regex=None, packages_start=None, packages_end=None, allow_overriding=[], cmake_args=None, cmake_target=None, cmake_target_skip_unavailable=False, cmake_clean_cache=False, cmake_clean_first=False, cmake_force_configure=False, ament_cmake_args=None, catkin_cmake_args=None, catkin_skip_building_tests=False, verb_parser=<colcon_defaults.argument_parser.defaults.DefaultArgumentsDecorator object at 0x774f7ceeea70>, verb_extension=<colcon_core.verb.build.BuildVerb object at 0x774f7ceee470>, main=<bound method BuildVerb.main of <colcon_core.verb.build.BuildVerb object at 0x774f7ceee470>>)[0m
[0.323s] [34mcolcon.colcon_core.package_discovery[0m [1;30mLevel 1[0m discover_packages(colcon_meta) check parameters
[0.324s] [34mcolcon.colcon_core.package_discovery[0m [1;30mLevel 1[0m discover_packages(recursive) check parameters
[0.324s] [34mcolcon.colcon_core.package_discovery[0m [1;30mLevel 1[0m discover_packages(ignore) check parameters
[0.324s] [34mcolcon.colcon_core.package_discovery[0m [1;30mLevel 1[0m discover_packages(path) check parameters
[0.324s] [34mcolcon.colcon_core.package_discovery[0m [1;30mLevel 1[0m discover_packages(colcon_meta) discover
[0.324s] [34mcolcon.colcon_core.package_discovery[0m [1;30mLevel 1[0m discover_packages(recursive) discover
[0.324s] [34mcolcon.colcon_core.package_discovery[0m [1;30mINFO[0m Crawling recursively for packages in '/home/cjabrantes/ros2_px4_offboard_example_ws'
[0.324s] [34mcolcon.colcon_core.package_identification[0m [1;30mLevel 1[0m _identify(.) by extensions ['ignore', 'ignore_ament_install']
[0.324s] [34mcolcon.colcon_core.package_identification[0m [1;30mLevel 1[0m _identify(.) by extension 'ignore'
[0.324s] [34mcolcon.colcon_core.package_identification[0m [1;30mLevel 1[0m _identify(.) by extension 'ignore_ament_install'
[0.324s] [34mcolcon.colcon_core.package_identification[0m [1;30mLevel 1[0m _identify(.) by extensions ['colcon_pkg']
[0.324s] [34mcolcon.colcon_core.package_identification[0m [1;30mLevel 1[0m _identify(.) by extension 'colcon_pkg'
[0.324s] [34mcolcon.colcon_core.package_identification[0m [1;30mLevel 1[0m _identify(.) by extensions ['colcon_meta']
[0.325s] [34mcolcon.colcon_core.package_identification[0m [1;30mLevel 1[0m _identify(.) by extension 'colcon_meta'
[0.325s] [34mcolcon.colcon_core.package_identification[0m [1;30mLevel 1[0m _identify(.) by extensions ['ros']
[0.325s] [34mcolcon.colcon_core.package_identification[0m [1;30mLevel 1[0m _identify(.) by extension 'ros'
[0.337s] [34mcolcon.colcon_core.package_identification[0m [1;30mLevel 1[0m _identify(.) by extensions ['cmake', 'python']
[0.337s] [34mcolcon.colcon_core.package_identification[0m [1;30mLevel 1[0m _identify(.) by extension 'cmake'
[0.337s] [34mcolcon.colcon_core.package_identification[0m [1;30mLevel 1[0m _identify(.) by extension 'python'
[0.337s] [34mcolcon.colcon_core.package_identification[0m [1;30mLevel 1[0m _identify(.) by extensions ['python_setup_py']
[0.337s] [34mcolcon.colcon_core.package_identification[0m [1;30mLevel 1[0m _identify(.) by extension 'python_setup_py'
[0.337s] [34mcolcon.colcon_core.package_identification[0m [1;30mLevel 1[0m _identify(build) by extensions ['ignore', 'ignore_ament_install']
[0.337s] [34mcolcon.colcon_core.package_identification[0m [1;30mLevel 1[0m _identify(build) by extension 'ignore'
[0.337s] [34mcolcon.colcon_core.package_identification[0m [1;30mLevel 1[0m _identify(build) ignored
[0.337s] [34mcolcon.colcon_core.package_identification[0m [1;30mLevel 1[0m _identify(install) by extensions ['ignore', 'ignore_ament_install']
[0.337s] [34mcolcon.colcon_core.package_identification[0m [1;30mLevel 1[0m _identify(install) by extension 'ignore'
[0.338s] [34mcolcon.colcon_core.package_identification[0m [1;30mLevel 1[0m _identify(install) ignored
[0.338s] [34mcolcon.colcon_core.package_identification[0m [1;30mLevel 1[0m _identify(log) by extensions ['ignore', 'ignore_ament_install']
[0.338s] [34mcolcon.colcon_core.package_identification[0m [1;30mLevel 1[0m _identify(log) by extension 'ignore'
[0.338s] [34mcolcon.colcon_core.package_identification[0m [1;30mLevel 1[0m _identify(log) ignored
[0.338s] [34mcolcon.colcon_core.package_identification[0m [1;30mLevel 1[0m _identify(src) by extensions ['ignore', 'ignore_ament_install']
[0.338s] [34mcolcon.colcon_core.package_identification[0m [1;30mLevel 1[0m _identify(src) by extension 'ignore'
[0.338s] [34mcolcon.colcon_core.package_identification[0m [1;30mLevel 1[0m _identify(src) by extension 'ignore_ament_install'
[0.338s] [34mcolcon.colcon_core.package_identification[0m [1;30mLevel 1[0m _identify(src) by extensions ['colcon_pkg']
[0.338s] [34mcolcon.colcon_core.package_identification[0m [1;30mLevel 1[0m _identify(src) by extension 'colcon_pkg'
[0.338s] [34mcolcon.colcon_core.package_identification[0m [1;30mLevel 1[0m _identify(src) by extensions ['colcon_meta']
[0.338s] [34mcolcon.colcon_core.package_identification[0m [1;30mLevel 1[0m _identify(src) by extension 'colcon_meta'
[0.338s] [34mcolcon.colcon_core.package_identification[0m [1;30mLevel 1[0m _identify(src) by extensions ['ros']
[0.338s] [34mcolcon.colcon_core.package_identification[0m [1;30mLevel 1[0m _identify(src) by extension 'ros'
[0.338s] [34mcolcon.colcon_core.package_identification[0m [1;30mLevel 1[0m _identify(src) by extensions ['cmake', 'python']
[0.338s] [34mcolcon.colcon_core.package_identification[0m [1;30mLevel 1[0m _identify(src) by extension 'cmake'
[0.338s] [34mcolcon.colcon_core.package_identification[0m [1;30mLevel 1[0m _identify(src) by extension 'python'
[0.339s] [34mcolcon.colcon_core.package_identification[0m [1;30mLevel 1[0m _identify(src) by extensions ['python_setup_py']
[0.339s] [34mcolcon.colcon_core.package_identification[0m [1;30mLevel 1[0m _identify(src) by extension 'python_setup_py'
[0.339s] [34mcolcon.colcon_core.package_identification[0m [1;30mLevel 1[0m _identify(src/ROS2_PX4_Offboard_Example) by extensions ['ignore', 'ignore_ament_install']
[0.339s] [34mcolcon.colcon_core.package_identification[0m [1;30mLevel 1[0m _identify(src/ROS2_PX4_Offboard_Example) by extension 'ignore'
[0.339s] [34mcolcon.colcon_core.package_identification[0m [1;30mLevel 1[0m _identify(src/ROS2_PX4_Offboard_Example) by extension 'ignore_ament_install'
[0.339s] [34mcolcon.colcon_core.package_identification[0m [1;30mLevel 1[0m _identify(src/ROS2_PX4_Offboard_Example) by extensions ['colcon_pkg']
[0.339s] [34mcolcon.colcon_core.package_identification[0m [1;30mLevel 1[0m _identify(src/ROS2_PX4_Offboard_Example) by extension 'colcon_pkg'
[0.339s] [34mcolcon.colcon_core.package_identification[0m [1;30mLevel 1[0m _identify(src/ROS2_PX4_Offboard_Example) by extensions ['colcon_meta']
[0.339s] [34mcolcon.colcon_core.package_identification[0m [1;30mLevel 1[0m _identify(src/ROS2_PX4_Offboard_Example) by extension 'colcon_meta'
[0.339s] [34mcolcon.colcon_core.package_identification[0m [1;30mLevel 1[0m _identify(src/ROS2_PX4_Offboard_Example) by extensions ['ros']
[0.339s] [34mcolcon.colcon_core.package_identification[0m [1;30mLevel 1[0m _identify(src/ROS2_PX4_Offboard_Example) by extension 'ros'
[0.339s] [34mcolcon.colcon_core.package_identification[0m [1;30mLevel 1[0m _identify(src/ROS2_PX4_Offboard_Example) by extensions ['cmake', 'python']
[0.339s] [34mcolcon.colcon_core.package_identification[0m [1;30mLevel 1[0m _identify(src/ROS2_PX4_Offboard_Example) by extension 'cmake'
[0.339s] [34mcolcon.colcon_core.package_identification[0m [1;30mLevel 1[0m _identify(src/ROS2_PX4_Offboard_Example) by extension 'python'
[0.339s] [34mcolcon.colcon_core.package_identification[0m [1;30mLevel 1[0m _identify(src/ROS2_PX4_Offboard_Example) by extensions ['python_setup_py']
[0.339s] [34mcolcon.colcon_core.package_identification[0m [1;30mLevel 1[0m _identify(src/ROS2_PX4_Offboard_Example) by extension 'python_setup_py'
[0.339s] [34mcolcon.colcon_core.package_identification[0m [1;30mLevel 1[0m _identify(src/ROS2_PX4_Offboard_Example/px4_offboard) by extensions ['ignore', 'ignore_ament_install']
[0.340s] [34mcolcon.colcon_core.package_identification[0m [1;30mLevel 1[0m _identify(src/ROS2_PX4_Offboard_Example/px4_offboard) by extension 'ignore'
[0.340s] [34mcolcon.colcon_core.package_identification[0m [1;30mLevel 1[0m _identify(src/ROS2_PX4_Offboard_Example/px4_offboard) by extension 'ignore_ament_install'
[0.340s] [34mcolcon.colcon_core.package_identification[0m [1;30mLevel 1[0m _identify(src/ROS2_PX4_Offboard_Example/px4_offboard) by extensions ['colcon_pkg']
[0.340s] [34mcolcon.colcon_core.package_identification[0m [1;30mLevel 1[0m _identify(src/ROS2_PX4_Offboard_Example/px4_offboard) by extension 'colcon_pkg'
[0.340s] [34mcolcon.colcon_core.package_identification[0m [1;30mLevel 1[0m _identify(src/ROS2_PX4_Offboard_Example/px4_offboard) by extensions ['colcon_meta']
[0.340s] [34mcolcon.colcon_core.package_identification[0m [1;30mLevel 1[0m _identify(src/ROS2_PX4_Offboard_Example/px4_offboard) by extension 'colcon_meta'
[0.340s] [34mcolcon.colcon_core.package_identification[0m [1;30mLevel 1[0m _identify(src/ROS2_PX4_Offboard_Example/px4_offboard) by extensions ['ros']
[0.340s] [34mcolcon.colcon_core.package_identification[0m [1;30mLevel 1[0m _identify(src/ROS2_PX4_Offboard_Example/px4_offboard) by extension 'ros'
[0.342s] [34mcolcon.colcon_core.package_identification[0m [1;30mDEBUG[0m [32mPackage 'src/ROS2_PX4_Offboard_Example/px4_offboard' with type 'ros.ament_python' and name 'px4_offboard'[0m
[0.342s] [34mcolcon.colcon_core.package_identification[0m [1;30mLevel 1[0m _identify(src/image_processing) by extensions ['ignore', 'ignore_ament_install']
[0.342s] [34mcolcon.colcon_core.package_identification[0m [1;30mLevel 1[0m _identify(src/image_processing) by extension 'ignore'
[0.342s] [34mcolcon.colcon_core.package_identification[0m [1;30mLevel 1[0m _identify(src/image_processing) by extension 'ignore_ament_install'
[0.342s] [34mcolcon.colcon_core.package_identification[0m [1;30mLevel 1[0m _identify(src/image_processing) by extensions ['colcon_pkg']
[0.342s] [34mcolcon.colcon_core.package_identification[0m [1;30mLevel 1[0m _identify(src/image_processing) by extension 'colcon_pkg'
[0.343s] [34mcolcon.colcon_core.package_identification[0m [1;30mLevel 1[0m _identify(src/image_processing) by extensions ['colcon_meta']
[0.343s] [34mcolcon.colcon_core.package_identification[0m [1;30mLevel 1[0m _identify(src/image_processing) by extension 'colcon_meta'
[0.343s] [34mcolcon.colcon_core.package_identification[0m [1;30mLevel 1[0m _identify(src/image_processing) by extensions ['ros']
[0.343s] [34mcolcon.colcon_core.package_identification[0m [1;30mLevel 1[0m _identify(src/image_processing) by extension 'ros'
[0.344s] [34mcolcon.colcon_core.package_identification[0m [1;30mDEBUG[0m [32mPackage 'src/image_processing' with type 'ros.ament_python' and name 'image_processing'[0m
[0.344s] [34mcolcon.colcon_core.package_identification[0m [1;30mLevel 1[0m _identify(src/image_processing_msgs) by extensions ['ignore', 'ignore_ament_install']
[0.344s] [34mcolcon.colcon_core.package_identification[0m [1;30mLevel 1[0m _identify(src/image_processing_msgs) by extension 'ignore'
[0.344s] [34mcolcon.colcon_core.package_identification[0m [1;30mLevel 1[0m _identify(src/image_processing_msgs) by extension 'ignore_ament_install'
[0.344s] [34mcolcon.colcon_core.package_identification[0m [1;30mLevel 1[0m _identify(src/image_processing_msgs) by extensions ['colcon_pkg']
[0.344s] [34mcolcon.colcon_core.package_identification[0m [1;30mLevel 1[0m _identify(src/image_processing_msgs) by extension 'colcon_pkg'
[0.344s] [34mcolcon.colcon_core.package_identification[0m [1;30mLevel 1[0m _identify(src/image_processing_msgs) by extensions ['colcon_meta']
[0.344s] [34mcolcon.colcon_core.package_identification[0m [1;30mLevel 1[0m _identify(src/image_processing_msgs) by extension 'colcon_meta'
[0.344s] [34mcolcon.colcon_core.package_identification[0m [1;30mLevel 1[0m _identify(src/image_processing_msgs) by extensions ['ros']
[0.344s] [34mcolcon.colcon_core.package_identification[0m [1;30mLevel 1[0m _identify(src/image_processing_msgs) by extension 'ros'
[0.345s] [34mcolcon.colcon_core.package_identification[0m [1;30mDEBUG[0m [32mPackage 'src/image_processing_msgs' with type 'ros.ament_cmake' and name 'image_processing_msgs'[0m
[0.345s] [34mcolcon.colcon_core.package_identification[0m [1;30mLevel 1[0m _identify(src/px4_msgs) by extensions ['ignore', 'ignore_ament_install']
[0.345s] [34mcolcon.colcon_core.package_identification[0m [1;30mLevel 1[0m _identify(src/px4_msgs) by extension 'ignore'
[0.345s] [34mcolcon.colcon_core.package_identification[0m [1;30mLevel 1[0m _identify(src/px4_msgs) by extension 'ignore_ament_install'
[0.345s] [34mcolcon.colcon_core.package_identification[0m [1;30mLevel 1[0m _identify(src/px4_msgs) by extensions ['colcon_pkg']
[0.345s] [34mcolcon.colcon_core.package_identification[0m [1;30mLevel 1[0m _identify(src/px4_msgs) by extension 'colcon_pkg'
[0.345s] [34mcolcon.colcon_core.package_identification[0m [1;30mLevel 1[0m _identify(src/px4_msgs) by extensions ['colcon_meta']
[0.345s] [34mcolcon.colcon_core.package_identification[0m [1;30mLevel 1[0m _identify(src/px4_msgs) by extension 'colcon_meta'
[0.346s] [34mcolcon.colcon_core.package_identification[0m [1;30mLevel 1[0m _identify(src/px4_msgs) by extensions ['ros']
[0.346s] [34mcolcon.colcon_core.package_identification[0m [1;30mLevel 1[0m _identify(src/px4_msgs) by extension 'ros'
[0.347s] [34mcolcon.colcon_core.package_identification[0m [1;30mDEBUG[0m [32mPackage 'src/px4_msgs' with type 'ros.ament_cmake' and name 'px4_msgs'[0m
[0.347s] [34mcolcon.colcon_core.package_discovery[0m [1;30mLevel 1[0m discover_packages(recursive) using defaults
[0.347s] [34mcolcon.colcon_core.package_discovery[0m [1;30mLevel 1[0m discover_packages(ignore) discover
[0.347s] [34mcolcon.colcon_core.package_discovery[0m [1;30mLevel 1[0m discover_packages(ignore) using defaults
[0.347s] [34mcolcon.colcon_core.package_discovery[0m [1;30mLevel 1[0m discover_packages(path) discover
[0.347s] [34mcolcon.colcon_core.package_discovery[0m [1;30mLevel 1[0m discover_packages(path) using defaults
[0.365s] [34mcolcon.colcon_core.package_discovery[0m [1;30mLevel 1[0m discover_packages(prefix_path) check parameters
[0.366s] [34mcolcon.colcon_core.package_discovery[0m [1;30mLevel 1[0m discover_packages(prefix_path) discover
[0.367s] [34mcolcon.colcon_installed_package_information.package_discovery[0m [1;30mDEBUG[0m [32mFound 4 installed packages in /home/cjabrantes/ros2_px4_offboard_example_ws/install[0m
[0.369s] [34mcolcon.colcon_installed_package_information.package_discovery[0m [1;30mDEBUG[0m [32mFound 278 installed packages in /opt/ros/humble[0m
[0.382s] [34mcolcon.colcon_core.package_discovery[0m [1;30mLevel 1[0m discover_packages(prefix_path) using defaults
[0.420s] [34mcolcon.colcon_core.verb[0m [1;30mLevel 5[0m set package 'image_processing_msgs' build argument 'cmake_args' from command line to 'None'
[0.420s] [34mcolcon.colcon_core.verb[0m [1;30mLevel 5[0m set package 'image_processing_msgs' build argument 'cmake_target' from command line to 'None'
[0.420s] [34mcolcon.colcon_core.verb[0m [1;30mLevel 5[0m set package 'image_processing_msgs' build argument 'cmake_target_skip_unavailable' from command line to 'False'
[0.420s] [34mcolcon.colcon_core.verb[0m [1;30mLevel 5[0m set package 'image_processing_msgs' build argument 'cmake_clean_cache' from command line to 'False'
[0.420s] [34mcolcon.colcon_core.verb[0m [1;30mLevel 5[0m set package 'image_processing_msgs' build argument 'cmake_clean_first' from command line to 'False'
[0.420s] [34mcolcon.colcon_core.verb[0m [1;30mLevel 5[0m set package 'image_processing_msgs' build argument 'cmake_force_configure' from command line to 'False'
[0.420s] [34mcolcon.colcon_core.verb[0m [1;30mLevel 5[0m set package 'image_processing_msgs' build argument 'ament_cmake_args' from command line to 'None'
[0.420s] [34mcolcon.colcon_core.verb[0m [1;30mLevel 5[0m set package 'image_processing_msgs' build argument 'catkin_cmake_args' from command line to 'None'
[0.420s] [34mcolcon.colcon_core.verb[0m [1;30mLevel 5[0m set package 'image_processing_msgs' build argument 'catkin_skip_building_tests' from command line to 'False'
[0.420s] [34mcolcon.colcon_core.verb[0m [1;30mDEBUG[0m [32mBuilding package 'image_processing_msgs' with the following arguments: {'ament_cmake_args': None, 'build_base': '/home/cjabrantes/ros2_px4_offboard_example_ws/build/image_processing_msgs', 'catkin_cmake_args': None, 'catkin_skip_building_tests': False, 'cmake_args': None, 'cmake_clean_cache': False, 'cmake_clean_first': False, 'cmake_force_configure': False, 'cmake_target': None, 'cmake_target_skip_unavailable': False, 'install_base': '/home/cjabrantes/ros2_px4_offboard_example_ws/install/image_processing_msgs', 'merge_install': False, 'path': '/home/cjabrantes/ros2_px4_offboard_example_ws/src/image_processing_msgs', 'symlink_install': False, 'test_result_base': None}[0m
[0.420s] [34mcolcon.colcon_core.verb[0m [1;30mLevel 5[0m set package 'px4_msgs' build argument 'cmake_args' from command line to 'None'
[0.421s] [34mcolcon.colcon_core.verb[0m [1;30mLevel 5[0m set package 'px4_msgs' build argument 'cmake_target' from command line to 'None'
[0.421s] [34mcolcon.colcon_core.verb[0m [1;30mLevel 5[0m set package 'px4_msgs' build argument 'cmake_target_skip_unavailable' from command line to 'False'
[0.421s] [34mcolcon.colcon_core.verb[0m [1;30mLevel 5[0m set package 'px4_msgs' build argument 'cmake_clean_cache' from command line to 'False'
[0.421s] [34mcolcon.colcon_core.verb[0m [1;30mLevel 5[0m set package 'px4_msgs' build argument 'cmake_clean_first' from command line to 'False'
[0.421s] [34mcolcon.colcon_core.verb[0m [1;30mLevel 5[0m set package 'px4_msgs' build argument 'cmake_force_configure' from command line to 'False'
[0.421s] [34mcolcon.colcon_core.verb[0m [1;30mLevel 5[0m set package 'px4_msgs' build argument 'ament_cmake_args' from command line to 'None'
[0.421s] [34mcolcon.colcon_core.verb[0m [1;30mLevel 5[0m set package 'px4_msgs' build argument 'catkin_cmake_args' from command line to 'None'
[0.421s] [34mcolcon.colcon_core.verb[0m [1;30mLevel 5[0m set package 'px4_msgs' build argument 'catkin_skip_building_tests' from command line to 'False'
[0.421s] [34mcolcon.colcon_core.verb[0m [1;30mDEBUG[0m [32mBuilding package 'px4_msgs' with the following arguments: {'ament_cmake_args': None, 'build_base': '/home/cjabrantes/ros2_px4_offboard_example_ws/build/px4_msgs', 'catkin_cmake_args': None, 'catkin_skip_building_tests': False, 'cmake_args': None, 'cmake_clean_cache': False, 'cmake_clean_first': False, 'cmake_force_configure': False, 'cmake_target': None, 'cmake_target_skip_unavailable': False, 'install_base': '/home/cjabrantes/ros2_px4_offboard_example_ws/install/px4_msgs', 'merge_install': False, 'path': '/home/cjabrantes/ros2_px4_offboard_example_ws/src/px4_msgs', 'symlink_install': False, 'test_result_base': None}[0m
[0.421s] [34mcolcon.colcon_core.verb[0m [1;30mLevel 5[0m set package 'image_processing' build argument 'cmake_args' from command line to 'None'
[0.421s] [34mcolcon.colcon_core.verb[0m [1;30mLevel 5[0m set package 'image_processing' build argument 'cmake_target' from command line to 'None'
[0.421s] [34mcolcon.colcon_core.verb[0m [1;30mLevel 5[0m set package 'image_processing' build argument 'cmake_target_skip_unavailable' from command line to 'False'
[0.421s] [34mcolcon.colcon_core.verb[0m [1;30mLevel 5[0m set package 'image_processing' build argument 'cmake_clean_cache' from command line to 'False'
[0.421s] [34mcolcon.colcon_core.verb[0m [1;30mLevel 5[0m set package 'image_processing' build argument 'cmake_clean_first' from command line to 'False'
[0.421s] [34mcolcon.colcon_core.verb[0m [1;30mLevel 5[0m set package 'image_processing' build argument 'cmake_force_configure' from command line to 'False'
[0.421s] [34mcolcon.colcon_core.verb[0m [1;30mLevel 5[0m set package 'image_processing' build argument 'ament_cmake_args' from command line to 'None'
[0.421s] [34mcolcon.colcon_core.verb[0m [1;30mLevel 5[0m set package 'image_processing' build argument 'catkin_cmake_args' from command line to 'None'
[0.421s] [34mcolcon.colcon_core.verb[0m [1;30mLevel 5[0m set package 'image_processing' build argument 'catkin_skip_building_tests' from command line to 'False'
[0.421s] [34mcolcon.colcon_core.verb[0m [1;30mDEBUG[0m [32mBuilding package 'image_processing' with the following arguments: {'ament_cmake_args': None, 'build_base': '/home/cjabrantes/ros2_px4_offboard_example_ws/build/image_processing', 'catkin_cmake_args': None, 'catkin_skip_building_tests': False, 'cmake_args': None, 'cmake_clean_cache': False, 'cmake_clean_first': False, 'cmake_force_configure': False, 'cmake_target': None, 'cmake_target_skip_unavailable': False, 'install_base': '/home/cjabrantes/ros2_px4_offboard_example_ws/install/image_processing', 'merge_install': False, 'path': '/home/cjabrantes/ros2_px4_offboard_example_ws/src/image_processing', 'symlink_install': False, 'test_result_base': None}[0m
[0.422s] [34mcolcon.colcon_core.verb[0m [1;30mLevel 5[0m set package 'px4_offboard' build argument 'cmake_args' from command line to 'None'
[0.422s] [34mcolcon.colcon_core.verb[0m [1;30mLevel 5[0m set package 'px4_offboard' build argument 'cmake_target' from command line to 'None'
[0.422s] [34mcolcon.colcon_core.verb[0m [1;30mLevel 5[0m set package 'px4_offboard' build argument 'cmake_target_skip_unavailable' from command line to 'False'
[0.422s] [34mcolcon.colcon_core.verb[0m [1;30mLevel 5[0m set package 'px4_offboard' build argument 'cmake_clean_cache' from command line to 'False'
[0.422s] [34mcolcon.colcon_core.verb[0m [1;30mLevel 5[0m set package 'px4_offboard' build argument 'cmake_clean_first' from command line to 'False'
[0.422s] [34mcolcon.colcon_core.verb[0m [1;30mLevel 5[0m set package 'px4_offboard' build argument 'cmake_force_configure' from command line to 'False'
[0.422s] [34mcolcon.colcon_core.verb[0m [1;30mLevel 5[0m set package 'px4_offboard' build argument 'ament_cmake_args' from command line to 'None'
[0.422s] [34mcolcon.colcon_core.verb[0m [1;30mLevel 5[0m set package 'px4_offboard' build argument 'catkin_cmake_args' from command line to 'None'
[0.422s] [34mcolcon.colcon_core.verb[0m [1;30mLevel 5[0m set package 'px4_offboard' build argument 'catkin_skip_building_tests' from command line to 'False'
[0.422s] [34mcolcon.colcon_core.verb[0m [1;30mDEBUG[0m [32mBuilding package 'px4_offboard' with the following arguments: {'ament_cmake_args': None, 'build_base': '/home/cjabrantes/ros2_px4_offboard_example_ws/build/px4_offboard', 'catkin_cmake_args': None, 'catkin_skip_building_tests': False, 'cmake_args': None, 'cmake_clean_cache': False, 'cmake_clean_first': False, 'cmake_force_configure': False, 'cmake_target': None, 'cmake_target_skip_unavailable': False, 'install_base': '/home/cjabrantes/ros2_px4_offboard_example_ws/install/px4_offboard', 'merge_install': False, 'path': '/home/cjabrantes/ros2_px4_offboard_example_ws/src/ROS2_PX4_Offboard_Example/px4_offboard', 'symlink_install': False, 'test_result_base': None}[0m
[0.422s] [34mcolcon.colcon_core.executor[0m [1;30mINFO[0m Executing jobs using 'parallel' executor
[0.424s] [34mcolcon.colcon_parallel_executor.executor.parallel[0m [1;30mDEBUG[0m [32mrun_until_complete[0m
[0.424s] [34mcolcon.colcon_ros.task.ament_cmake.build[0m [1;30mINFO[0m Building ROS package in '/home/cjabrantes/ros2_px4_offboard_example_ws/src/image_processing_msgs' with build type 'ament_cmake'
[0.424s] [34mcolcon.colcon_cmake.task.cmake.build[0m [1;30mINFO[0m Building CMake package in '/home/cjabrantes/ros2_px4_offboard_example_ws/src/image_processing_msgs'
[0.427s] [34mcolcon.colcon_core.plugin_system[0m [1;30mINFO[0m Skipping extension 'colcon_core.shell.bat': Not used on non-Windows systems
[0.427s] [34mcolcon.colcon_core.shell[0m [1;30mINFO[0m Skip shell extension 'powershell' for command environment: Not usable outside of PowerShell
[0.427s] [34mcolcon.colcon_core.shell[0m [1;30mDEBUG[0m [32mSkip shell extension 'dsv' for command environment[0m
[0.433s] [34mcolcon.colcon_ros.task.ament_cmake.build[0m [1;30mINFO[0m Building ROS package in '/home/cjabrantes/ros2_px4_offboard_example_ws/src/px4_msgs' with build type 'ament_cmake'
[0.434s] [34mcolcon.colcon_cmake.task.cmake.build[0m [1;30mINFO[0m Building CMake package in '/home/cjabrantes/ros2_px4_offboard_example_ws/src/px4_msgs'
[0.434s] [34mcolcon.colcon_core.shell[0m [1;30mINFO[0m Skip shell extension 'powershell' for command environment: Not usable outside of PowerShell
[0.434s] [34mcolcon.colcon_core.shell[0m [1;30mDEBUG[0m [32mSkip shell extension 'dsv' for command environment[0m
[0.446s] [34mcolcon.colcon_core.event_handler.log_command[0m [1;30mDEBUG[0m [32mInvoking command in '/home/cjabrantes/ros2_px4_offboard_example_ws/build/image_processing_msgs': CMAKE_PREFIX_PATH=${CMAKE_PREFIX_PATH}:/home/cjabrantes/ros2_px4_offboard_example_ws/install/px4_offboard:/home/cjabrantes/ros2_px4_offboard_example_ws/install/image_processing:/opt/ros/humble /usr/bin/cmake --build /home/cjabrantes/ros2_px4_offboard_example_ws/build/image_processing_msgs -- -j12 -l12[0m
[0.450s] [34mcolcon.colcon_core.event_handler.log_command[0m [1;30mDEBUG[0m [32mInvoking command in '/home/cjabrantes/ros2_px4_offboard_example_ws/build/px4_msgs': CMAKE_PREFIX_PATH=${CMAKE_PREFIX_PATH}:/home/cjabrantes/ros2_px4_offboard_example_ws/install/px4_offboard:/home/cjabrantes/ros2_px4_offboard_example_ws/install/image_processing:/opt/ros/humble /usr/bin/cmake --build /home/cjabrantes/ros2_px4_offboard_example_ws/build/px4_msgs -- -j12 -l12[0m
[0.959s] [34mcolcon.colcon_core.event_handler.log_command[0m [1;30mDEBUG[0m [32mInvoked command in '/home/cjabrantes/ros2_px4_offboard_example_ws/build/image_processing_msgs' returned '0': CMAKE_PREFIX_PATH=${CMAKE_PREFIX_PATH}:/home/cjabrantes/ros2_px4_offboard_example_ws/install/px4_offboard:/home/cjabrantes/ros2_px4_offboard_example_ws/install/image_processing:/opt/ros/humble /usr/bin/cmake --build /home/cjabrantes/ros2_px4_offboard_example_ws/build/image_processing_msgs -- -j12 -l12[0m
[0.973s] [34mcolcon.colcon_core.event_handler.log_command[0m [1;30mDEBUG[0m [32mInvoking command in '/home/cjabrantes/ros2_px4_offboard_example_ws/build/image_processing_msgs': CMAKE_PREFIX_PATH=${CMAKE_PREFIX_PATH}:/home/cjabrantes/ros2_px4_offboard_example_ws/install/px4_offboard:/home/cjabrantes/ros2_px4_offboard_example_ws/install/image_processing:/opt/ros/humble /usr/bin/cmake --install /home/cjabrantes/ros2_px4_offboard_example_ws/build/image_processing_msgs[0m
[1.130s] [34mcolcon.colcon_core.environment[0m [1;30mLevel 1[0m create_environment_scripts_only(image_processing_msgs)
[1.130s] [34mcolcon.colcon_core.event_handler.log_command[0m [1;30mDEBUG[0m [32mInvoked command in '/home/cjabrantes/ros2_px4_offboard_example_ws/build/image_processing_msgs' returned '0': CMAKE_PREFIX_PATH=${CMAKE_PREFIX_PATH}:/home/cjabrantes/ros2_px4_offboard_example_ws/install/px4_offboard:/home/cjabrantes/ros2_px4_offboard_example_ws/install/image_processing:/opt/ros/humble /usr/bin/cmake --install /home/cjabrantes/ros2_px4_offboard_example_ws/build/image_processing_msgs[0m
[1.134s] [34mcolcon.colcon_core.environment[0m [1;30mLevel 1[0m checking '/home/cjabrantes/ros2_px4_offboard_example_ws/install/image_processing_msgs' for CMake module files
[1.135s] [34mcolcon.colcon_core.environment[0m [1;30mLevel 1[0m checking '/home/cjabrantes/ros2_px4_offboard_example_ws/install/image_processing_msgs' for CMake config files
[1.139s] [34mcolcon.colcon_core.shell[0m [1;30mLevel 1[0m create_environment_hook('image_processing_msgs', 'cmake_prefix_path')
[1.139s] [34mcolcon.colcon_core.shell[0m [1;30mINFO[0m Creating environment hook '/home/cjabrantes/ros2_px4_offboard_example_ws/install/image_processing_msgs/share/image_processing_msgs/hook/cmake_prefix_path.ps1'
[1.140s] [34mcolcon.colcon_core.shell[0m [1;30mINFO[0m Creating environment descriptor '/home/cjabrantes/ros2_px4_offboard_example_ws/install/image_processing_msgs/share/image_processing_msgs/hook/cmake_prefix_path.dsv'
[1.144s] [34mcolcon.colcon_core.shell[0m [1;30mINFO[0m Creating environment hook '/home/cjabrantes/ros2_px4_offboard_example_ws/install/image_processing_msgs/share/image_processing_msgs/hook/cmake_prefix_path.sh'
[1.147s] [34mcolcon.colcon_core.environment[0m [1;30mLevel 1[0m checking '/home/cjabrantes/ros2_px4_offboard_example_ws/install/image_processing_msgs/lib'
[1.148s] [34mcolcon.colcon_core.shell[0m [1;30mLevel 1[0m create_environment_hook('image_processing_msgs', 'ld_library_path_lib')
[1.148s] [34mcolcon.colcon_core.shell[0m [1;30mINFO[0m Creating environment hook '/home/cjabrantes/ros2_px4_offboard_example_ws/install/image_processing_msgs/share/image_processing_msgs/hook/ld_library_path_lib.ps1'
[1.149s] [34mcolcon.colcon_core.shell[0m [1;30mINFO[0m Creating environment descriptor '/home/cjabrantes/ros2_px4_offboard_example_ws/install/image_processing_msgs/share/image_processing_msgs/hook/ld_library_path_lib.dsv'
[1.149s] [34mcolcon.colcon_core.shell[0m [1;30mINFO[0m Creating environment hook '/home/cjabrantes/ros2_px4_offboard_example_ws/install/image_processing_msgs/share/image_processing_msgs/hook/ld_library_path_lib.sh'
[1.150s] [34mcolcon.colcon_core.environment[0m [1;30mLevel 1[0m checking '/home/cjabrantes/ros2_px4_offboard_example_ws/install/image_processing_msgs/bin'
[1.150s] [34mcolcon.colcon_core.environment[0m [1;30mLevel 1[0m checking '/home/cjabrantes/ros2_px4_offboard_example_ws/install/image_processing_msgs/lib/pkgconfig/image_processing_msgs.pc'
[1.151s] [34mcolcon.colcon_core.environment[0m [1;30mLevel 1[0m checking '/home/cjabrantes/ros2_px4_offboard_example_ws/install/image_processing_msgs/lib/python3.10/site-packages'
[1.151s] [34mcolcon.colcon_core.environment[0m [1;30mLevel 1[0m checking '/home/cjabrantes/ros2_px4_offboard_example_ws/install/image_processing_msgs/bin'
[1.152s] [34mcolcon.colcon_core.shell[0m [1;30mINFO[0m Creating package script '/home/cjabrantes/ros2_px4_offboard_example_ws/install/image_processing_msgs/share/image_processing_msgs/package.ps1'
[1.154s] [34mcolcon.colcon_core.shell[0m [1;30mINFO[0m Creating package descriptor '/home/cjabrantes/ros2_px4_offboard_example_ws/install/image_processing_msgs/share/image_processing_msgs/package.dsv'
[1.155s] [34mcolcon.colcon_core.shell[0m [1;30mINFO[0m Creating package script '/home/cjabrantes/ros2_px4_offboard_example_ws/install/image_processing_msgs/share/image_processing_msgs/package.sh'
[1.156s] [34mcolcon.colcon_core.shell[0m [1;30mINFO[0m Creating package script '/home/cjabrantes/ros2_px4_offboard_example_ws/install/image_processing_msgs/share/image_processing_msgs/package.bash'
[1.158s] [34mcolcon.colcon_core.shell[0m [1;30mINFO[0m Creating package script '/home/cjabrantes/ros2_px4_offboard_example_ws/install/image_processing_msgs/share/image_processing_msgs/package.zsh'
[1.159s] [34mcolcon.colcon_core.environment[0m [1;30mLevel 1[0m create_file_with_runtime_dependencies(/home/cjabrantes/ros2_px4_offboard_example_ws/install/image_processing_msgs/share/colcon-core/packages/image_processing_msgs)
[1.160s] [34mcolcon.colcon_core.environment[0m [1;30mLevel 1[0m create_environment_scripts_only(image_processing_msgs)
[1.161s] [34mcolcon.colcon_core.environment[0m [1;30mLevel 1[0m checking '/home/cjabrantes/ros2_px4_offboard_example_ws/install/image_processing_msgs' for CMake module files
[1.162s] [34mcolcon.colcon_core.environment[0m [1;30mLevel 1[0m checking '/home/cjabrantes/ros2_px4_offboard_example_ws/install/image_processing_msgs' for CMake config files
[1.164s] [34mcolcon.colcon_core.shell[0m [1;30mLevel 1[0m create_environment_hook('image_processing_msgs', 'cmake_prefix_path')
[1.165s] [34mcolcon.colcon_core.shell[0m [1;30mINFO[0m Creating environment hook '/home/cjabrantes/ros2_px4_offboard_example_ws/install/image_processing_msgs/share/image_processing_msgs/hook/cmake_prefix_path.ps1'
[1.165s] [34mcolcon.colcon_core.shell[0m [1;30mINFO[0m Creating environment descriptor '/home/cjabrantes/ros2_px4_offboard_example_ws/install/image_processing_msgs/share/image_processing_msgs/hook/cmake_prefix_path.dsv'
[1.166s] [34mcolcon.colcon_core.shell[0m [1;30mINFO[0m Creating environment hook '/home/cjabrantes/ros2_px4_offboard_example_ws/install/image_processing_msgs/share/image_processing_msgs/hook/cmake_prefix_path.sh'
[1.166s] [34mcolcon.colcon_core.environment[0m [1;30mLevel 1[0m checking '/home/cjabrantes/ros2_px4_offboard_example_ws/install/image_processing_msgs/lib'
[1.166s] [34mcolcon.colcon_core.shell[0m [1;30mLevel 1[0m create_environment_hook('image_processing_msgs', 'ld_library_path_lib')
[1.167s] [34mcolcon.colcon_core.shell[0m [1;30mINFO[0m Creating environment hook '/home/cjabrantes/ros2_px4_offboard_example_ws/install/image_processing_msgs/share/image_processing_msgs/hook/ld_library_path_lib.ps1'
[1.167s] [34mcolcon.colcon_core.shell[0m [1;30mINFO[0m Creating environment descriptor '/home/cjabrantes/ros2_px4_offboard_example_ws/install/image_processing_msgs/share/image_processing_msgs/hook/ld_library_path_lib.dsv'
[1.167s] [34mcolcon.colcon_core.shell[0m [1;30mINFO[0m Creating environment hook '/home/cjabrantes/ros2_px4_offboard_example_ws/install/image_processing_msgs/share/image_processing_msgs/hook/ld_library_path_lib.sh'
[1.168s] [34mcolcon.colcon_core.environment[0m [1;30mLevel 1[0m checking '/home/cjabrantes/ros2_px4_offboard_example_ws/install/image_processing_msgs/bin'
[1.168s] [34mcolcon.colcon_core.environment[0m [1;30mLevel 1[0m checking '/home/cjabrantes/ros2_px4_offboard_example_ws/install/image_processing_msgs/lib/pkgconfig/image_processing_msgs.pc'
[1.168s] [34mcolcon.colcon_core.environment[0m [1;30mLevel 1[0m checking '/home/cjabrantes/ros2_px4_offboard_example_ws/install/image_processing_msgs/lib/python3.10/site-packages'
[1.168s] [34mcolcon.colcon_core.environment[0m [1;30mLevel 1[0m checking '/home/cjabrantes/ros2_px4_offboard_example_ws/install/image_processing_msgs/bin'
[1.169s] [34mcolcon.colcon_core.shell[0m [1;30mINFO[0m Creating package script '/home/cjabrantes/ros2_px4_offboard_example_ws/install/image_processing_msgs/share/image_processing_msgs/package.ps1'
[1.169s] [34mcolcon.colcon_core.shell[0m [1;30mINFO[0m Creating package descriptor '/home/cjabrantes/ros2_px4_offboard_example_ws/install/image_processing_msgs/share/image_processing_msgs/package.dsv'
[1.170s] [34mcolcon.colcon_core.shell[0m [1;30mINFO[0m Creating package script '/home/cjabrantes/ros2_px4_offboard_example_ws/install/image_processing_msgs/share/image_processing_msgs/package.sh'
[1.172s] [34mcolcon.colcon_core.shell[0m [1;30mINFO[0m Creating package script '/home/cjabrantes/ros2_px4_offboard_example_ws/install/image_processing_msgs/share/image_processing_msgs/package.bash'
[1.173s] [34mcolcon.colcon_core.shell[0m [1;30mINFO[0m Creating package script '/home/cjabrantes/ros2_px4_offboard_example_ws/install/image_processing_msgs/share/image_processing_msgs/package.zsh'
[1.174s] [34mcolcon.colcon_core.environment[0m [1;30mLevel 1[0m create_file_with_runtime_dependencies(/home/cjabrantes/ros2_px4_offboard_example_ws/install/image_processing_msgs/share/colcon-core/packages/image_processing_msgs)
[1.176s] [34mcolcon.colcon_ros.task.ament_python.build[0m [1;30mINFO[0m Building ROS package in '/home/cjabrantes/ros2_px4_offboard_example_ws/src/image_processing' with build type 'ament_python'
[1.176s] [34mcolcon.colcon_core.shell[0m [1;30mLevel 1[0m create_environment_hook('image_processing', 'ament_prefix_path')
[1.177s] [34mcolcon.colcon_core.shell[0m [1;30mINFO[0m Creating environment hook '/home/cjabrantes/ros2_px4_offboard_example_ws/install/image_processing/share/image_processing/hook/ament_prefix_path.ps1'
[1.178s] [34mcolcon.colcon_core.shell[0m [1;30mINFO[0m Creating environment descriptor '/home/cjabrantes/ros2_px4_offboard_example_ws/install/image_processing/share/image_processing/hook/ament_prefix_path.dsv'
[1.179s] [34mcolcon.colcon_core.shell[0m [1;30mINFO[0m Creating environment hook '/home/cjabrantes/ros2_px4_offboard_example_ws/install/image_processing/share/image_processing/hook/ament_prefix_path.sh'
[1.179s] [34mcolcon.colcon_core.shell[0m [1;30mINFO[0m Skip shell extension 'powershell' for command environment: Not usable outside of PowerShell
[1.179s] [34mcolcon.colcon_core.shell[0m [1;30mDEBUG[0m [32mSkip shell extension 'dsv' for command environment[0m
[1.533s] [34mcolcon.colcon_core.task.python.build[0m [1;30mINFO[0m Building Python package in '/home/cjabrantes/ros2_px4_offboard_example_ws/src/image_processing'
[1.533s] [34mcolcon.colcon_core.shell[0m [1;30mINFO[0m Skip shell extension 'powershell' for command environment: Not usable outside of PowerShell
[1.533s] [34mcolcon.colcon_core.shell[0m [1;30mDEBUG[0m [32mSkip shell extension 'dsv' for command environment[0m
[1.652s] [34mcolcon.colcon_core.event_handler.log_command[0m [1;30mDEBUG[0m [32mInvoked command in '/home/cjabrantes/ros2_px4_offboard_example_ws/build/px4_msgs' returned '0': CMAKE_PREFIX_PATH=${CMAKE_PREFIX_PATH}:/home/cjabrantes/ros2_px4_offboard_example_ws/install/px4_offboard:/home/cjabrantes/ros2_px4_offboard_example_ws/install/image_processing:/opt/ros/humble /usr/bin/cmake --build /home/cjabrantes/ros2_px4_offboard_example_ws/build/px4_msgs -- -j12 -l12[0m
[1.652s] [34mcolcon.colcon_core.event_handler.log_command[0m [1;30mDEBUG[0m [32mInvoking command in '/home/cjabrantes/ros2_px4_offboard_example_ws/build/px4_msgs': CMAKE_PREFIX_PATH=${CMAKE_PREFIX_PATH}:/home/cjabrantes/ros2_px4_offboard_example_ws/install/px4_offboard:/home/cjabrantes/ros2_px4_offboard_example_ws/install/image_processing:/opt/ros/humble /usr/bin/cmake --install /home/cjabrantes/ros2_px4_offboard_example_ws/build/px4_msgs[0m
[2.179s] [34mcolcon.colcon_core.event_handler.log_command[0m [1;30mDEBUG[0m [32mInvoking command in '/home/cjabrantes/ros2_px4_offboard_example_ws/src/image_processing': CMAKE_PREFIX_PATH=/home/cjabrantes/ros2_px4_offboard_example_ws/install/image_processing_msgs:/home/cjabrantes/ros2_px4_offboard_example_ws/install/px4_msgs LD_LIBRARY_PATH=/home/cjabrantes/ros2_px4_offboard_example_ws/install/image_processing_msgs/lib:/home/cjabrantes/ros2_px4_offboard_example_ws/install/px4_msgs/lib:/opt/ros/humble/opt/rviz_ogre_vendor/lib:/opt/ros/humble/lib/x86_64-linux-gnu:/opt/ros/humble/lib PYTHONPATH=/home/cjabrantes/ros2_px4_offboard_example_ws/build/image_processing/prefix_override:/home/cjabrantes/.local/lib/python3.10/site-packages/colcon_core/task/python/colcon_distutils_commands:/home/cjabrantes/ros2_px4_offboard_example_ws/install/image_processing/lib/python3.10/site-packages:${PYTHONPATH} /usr/bin/python3 -W ignore:setup.py install is deprecated -W ignore:easy_install command is deprecated setup.py egg_info --egg-base ../../build/image_processing build --build-base /home/cjabrantes/ros2_px4_offboard_example_ws/build/image_processing/build install --record /home/cjabrantes/ros2_px4_offboard_example_ws/build/image_processing/install.log --single-version-externally-managed install_data[0m
[2.512s] [34mcolcon.colcon_core.environment[0m [1;30mLevel 1[0m create_environment_scripts_only(px4_msgs)
[2.512s] [34mcolcon.colcon_core.environment[0m [1;30mLevel 1[0m checking '/home/cjabrantes/ros2_px4_offboard_example_ws/install/px4_msgs' for CMake module files
[2.513s] [34mcolcon.colcon_core.environment[0m [1;30mLevel 1[0m checking '/home/cjabrantes/ros2_px4_offboard_example_ws/install/px4_msgs' for CMake config files
[2.514s] [34mcolcon.colcon_core.event_handler.log_command[0m [1;30mDEBUG[0m [32mInvoked command in '/home/cjabrantes/ros2_px4_offboard_example_ws/build/px4_msgs' returned '0': CMAKE_PREFIX_PATH=${CMAKE_PREFIX_PATH}:/home/cjabrantes/ros2_px4_offboard_example_ws/install/px4_offboard:/home/cjabrantes/ros2_px4_offboard_example_ws/install/image_processing:/opt/ros/humble /usr/bin/cmake --install /home/cjabrantes/ros2_px4_offboard_example_ws/build/px4_msgs[0m
[2.553s] [34mcolcon.colcon_core.shell[0m [1;30mLevel 1[0m create_environment_hook('px4_msgs', 'cmake_prefix_path')
[2.554s] [34mcolcon.colcon_core.shell[0m [1;30mINFO[0m Creating environment hook '/home/cjabrantes/ros2_px4_offboard_example_ws/install/px4_msgs/share/px4_msgs/hook/cmake_prefix_path.ps1'
[2.555s] [34mcolcon.colcon_core.shell[0m [1;30mINFO[0m Creating environment descriptor '/home/cjabrantes/ros2_px4_offboard_example_ws/install/px4_msgs/share/px4_msgs/hook/cmake_prefix_path.dsv'
[2.555s] [34mcolcon.colcon_core.shell[0m [1;30mINFO[0m Creating environment hook '/home/cjabrantes/ros2_px4_offboard_example_ws/install/px4_msgs/share/px4_msgs/hook/cmake_prefix_path.sh'
[2.556s] [34mcolcon.colcon_core.environment[0m [1;30mLevel 1[0m checking '/home/cjabrantes/ros2_px4_offboard_example_ws/install/px4_msgs/lib'
[2.556s] [34mcolcon.colcon_core.shell[0m [1;30mLevel 1[0m create_environment_hook('px4_msgs', 'ld_library_path_lib')
[2.556s] [34mcolcon.colcon_core.shell[0m [1;30mINFO[0m Creating environment hook '/home/cjabrantes/ros2_px4_offboard_example_ws/install/px4_msgs/share/px4_msgs/hook/ld_library_path_lib.ps1'
[2.557s] [34mcolcon.colcon_core.shell[0m [1;30mINFO[0m Creating environment descriptor '/home/cjabrantes/ros2_px4_offboard_example_ws/install/px4_msgs/share/px4_msgs/hook/ld_library_path_lib.dsv'
[2.558s] [34mcolcon.colcon_core.shell[0m [1;30mINFO[0m Creating environment hook '/home/cjabrantes/ros2_px4_offboard_example_ws/install/px4_msgs/share/px4_msgs/hook/ld_library_path_lib.sh'
[2.558s] [34mcolcon.colcon_core.environment[0m [1;30mLevel 1[0m checking '/home/cjabrantes/ros2_px4_offboard_example_ws/install/px4_msgs/bin'
[2.559s] [34mcolcon.colcon_core.environment[0m [1;30mLevel 1[0m checking '/home/cjabrantes/ros2_px4_offboard_example_ws/install/px4_msgs/lib/pkgconfig/px4_msgs.pc'
[2.559s] [34mcolcon.colcon_core.environment[0m [1;30mLevel 1[0m checking '/home/cjabrantes/ros2_px4_offboard_example_ws/install/px4_msgs/lib/python3.10/site-packages'
[2.559s] [34mcolcon.colcon_core.environment[0m [1;30mLevel 1[0m checking '/home/cjabrantes/ros2_px4_offboard_example_ws/install/px4_msgs/bin'
[2.559s] [34mcolcon.colcon_core.shell[0m [1;30mINFO[0m Creating package script '/home/cjabrantes/ros2_px4_offboard_example_ws/install/px4_msgs/share/px4_msgs/package.ps1'
[2.560s] [34mcolcon.colcon_core.shell[0m [1;30mINFO[0m Creating package descriptor '/home/cjabrantes/ros2_px4_offboard_example_ws/install/px4_msgs/share/px4_msgs/package.dsv'
[2.560s] [34mcolcon.colcon_core.shell[0m [1;30mINFO[0m Creating package script '/home/cjabrantes/ros2_px4_offboard_example_ws/install/px4_msgs/share/px4_msgs/package.sh'
[2.561s] [34mcolcon.colcon_core.shell[0m [1;30mINFO[0m Creating package script '/home/cjabrantes/ros2_px4_offboard_example_ws/install/px4_msgs/share/px4_msgs/package.bash'
[2.561s] [34mcolcon.colcon_core.shell[0m [1;30mINFO[0m Creating package script '/home/cjabrantes/ros2_px4_offboard_example_ws/install/px4_msgs/share/px4_msgs/package.zsh'
[2.562s] [34mcolcon.colcon_core.environment[0m [1;30mLevel 1[0m create_file_with_runtime_dependencies(/home/cjabrantes/ros2_px4_offboard_example_ws/install/px4_msgs/share/colcon-core/packages/px4_msgs)
[2.564s] [34mcolcon.colcon_core.environment[0m [1;30mLevel 1[0m create_environment_scripts_only(px4_msgs)
[2.564s] [34mcolcon.colcon_core.environment[0m [1;30mLevel 1[0m checking '/home/cjabrantes/ros2_px4_offboard_example_ws/install/px4_msgs' for CMake module files
[2.565s] [34mcolcon.colcon_core.environment[0m [1;30mLevel 1[0m checking '/home/cjabrantes/ros2_px4_offboard_example_ws/install/px4_msgs' for CMake config files
[2.602s] [34mcolcon.colcon_core.shell[0m [1;30mLevel 1[0m create_environment_hook('px4_msgs', 'cmake_prefix_path')
[2.603s] [34mcolcon.colcon_core.shell[0m [1;30mINFO[0m Creating environment hook '/home/cjabrantes/ros2_px4_offboard_example_ws/install/px4_msgs/share/px4_msgs/hook/cmake_prefix_path.ps1'
[2.604s] [34mcolcon.colcon_core.shell[0m [1;30mINFO[0m Creating environment descriptor '/home/cjabrantes/ros2_px4_offboard_example_ws/install/px4_msgs/share/px4_msgs/hook/cmake_prefix_path.dsv'
[2.606s] [34mcolcon.colcon_core.shell[0m [1;30mINFO[0m Creating environment hook '/home/cjabrantes/ros2_px4_offboard_example_ws/install/px4_msgs/share/px4_msgs/hook/cmake_prefix_path.sh'
[2.607s] [34mcolcon.colcon_core.environment[0m [1;30mLevel 1[0m checking '/home/cjabrantes/ros2_px4_offboard_example_ws/install/px4_msgs/lib'
[2.607s] [34mcolcon.colcon_core.shell[0m [1;30mLevel 1[0m create_environment_hook('px4_msgs', 'ld_library_path_lib')
[2.607s] [34mcolcon.colcon_core.shell[0m [1;30mINFO[0m Creating environment hook '/home/cjabrantes/ros2_px4_offboard_example_ws/install/px4_msgs/share/px4_msgs/hook/ld_library_path_lib.ps1'
[2.609s] [34mcolcon.colcon_core.shell[0m [1;30mINFO[0m Creating environment descriptor '/home/cjabrantes/ros2_px4_offboard_example_ws/install/px4_msgs/share/px4_msgs/hook/ld_library_path_lib.dsv'
[2.609s] [34mcolcon.colcon_core.shell[0m [1;30mINFO[0m Creating environment hook '/home/cjabrantes/ros2_px4_offboard_example_ws/install/px4_msgs/share/px4_msgs/hook/ld_library_path_lib.sh'
[2.610s] [34mcolcon.colcon_core.environment[0m [1;30mLevel 1[0m checking '/home/cjabrantes/ros2_px4_offboard_example_ws/install/px4_msgs/bin'
[2.610s] [34mcolcon.colcon_core.environment[0m [1;30mLevel 1[0m checking '/home/cjabrantes/ros2_px4_offboard_example_ws/install/px4_msgs/lib/pkgconfig/px4_msgs.pc'
[2.611s] [34mcolcon.colcon_core.environment[0m [1;30mLevel 1[0m checking '/home/cjabrantes/ros2_px4_offboard_example_ws/install/px4_msgs/lib/python3.10/site-packages'
[2.611s] [34mcolcon.colcon_core.environment[0m [1;30mLevel 1[0m checking '/home/cjabrantes/ros2_px4_offboard_example_ws/install/px4_msgs/bin'
[2.612s] [34mcolcon.colcon_core.shell[0m [1;30mINFO[0m Creating package script '/home/cjabrantes/ros2_px4_offboard_example_ws/install/px4_msgs/share/px4_msgs/package.ps1'
[2.614s] [34mcolcon.colcon_core.shell[0m [1;30mINFO[0m Creating package descriptor '/home/cjabrantes/ros2_px4_offboard_example_ws/install/px4_msgs/share/px4_msgs/package.dsv'
[2.615s] [34mcolcon.colcon_core.shell[0m [1;30mINFO[0m Creating package script '/home/cjabrantes/ros2_px4_offboard_example_ws/install/px4_msgs/share/px4_msgs/package.sh'
[2.616s] [34mcolcon.colcon_core.shell[0m [1;30mINFO[0m Creating package script '/home/cjabrantes/ros2_px4_offboard_example_ws/install/px4_msgs/share/px4_msgs/package.bash'
[2.616s] [34mcolcon.colcon_core.shell[0m [1;30mINFO[0m Creating package script '/home/cjabrantes/ros2_px4_offboard_example_ws/install/px4_msgs/share/px4_msgs/package.zsh'
[2.617s] [34mcolcon.colcon_core.environment[0m [1;30mLevel 1[0m create_file_with_runtime_dependencies(/home/cjabrantes/ros2_px4_offboard_example_ws/install/px4_msgs/share/colcon-core/packages/px4_msgs)
[2.617s] [34mcolcon.colcon_ros.task.ament_python.build[0m [1;30mINFO[0m Building ROS package in '/home/cjabrantes/ros2_px4_offboard_example_ws/src/ROS2_PX4_Offboard_Example/px4_offboard' with build type 'ament_python'
[2.617s] [34mcolcon.colcon_core.shell[0m [1;30mLevel 1[0m create_environment_hook('px4_offboard', 'ament_prefix_path')
[2.618s] [34mcolcon.colcon_core.shell[0m [1;30mINFO[0m Creating environment hook '/home/cjabrantes/ros2_px4_offboard_example_ws/install/px4_offboard/share/px4_offboard/hook/ament_prefix_path.ps1'
[2.618s] [34mcolcon.colcon_core.shell[0m [1;30mINFO[0m Creating environment descriptor '/home/cjabrantes/ros2_px4_offboard_example_ws/install/px4_offboard/share/px4_offboard/hook/ament_prefix_path.dsv'
[2.619s] [34mcolcon.colcon_core.shell[0m [1;30mINFO[0m Creating environment hook '/home/cjabrantes/ros2_px4_offboard_example_ws/install/px4_offboard/share/px4_offboard/hook/ament_prefix_path.sh'
[2.620s] [34mcolcon.colcon_core.shell[0m [1;30mINFO[0m Skip shell extension 'powershell' for command environment: Not usable outside of PowerShell
[2.620s] [34mcolcon.colcon_core.shell[0m [1;30mDEBUG[0m [32mSkip shell extension 'dsv' for command environment[0m
[3.010s] [34mcolcon.colcon_core.task.python.build[0m [1;30mINFO[0m Building Python package in '/home/cjabrantes/ros2_px4_offboard_example_ws/src/ROS2_PX4_Offboard_Example/px4_offboard'
[3.011s] [34mcolcon.colcon_core.shell[0m [1;30mINFO[0m Skip shell extension 'powershell' for command environment: Not usable outside of PowerShell
[3.012s] [34mcolcon.colcon_core.shell[0m [1;30mDEBUG[0m [32mSkip shell extension 'dsv' for command environment[0m
[3.020s] [34mcolcon.colcon_core.environment[0m [1;30mLevel 1[0m checking '/home/cjabrantes/ros2_px4_offboard_example_ws/install/image_processing' for CMake module files
[3.020s] [34mcolcon.colcon_core.event_handler.log_command[0m [1;30mDEBUG[0m [32mInvoked command in '/home/cjabrantes/ros2_px4_offboard_example_ws/src/image_processing' returned '0': CMAKE_PREFIX_PATH=/home/cjabrantes/ros2_px4_offboard_example_ws/install/image_processing_msgs:/home/cjabrantes/ros2_px4_offboard_example_ws/install/px4_msgs LD_LIBRARY_PATH=/home/cjabrantes/ros2_px4_offboard_example_ws/install/image_processing_msgs/lib:/home/cjabrantes/ros2_px4_offboard_example_ws/install/px4_msgs/lib:/opt/ros/humble/opt/rviz_ogre_vendor/lib:/opt/ros/humble/lib/x86_64-linux-gnu:/opt/ros/humble/lib PYTHONPATH=/home/cjabrantes/ros2_px4_offboard_example_ws/build/image_processing/prefix_override:/home/cjabrantes/.local/lib/python3.10/site-packages/colcon_core/task/python/colcon_distutils_commands:/home/cjabrantes/ros2_px4_offboard_example_ws/install/image_processing/lib/python3.10/site-packages:${PYTHONPATH} /usr/bin/python3 -W ignore:setup.py install is deprecated -W ignore:easy_install command is deprecated setup.py egg_info --egg-base ../../build/image_processing build --build-base /home/cjabrantes/ros2_px4_offboard_example_ws/build/image_processing/build install --record /home/cjabrantes/ros2_px4_offboard_example_ws/build/image_processing/install.log --single-version-externally-managed install_data[0m
[3.021s] [34mcolcon.colcon_core.environment[0m [1;30mLevel 1[0m checking '/home/cjabrantes/ros2_px4_offboard_example_ws/install/image_processing' for CMake config files
[3.022s] [34mcolcon.colcon_core.environment[0m [1;30mLevel 1[0m checking '/home/cjabrantes/ros2_px4_offboard_example_ws/install/image_processing/lib'
[3.022s] [34mcolcon.colcon_core.environment[0m [1;30mLevel 1[0m checking '/home/cjabrantes/ros2_px4_offboard_example_ws/install/image_processing/bin'
[3.022s] [34mcolcon.colcon_core.environment[0m [1;30mLevel 1[0m checking '/home/cjabrantes/ros2_px4_offboard_example_ws/install/image_processing/lib/pkgconfig/image_processing.pc'
[3.023s] [34mcolcon.colcon_core.environment[0m [1;30mLevel 1[0m checking '/home/cjabrantes/ros2_px4_offboard_example_ws/install/image_processing/lib/python3.10/site-packages'
[3.023s] [34mcolcon.colcon_core.shell[0m [1;30mLevel 1[0m create_environment_hook('image_processing', 'pythonpath')
[3.024s] [34mcolcon.colcon_core.shell[0m [1;30mINFO[0m Creating environment hook '/home/cjabrantes/ros2_px4_offboard_example_ws/install/image_processing/share/image_processing/hook/pythonpath.ps1'
[3.024s] [34mcolcon.colcon_core.shell[0m [1;30mINFO[0m Creating environment descriptor '/home/cjabrantes/ros2_px4_offboard_example_ws/install/image_processing/share/image_processing/hook/pythonpath.dsv'
[3.025s] [34mcolcon.colcon_core.shell[0m [1;30mINFO[0m Creating environment hook '/home/cjabrantes/ros2_px4_offboard_example_ws/install/image_processing/share/image_processing/hook/pythonpath.sh'
[3.025s] [34mcolcon.colcon_core.environment[0m [1;30mLevel 1[0m checking '/home/cjabrantes/ros2_px4_offboard_example_ws/install/image_processing/bin'
[3.025s] [34mcolcon.colcon_core.environment[0m [1;30mLevel 1[0m create_environment_scripts_only(image_processing)
[3.026s] [34mcolcon.colcon_core.shell[0m [1;30mINFO[0m Creating package script '/home/cjabrantes/ros2_px4_offboard_example_ws/install/image_processing/share/image_processing/package.ps1'
[3.027s] [34mcolcon.colcon_core.shell[0m [1;30mINFO[0m Creating package descriptor '/home/cjabrantes/ros2_px4_offboard_example_ws/install/image_processing/share/image_processing/package.dsv'
[3.030s] [34mcolcon.colcon_core.shell[0m [1;30mINFO[0m Creating package script '/home/cjabrantes/ros2_px4_offboard_example_ws/install/image_processing/share/image_processing/package.sh'
[3.031s] [34mcolcon.colcon_core.shell[0m [1;30mINFO[0m Creating package script '/home/cjabrantes/ros2_px4_offboard_example_ws/install/image_processing/share/image_processing/package.bash'
[3.032s] [34mcolcon.colcon_core.shell[0m [1;30mINFO[0m Creating package script '/home/cjabrantes/ros2_px4_offboard_example_ws/install/image_processing/share/image_processing/package.zsh'
[3.032s] [34mcolcon.colcon_core.environment[0m [1;30mLevel 1[0m create_file_with_runtime_dependencies(/home/cjabrantes/ros2_px4_offboard_example_ws/install/image_processing/share/colcon-core/packages/image_processing)
[3.519s] [34mcolcon.colcon_core.event_handler.log_command[0m [1;30mDEBUG[0m [32mInvoking command in '/home/cjabrantes/ros2_px4_offboard_example_ws/src/ROS2_PX4_Offboard_Example/px4_offboard': PYTHONPATH=/home/cjabrantes/ros2_px4_offboard_example_ws/build/px4_offboard/prefix_override:/home/cjabrantes/.local/lib/python3.10/site-packages/colcon_core/task/python/colcon_distutils_commands:/home/cjabrantes/ros2_px4_offboard_example_ws/install/px4_offboard/lib/python3.10/site-packages:${PYTHONPATH} /usr/bin/python3 -W ignore:setup.py install is deprecated -W ignore:easy_install command is deprecated setup.py egg_info --egg-base ../../../build/px4_offboard build --build-base /home/cjabrantes/ros2_px4_offboard_example_ws/build/px4_offboard/build install --record /home/cjabrantes/ros2_px4_offboard_example_ws/build/px4_offboard/install.log --single-version-externally-managed install_data[0m
[3.890s] [34mcolcon.colcon_core.environment[0m [1;30mLevel 1[0m checking '/home/cjabrantes/ros2_px4_offboard_example_ws/install/px4_offboard' for CMake module files
[3.891s] [34mcolcon.colcon_core.environment[0m [1;30mLevel 1[0m checking '/home/cjabrantes/ros2_px4_offboard_example_ws/install/px4_offboard' for CMake config files
[3.892s] [34mcolcon.colcon_core.environment[0m [1;30mLevel 1[0m checking '/home/cjabrantes/ros2_px4_offboard_example_ws/install/px4_offboard/lib'
[3.892s] [34mcolcon.colcon_core.environment[0m [1;30mLevel 1[0m checking '/home/cjabrantes/ros2_px4_offboard_example_ws/install/px4_offboard/bin'
[3.892s] [34mcolcon.colcon_core.environment[0m [1;30mLevel 1[0m checking '/home/cjabrantes/ros2_px4_offboard_example_ws/install/px4_offboard/lib/pkgconfig/px4_offboard.pc'
[3.892s] [34mcolcon.colcon_core.environment[0m [1;30mLevel 1[0m checking '/home/cjabrantes/ros2_px4_offboard_example_ws/install/px4_offboard/lib/python3.10/site-packages'
[3.892s] [34mcolcon.colcon_core.shell[0m [1;30mLevel 1[0m create_environment_hook('px4_offboard', 'pythonpath')
[3.892s] [34mcolcon.colcon_core.shell[0m [1;30mINFO[0m Creating environment hook '/home/cjabrantes/ros2_px4_offboard_example_ws/install/px4_offboard/share/px4_offboard/hook/pythonpath.ps1'
[3.893s] [34mcolcon.colcon_core.shell[0m [1;30mINFO[0m Creating environment descriptor '/home/cjabrantes/ros2_px4_offboard_example_ws/install/px4_offboard/share/px4_offboard/hook/pythonpath.dsv'
[3.893s] [34mcolcon.colcon_core.shell[0m [1;30mINFO[0m Creating environment hook '/home/cjabrantes/ros2_px4_offboard_example_ws/install/px4_offboard/share/px4_offboard/hook/pythonpath.sh'
[3.895s] [34mcolcon.colcon_core.environment[0m [1;30mLevel 1[0m checking '/home/cjabrantes/ros2_px4_offboard_example_ws/install/px4_offboard/bin'
[3.895s] [34mcolcon.colcon_core.environment[0m [1;30mLevel 1[0m create_environment_scripts_only(px4_offboard)
[3.895s] [34mcolcon.colcon_core.shell[0m [1;30mINFO[0m Creating package script '/home/cjabrantes/ros2_px4_offboard_example_ws/install/px4_offboard/share/px4_offboard/package.ps1'
[3.895s] [34mcolcon.colcon_core.shell[0m [1;30mINFO[0m Creating package descriptor '/home/cjabrantes/ros2_px4_offboard_example_ws/install/px4_offboard/share/px4_offboard/package.dsv'
[3.896s] [34mcolcon.colcon_core.event_handler.log_command[0m [1;30mDEBUG[0m [32mInvoked command in '/home/cjabrantes/ros2_px4_offboard_example_ws/src/ROS2_PX4_Offboard_Example/px4_offboard' returned '0': PYTHONPATH=/home/cjabrantes/ros2_px4_offboard_example_ws/build/px4_offboard/prefix_override:/home/cjabrantes/.local/lib/python3.10/site-packages/colcon_core/task/python/colcon_distutils_commands:/home/cjabrantes/ros2_px4_offboard_example_ws/install/px4_offboard/lib/python3.10/site-packages:${PYTHONPATH} /usr/bin/python3 -W ignore:setup.py install is deprecated -W ignore:easy_install command is deprecated setup.py egg_info --egg-base ../../../build/px4_offboard build --build-base /home/cjabrantes/ros2_px4_offboard_example_ws/build/px4_offboard/build install --record /home/cjabrantes/ros2_px4_offboard_example_ws/build/px4_offboard/install.log --single-version-externally-managed install_data[0m
[3.897s] [34mcolcon.colcon_core.shell[0m [1;30mINFO[0m Creating package script '/home/cjabrantes/ros2_px4_offboard_example_ws/install/px4_offboard/share/px4_offboard/package.sh'
[3.897s] [34mcolcon.colcon_core.shell[0m [1;30mINFO[0m Creating package script '/home/cjabrantes/ros2_px4_offboard_example_ws/install/px4_offboard/share/px4_offboard/package.bash'
[3.898s] [34mcolcon.colcon_core.shell[0m [1;30mINFO[0m Creating package script '/home/cjabrantes/ros2_px4_offboard_example_ws/install/px4_offboard/share/px4_offboard/package.zsh'
[3.898s] [34mcolcon.colcon_core.environment[0m [1;30mLevel 1[0m create_file_with_runtime_dependencies(/home/cjabrantes/ros2_px4_offboard_example_ws/install/px4_offboard/share/colcon-core/packages/px4_offboard)
[3.898s] [34mcolcon.colcon_parallel_executor.executor.parallel[0m [1;30mDEBUG[0m [32mclosing loop[0m
[3.899s] [34mcolcon.colcon_parallel_executor.executor.parallel[0m [1;30mDEBUG[0m [32mloop closed[0m
[3.899s] [34mcolcon.colcon_parallel_executor.executor.parallel[0m [1;30mDEBUG[0m [32mrun_until_complete finished with '0'[0m
[3.899s] [34mcolcon.colcon_core.event_reactor[0m [1;30mDEBUG[0m [32mjoining thread[0m
[3.906s] [34mcolcon.colcon_core.plugin_system[0m [1;30mINFO[0m Skipping extension 'colcon_notification.desktop_notification.terminal_notifier': Not used on non-Darwin systems
[3.906s] [34mcolcon.colcon_core.plugin_system[0m [1;30mINFO[0m Skipping extension 'colcon_notification.desktop_notification.win32': Not used on non-Windows systems
[3.906s] [34mcolcon.colcon_notification.desktop_notification[0m [1;30mINFO[0m Sending desktop notification using 'notify2'
[3.923s] [34mcolcon.colcon_core.event_reactor[0m [1;30mDEBUG[0m [32mjoined thread[0m
[3.924s] [34mcolcon.colcon_core.shell[0m [1;30mINFO[0m Creating prefix script '/home/cjabrantes/ros2_px4_offboard_example_ws/install/local_setup.ps1'
[3.925s] [34mcolcon.colcon_core.shell[0m [1;30mINFO[0m Creating prefix util module '/home/cjabrantes/ros2_px4_offboard_example_ws/install/_local_setup_util_ps1.py'
[3.927s] [34mcolcon.colcon_core.shell[0m [1;30mINFO[0m Creating prefix chain script '/home/cjabrantes/ros2_px4_offboard_example_ws/install/setup.ps1'
[3.929s] [34mcolcon.colcon_core.shell[0m [1;30mINFO[0m Creating prefix script '/home/cjabrantes/ros2_px4_offboard_example_ws/install/local_setup.sh'
[3.930s] [34mcolcon.colcon_core.shell[0m [1;30mINFO[0m Creating prefix util module '/home/cjabrantes/ros2_px4_offboard_example_ws/install/_local_setup_util_sh.py'
[3.931s] [34mcolcon.colcon_core.shell[0m [1;30mINFO[0m Creating prefix chain script '/home/cjabrantes/ros2_px4_offboard_example_ws/install/setup.sh'
[3.933s] [34mcolcon.colcon_core.shell[0m [1;30mINFO[0m Creating prefix script '/home/cjabrantes/ros2_px4_offboard_example_ws/install/local_setup.bash'
[3.934s] [34mcolcon.colcon_core.shell[0m [1;30mINFO[0m Creating prefix chain script '/home/cjabrantes/ros2_px4_offboard_example_ws/install/setup.bash'
[3.935s] [34mcolcon.colcon_core.shell[0m [1;30mINFO[0m Creating prefix script '/home/cjabrantes/ros2_px4_offboard_example_ws/install/local_setup.zsh'
[3.936s] [34mcolcon.colcon_core.shell[0m [1;30mINFO[0m Creating prefix chain script '/home/cjabrantes/ros2_px4_offboard_example_ws/install/setup.zsh'
