-- Found ament_cmake: 1.3.12 (/opt/ros/humble/share/ament_cmake/cmake)
-- Override CMake install command with custom implementation using symlinks instead of copying resources
-- Found std_msgs: 4.9.0 (/opt/ros/humble/share/std_msgs/cmake)
-- Found rosidl_generator_c: 3.1.7 (/opt/ros/humble/share/rosidl_generator_c/cmake)
-- Found rosidl_adapter: 3.1.7 (/opt/ros/humble/share/rosidl_adapter/cmake)
-- Found rosidl_generator_cpp: 3.1.7 (/opt/ros/humble/share/rosidl_generator_cpp/cmake)
-- Using all available rosidl_typesupport_c: rosidl_typesupport_fastrtps_c;rosidl_typesupport_introspection_c
-- Using all available rosidl_typesupport_cpp: rosidl_typesupport_fastrtps_cpp;rosidl_typesupport_introspection_cpp
-- Found rosidl_default_generators: 1.2.0 (/opt/ros/humble/share/rosidl_default_generators/cmake)
-- Found ament_cmake_ros: 0.10.0 (/opt/ros/humble/share/ament_cmake_ros/cmake)
-- Using all available rosidl_typesupport_c: rosidl_typesupport_fastrtps_c;rosidl_typesupport_introspection_c
-- Using all available rosidl_typesupport_cpp: rosidl_typesupport_fastrtps_cpp;rosidl_typesupport_introspection_cpp
-- Found python_cmake_module: 0.10.0 (/opt/ros/humble/share/python_cmake_module/cmake)
-- Using PYTHON_EXECUTABLE: /usr/bin/python3
-- Using PYTHON_INCLUDE_DIRS: /usr/include/python3.10
-- Using PYTHON_LIBRARIES: /usr/lib/x86_64-linux-gnu/libpython3.10.so
-- Configuring done
-- Generating done
-- Build files have been written to: /home/cjabrantes/ros2_px4_offboard_example_ws/build/image_processing_msgs
[35m[1mConsolidate compiler generated dependencies of target image_processing_msgs__rosidl_generator_c[0m
[  1%] Built target image_processing_msgs__cpp
[ 12%] Built target image_processing_msgs__rosidl_generator_c
[ 12%] Built target ament_cmake_python_symlink_image_processing_msgs
[35m[1mConsolidate compiler generated dependencies of target image_processing_msgs__rosidl_typesupport_cpp[0m
[35m[1mConsolidate compiler generated dependencies of target image_processing_msgs__rosidl_typesupport_introspection_cpp[0m
[35m[1mConsolidate compiler generated dependencies of target image_processing_msgs__rosidl_typesupport_fastrtps_cpp[0m
[35m[1mConsolidate compiler generated dependencies of target image_processing_msgs__rosidl_typesupport_c[0m
[35m[1mConsolidate compiler generated dependencies of target image_processing_msgs__rosidl_typesupport_introspection_c[0m
[35m[1mConsolidate compiler generated dependencies of target image_processing_msgs__rosidl_typesupport_fastrtps_c[0m
[ 23%] Built target image_processing_msgs__rosidl_typesupport_cpp
[ 36%] Built target image_processing_msgs__rosidl_typesupport_introspection_cpp
[ 45%] Built target image_processing_msgs__rosidl_typesupport_fastrtps_cpp
[ 56%] Built target image_processing_msgs__rosidl_typesupport_c
[ 67%] Built target image_processing_msgs__rosidl_typesupport_introspection_c
[ 78%] Built target image_processing_msgs__rosidl_typesupport_fastrtps_c
[ 78%] Built target image_processing_msgs
[ 80%] Built target image_processing_msgs__py
[35m[1mConsolidate compiler generated dependencies of target image_processing_msgs__rosidl_generator_py[0m
[ 89%] Built target image_processing_msgs__rosidl_generator_py
[35m[1mConsolidate compiler generated dependencies of target image_processing_msgs__rosidl_typesupport_introspection_c__pyext[0m
[35m[1mConsolidate compiler generated dependencies of target image_processing_msgs__rosidl_typesupport_fastrtps_c__pyext[0m
[35m[1mConsolidate compiler generated dependencies of target image_processing_msgs__rosidl_typesupport_c__pyext[0m
[ 92%] Built target image_processing_msgs__rosidl_typesupport_fastrtps_c__pyext
[100%] Built target image_processing_msgs__rosidl_typesupport_c__pyext
[100%] Built target image_processing_msgs__rosidl_typesupport_introspection_c__pyext
running egg_info
writing image_processing_msgs.egg-info/PKG-INFO
writing dependency_links to image_processing_msgs.egg-info/dependency_links.txt
writing top-level names to image_processing_msgs.egg-info/top_level.txt
reading manifest file 'image_processing_msgs.egg-info/SOURCES.txt'
writing manifest file 'image_processing_msgs.egg-info/SOURCES.txt'
[100%] Built target ament_cmake_python_build_image_processing_msgs_egg
-- Install configuration: ""
-- Execute custom install script
-- Up-to-date symlink: /home/cjabrantes/ros2_px4_offboard_example_ws/install/image_processing_msgs/share/ament_index/resource_index/rosidl_interfaces/image_processing_msgs
-- Up-to-date symlink: /home/cjabrantes/ros2_px4_offboard_example_ws/install/image_processing_msgs/include/image_processing_msgs/image_processing_msgs/msg/detail/detection__functions.h
-- Up-to-date symlink: /home/cjabrantes/ros2_px4_offboard_example_ws/install/image_processing_msgs/include/image_processing_msgs/image_processing_msgs/msg/detail/detection__struct.h
-- Up-to-date symlink: /home/cjabrantes/ros2_px4_offboard_example_ws/install/image_processing_msgs/include/image_processing_msgs/image_processing_msgs/msg/detail/detection__type_support.h
-- Up-to-date symlink: /home/cjabrantes/ros2_px4_offboard_example_ws/install/image_processing_msgs/include/image_processing_msgs/image_processing_msgs/msg/detail/detection_array__functions.h
-- Up-to-date symlink: /home/cjabrantes/ros2_px4_offboard_example_ws/install/image_processing_msgs/include/image_processing_msgs/image_processing_msgs/msg/detail/detection_array__struct.h
-- Up-to-date symlink: /home/cjabrantes/ros2_px4_offboard_example_ws/install/image_processing_msgs/include/image_processing_msgs/image_processing_msgs/msg/detail/detection_array__type_support.h
-- Up-to-date symlink: /home/cjabrantes/ros2_px4_offboard_example_ws/install/image_processing_msgs/include/image_processing_msgs/image_processing_msgs/msg/detail/prominent_object__functions.h
-- Up-to-date symlink: /home/cjabrantes/ros2_px4_offboard_example_ws/install/image_processing_msgs/include/image_processing_msgs/image_processing_msgs/msg/detail/prominent_object__struct.h
-- Up-to-date symlink: /home/cjabrantes/ros2_px4_offboard_example_ws/install/image_processing_msgs/include/image_processing_msgs/image_processing_msgs/msg/detail/prominent_object__type_support.h
-- Up-to-date symlink: /home/cjabrantes/ros2_px4_offboard_example_ws/install/image_processing_msgs/include/image_processing_msgs/image_processing_msgs/msg/detail/prominent_object_array__functions.h
-- Up-to-date symlink: /home/cjabrantes/ros2_px4_offboard_example_ws/install/image_processing_msgs/include/image_processing_msgs/image_processing_msgs/msg/detail/prominent_object_array__struct.h
-- Up-to-date symlink: /home/cjabrantes/ros2_px4_offboard_example_ws/install/image_processing_msgs/include/image_processing_msgs/image_processing_msgs/msg/detail/prominent_object_array__type_support.h
-- Up-to-date symlink: /home/cjabrantes/ros2_px4_offboard_example_ws/install/image_processing_msgs/include/image_processing_msgs/image_processing_msgs/msg/detection.h
-- Up-to-date symlink: /home/cjabrantes/ros2_px4_offboard_example_ws/install/image_processing_msgs/include/image_processing_msgs/image_processing_msgs/msg/detection_array.h
-- Up-to-date symlink: /home/cjabrantes/ros2_px4_offboard_example_ws/install/image_processing_msgs/include/image_processing_msgs/image_processing_msgs/msg/prominent_object.h
-- Up-to-date symlink: /home/cjabrantes/ros2_px4_offboard_example_ws/install/image_processing_msgs/include/image_processing_msgs/image_processing_msgs/msg/prominent_object_array.h
-- Up-to-date symlink: /home/cjabrantes/ros2_px4_offboard_example_ws/install/image_processing_msgs/include/image_processing_msgs/image_processing_msgs/msg/rosidl_generator_c__visibility_control.h
-- Up-to-date symlink: /home/cjabrantes/ros2_px4_offboard_example_ws/install/image_processing_msgs/share/image_processing_msgs/environment/library_path.sh
-- Up-to-date symlink: /home/cjabrantes/ros2_px4_offboard_example_ws/install/image_processing_msgs/share/image_processing_msgs/environment/library_path.dsv
-- Up-to-date symlink: /home/cjabrantes/ros2_px4_offboard_example_ws/install/image_processing_msgs/include/image_processing_msgs/image_processing_msgs/msg/detail/detection__rosidl_typesupport_fastrtps_c.h
-- Up-to-date symlink: /home/cjabrantes/ros2_px4_offboard_example_ws/install/image_processing_msgs/include/image_processing_msgs/image_processing_msgs/msg/detail/detection_array__rosidl_typesupport_fastrtps_c.h
-- Up-to-date symlink: /home/cjabrantes/ros2_px4_offboard_example_ws/install/image_processing_msgs/include/image_processing_msgs/image_processing_msgs/msg/detail/prominent_object__rosidl_typesupport_fastrtps_c.h
-- Up-to-date symlink: /home/cjabrantes/ros2_px4_offboard_example_ws/install/image_processing_msgs/include/image_processing_msgs/image_processing_msgs/msg/detail/prominent_object_array__rosidl_typesupport_fastrtps_c.h
-- Up-to-date symlink: /home/cjabrantes/ros2_px4_offboard_example_ws/install/image_processing_msgs/include/image_processing_msgs/image_processing_msgs/msg/rosidl_typesupport_fastrtps_c__visibility_control.h
-- Up-to-date symlink: /home/cjabrantes/ros2_px4_offboard_example_ws/install/image_processing_msgs/include/image_processing_msgs/image_processing_msgs/msg/detail/detection__builder.hpp
-- Up-to-date symlink: /home/cjabrantes/ros2_px4_offboard_example_ws/install/image_processing_msgs/include/image_processing_msgs/image_processing_msgs/msg/detail/detection__struct.hpp
-- Up-to-date symlink: /home/cjabrantes/ros2_px4_offboard_example_ws/install/image_processing_msgs/include/image_processing_msgs/image_processing_msgs/msg/detail/detection__traits.hpp
-- Up-to-date symlink: /home/cjabrantes/ros2_px4_offboard_example_ws/install/image_processing_msgs/include/image_processing_msgs/image_processing_msgs/msg/detail/detection__type_support.hpp
-- Up-to-date symlink: /home/cjabrantes/ros2_px4_offboard_example_ws/install/image_processing_msgs/include/image_processing_msgs/image_processing_msgs/msg/detail/detection_array__builder.hpp
-- Up-to-date symlink: /home/cjabrantes/ros2_px4_offboard_example_ws/install/image_processing_msgs/include/image_processing_msgs/image_processing_msgs/msg/detail/detection_array__struct.hpp
-- Up-to-date symlink: /home/cjabrantes/ros2_px4_offboard_example_ws/install/image_processing_msgs/include/image_processing_msgs/image_processing_msgs/msg/detail/detection_array__traits.hpp
-- Up-to-date symlink: /home/cjabrantes/ros2_px4_offboard_example_ws/install/image_processing_msgs/include/image_processing_msgs/image_processing_msgs/msg/detail/detection_array__type_support.hpp
-- Up-to-date symlink: /home/cjabrantes/ros2_px4_offboard_example_ws/install/image_processing_msgs/include/image_processing_msgs/image_processing_msgs/msg/detail/prominent_object__builder.hpp
-- Up-to-date symlink: /home/cjabrantes/ros2_px4_offboard_example_ws/install/image_processing_msgs/include/image_processing_msgs/image_processing_msgs/msg/detail/prominent_object__struct.hpp
-- Up-to-date symlink: /home/cjabrantes/ros2_px4_offboard_example_ws/install/image_processing_msgs/include/image_processing_msgs/image_processing_msgs/msg/detail/prominent_object__traits.hpp
-- Up-to-date symlink: /home/cjabrantes/ros2_px4_offboard_example_ws/install/image_processing_msgs/include/image_processing_msgs/image_processing_msgs/msg/detail/prominent_object__type_support.hpp
-- Up-to-date symlink: /home/cjabrantes/ros2_px4_offboard_example_ws/install/image_processing_msgs/include/image_processing_msgs/image_processing_msgs/msg/detail/prominent_object_array__builder.hpp
-- Up-to-date symlink: /home/cjabrantes/ros2_px4_offboard_example_ws/install/image_processing_msgs/include/image_processing_msgs/image_processing_msgs/msg/detail/prominent_object_array__struct.hpp
-- Up-to-date symlink: /home/cjabrantes/ros2_px4_offboard_example_ws/install/image_processing_msgs/include/image_processing_msgs/image_processing_msgs/msg/detail/prominent_object_array__traits.hpp
-- Up-to-date symlink: /home/cjabrantes/ros2_px4_offboard_example_ws/install/image_processing_msgs/include/image_processing_msgs/image_processing_msgs/msg/detail/prominent_object_array__type_support.hpp
-- Up-to-date symlink: /home/cjabrantes/ros2_px4_offboard_example_ws/install/image_processing_msgs/include/image_processing_msgs/image_processing_msgs/msg/detection.hpp
-- Up-to-date symlink: /home/cjabrantes/ros2_px4_offboard_example_ws/install/image_processing_msgs/include/image_processing_msgs/image_processing_msgs/msg/detection_array.hpp
-- Up-to-date symlink: /home/cjabrantes/ros2_px4_offboard_example_ws/install/image_processing_msgs/include/image_processing_msgs/image_processing_msgs/msg/prominent_object.hpp
-- Up-to-date symlink: /home/cjabrantes/ros2_px4_offboard_example_ws/install/image_processing_msgs/include/image_processing_msgs/image_processing_msgs/msg/prominent_object_array.hpp
-- Up-to-date symlink: /home/cjabrantes/ros2_px4_offboard_example_ws/install/image_processing_msgs/include/image_processing_msgs/image_processing_msgs/msg/rosidl_generator_cpp__visibility_control.hpp
-- Up-to-date symlink: /home/cjabrantes/ros2_px4_offboard_example_ws/install/image_processing_msgs/include/image_processing_msgs/image_processing_msgs/msg/detail/detection__rosidl_typesupport_fastrtps_cpp.hpp
-- Up-to-date symlink: /home/cjabrantes/ros2_px4_offboard_example_ws/install/image_processing_msgs/include/image_processing_msgs/image_processing_msgs/msg/detail/detection_array__rosidl_typesupport_fastrtps_cpp.hpp
-- Up-to-date symlink: /home/cjabrantes/ros2_px4_offboard_example_ws/install/image_processing_msgs/include/image_processing_msgs/image_processing_msgs/msg/detail/prominent_object__rosidl_typesupport_fastrtps_cpp.hpp
-- Up-to-date symlink: /home/cjabrantes/ros2_px4_offboard_example_ws/install/image_processing_msgs/include/image_processing_msgs/image_processing_msgs/msg/detail/prominent_object_array__rosidl_typesupport_fastrtps_cpp.hpp
-- Up-to-date symlink: /home/cjabrantes/ros2_px4_offboard_example_ws/install/image_processing_msgs/include/image_processing_msgs/image_processing_msgs/msg/rosidl_typesupport_fastrtps_cpp__visibility_control.h
-- Up-to-date symlink: /home/cjabrantes/ros2_px4_offboard_example_ws/install/image_processing_msgs/include/image_processing_msgs/image_processing_msgs/msg/detail/detection__rosidl_typesupport_introspection_c.h
-- Up-to-date symlink: /home/cjabrantes/ros2_px4_offboard_example_ws/install/image_processing_msgs/include/image_processing_msgs/image_processing_msgs/msg/detail/detection_array__rosidl_typesupport_introspection_c.h
-- Up-to-date symlink: /home/cjabrantes/ros2_px4_offboard_example_ws/install/image_processing_msgs/include/image_processing_msgs/image_processing_msgs/msg/detail/prominent_object__rosidl_typesupport_introspection_c.h
-- Up-to-date symlink: /home/cjabrantes/ros2_px4_offboard_example_ws/install/image_processing_msgs/include/image_processing_msgs/image_processing_msgs/msg/detail/prominent_object_array__rosidl_typesupport_introspection_c.h
-- Up-to-date symlink: /home/cjabrantes/ros2_px4_offboard_example_ws/install/image_processing_msgs/include/image_processing_msgs/image_processing_msgs/msg/rosidl_typesupport_introspection_c__visibility_control.h
-- Up-to-date symlink: /home/cjabrantes/ros2_px4_offboard_example_ws/install/image_processing_msgs/include/image_processing_msgs/image_processing_msgs/msg/detail/detection__rosidl_typesupport_introspection_cpp.hpp
-- Up-to-date symlink: /home/cjabrantes/ros2_px4_offboard_example_ws/install/image_processing_msgs/include/image_processing_msgs/image_processing_msgs/msg/detail/detection_array__rosidl_typesupport_introspection_cpp.hpp
-- Up-to-date symlink: /home/cjabrantes/ros2_px4_offboard_example_ws/install/image_processing_msgs/include/image_processing_msgs/image_processing_msgs/msg/detail/prominent_object__rosidl_typesupport_introspection_cpp.hpp
-- Up-to-date symlink: /home/cjabrantes/ros2_px4_offboard_example_ws/install/image_processing_msgs/include/image_processing_msgs/image_processing_msgs/msg/detail/prominent_object_array__rosidl_typesupport_introspection_cpp.hpp
-- Up-to-date symlink: /home/cjabrantes/ros2_px4_offboard_example_ws/install/image_processing_msgs/share/image_processing_msgs/environment/pythonpath.sh
-- Up-to-date symlink: /home/cjabrantes/ros2_px4_offboard_example_ws/install/image_processing_msgs/share/image_processing_msgs/environment/pythonpath.dsv
-- Up-to-date symlink: /home/cjabrantes/ros2_px4_offboard_example_ws/install/image_processing_msgs/local/lib/python3.10/dist-packages/image_processing_msgs-0.0.0-py3.10.egg-info/PKG-INFO
-- Up-to-date symlink: /home/cjabrantes/ros2_px4_offboard_example_ws/install/image_processing_msgs/local/lib/python3.10/dist-packages/image_processing_msgs-0.0.0-py3.10.egg-info/SOURCES.txt
-- Up-to-date symlink: /home/cjabrantes/ros2_px4_offboard_example_ws/install/image_processing_msgs/local/lib/python3.10/dist-packages/image_processing_msgs-0.0.0-py3.10.egg-info/dependency_links.txt
-- Up-to-date symlink: /home/cjabrantes/ros2_px4_offboard_example_ws/install/image_processing_msgs/local/lib/python3.10/dist-packages/image_processing_msgs-0.0.0-py3.10.egg-info/top_level.txt
-- Up-to-date symlink: /home/cjabrantes/ros2_px4_offboard_example_ws/install/image_processing_msgs/local/lib/python3.10/dist-packages/image_processing_msgs/__init__.py
-- Up-to-date symlink: /home/cjabrantes/ros2_px4_offboard_example_ws/install/image_processing_msgs/local/lib/python3.10/dist-packages/image_processing_msgs/_image_processing_msgs_s.ep.rosidl_typesupport_c.c
-- Up-to-date symlink: /home/cjabrantes/ros2_px4_offboard_example_ws/install/image_processing_msgs/local/lib/python3.10/dist-packages/image_processing_msgs/_image_processing_msgs_s.ep.rosidl_typesupport_fastrtps_c.c
-- Up-to-date symlink: /home/cjabrantes/ros2_px4_offboard_example_ws/install/image_processing_msgs/local/lib/python3.10/dist-packages/image_processing_msgs/_image_processing_msgs_s.ep.rosidl_typesupport_introspection_c.c
-- Up-to-date symlink: /home/cjabrantes/ros2_px4_offboard_example_ws/install/image_processing_msgs/local/lib/python3.10/dist-packages/image_processing_msgs/image_processing_msgs_s__rosidl_typesupport_c.cpython-310-x86_64-linux-gnu.so
-- Up-to-date symlink: /home/cjabrantes/ros2_px4_offboard_example_ws/install/image_processing_msgs/local/lib/python3.10/dist-packages/image_processing_msgs/image_processing_msgs_s__rosidl_typesupport_fastrtps_c.cpython-310-x86_64-linux-gnu.so
-- Up-to-date symlink: /home/cjabrantes/ros2_px4_offboard_example_ws/install/image_processing_msgs/local/lib/python3.10/dist-packages/image_processing_msgs/image_processing_msgs_s__rosidl_typesupport_introspection_c.cpython-310-x86_64-linux-gnu.so
-- Up-to-date symlink: /home/cjabrantes/ros2_px4_offboard_example_ws/install/image_processing_msgs/local/lib/python3.10/dist-packages/image_processing_msgs/libimage_processing_msgs__rosidl_generator_py.so
-- Up-to-date symlink: /home/cjabrantes/ros2_px4_offboard_example_ws/install/image_processing_msgs/local/lib/python3.10/dist-packages/image_processing_msgs/msg/__init__.py
-- Up-to-date symlink: /home/cjabrantes/ros2_px4_offboard_example_ws/install/image_processing_msgs/local/lib/python3.10/dist-packages/image_processing_msgs/msg/_detection.py
-- Up-to-date symlink: /home/cjabrantes/ros2_px4_offboard_example_ws/install/image_processing_msgs/local/lib/python3.10/dist-packages/image_processing_msgs/msg/_detection_array.py
-- Up-to-date symlink: /home/cjabrantes/ros2_px4_offboard_example_ws/install/image_processing_msgs/local/lib/python3.10/dist-packages/image_processing_msgs/msg/_detection_array_s.c
-- Up-to-date symlink: /home/cjabrantes/ros2_px4_offboard_example_ws/install/image_processing_msgs/local/lib/python3.10/dist-packages/image_processing_msgs/msg/_detection_s.c
-- Up-to-date symlink: /home/cjabrantes/ros2_px4_offboard_example_ws/install/image_processing_msgs/local/lib/python3.10/dist-packages/image_processing_msgs/msg/_prominent_object.py
-- Up-to-date symlink: /home/cjabrantes/ros2_px4_offboard_example_ws/install/image_processing_msgs/local/lib/python3.10/dist-packages/image_processing_msgs/msg/_prominent_object_array.py
-- Up-to-date symlink: /home/cjabrantes/ros2_px4_offboard_example_ws/install/image_processing_msgs/local/lib/python3.10/dist-packages/image_processing_msgs/msg/_prominent_object_array_s.c
-- Up-to-date symlink: /home/cjabrantes/ros2_px4_offboard_example_ws/install/image_processing_msgs/local/lib/python3.10/dist-packages/image_processing_msgs/msg/_prominent_object_s.c
-- Up-to-date symlink: /home/cjabrantes/ros2_px4_offboard_example_ws/install/image_processing_msgs/local/lib/python3.10/dist-packages/image_processing_msgs/image_processing_msgs_s__rosidl_typesupport_fastrtps_c.cpython-310-x86_64-linux-gnu.so
-- Up-to-date symlink: /home/cjabrantes/ros2_px4_offboard_example_ws/install/image_processing_msgs/local/lib/python3.10/dist-packages/image_processing_msgs/image_processing_msgs_s__rosidl_typesupport_introspection_c.cpython-310-x86_64-linux-gnu.so
-- Up-to-date symlink: /home/cjabrantes/ros2_px4_offboard_example_ws/install/image_processing_msgs/local/lib/python3.10/dist-packages/image_processing_msgs/image_processing_msgs_s__rosidl_typesupport_c.cpython-310-x86_64-linux-gnu.so
-- Up-to-date symlink: /home/cjabrantes/ros2_px4_offboard_example_ws/install/image_processing_msgs/share/image_processing_msgs/msg/Detection.idl
-- Up-to-date symlink: /home/cjabrantes/ros2_px4_offboard_example_ws/install/image_processing_msgs/share/image_processing_msgs/msg/DetectionArray.idl
-- Up-to-date symlink: /home/cjabrantes/ros2_px4_offboard_example_ws/install/image_processing_msgs/share/image_processing_msgs/msg/ProminentObject.idl
-- Up-to-date symlink: /home/cjabrantes/ros2_px4_offboard_example_ws/install/image_processing_msgs/share/image_processing_msgs/msg/ProminentObjectArray.idl
-- Up-to-date symlink: /home/cjabrantes/ros2_px4_offboard_example_ws/install/image_processing_msgs/share/image_processing_msgs/msg/Detection.msg
-- Up-to-date symlink: /home/cjabrantes/ros2_px4_offboard_example_ws/install/image_processing_msgs/share/image_processing_msgs/msg/DetectionArray.msg
-- Up-to-date symlink: /home/cjabrantes/ros2_px4_offboard_example_ws/install/image_processing_msgs/share/image_processing_msgs/msg/ProminentObject.msg
-- Up-to-date symlink: /home/cjabrantes/ros2_px4_offboard_example_ws/install/image_processing_msgs/share/image_processing_msgs/msg/ProminentObjectArray.msg
-- Up-to-date symlink: /home/cjabrantes/ros2_px4_offboard_example_ws/install/image_processing_msgs/share/ament_index/resource_index/package_run_dependencies/image_processing_msgs
-- Up-to-date symlink: /home/cjabrantes/ros2_px4_offboard_example_ws/install/image_processing_msgs/share/ament_index/resource_index/parent_prefix_path/image_processing_msgs
-- Up-to-date symlink: /home/cjabrantes/ros2_px4_offboard_example_ws/install/image_processing_msgs/share/image_processing_msgs/environment/ament_prefix_path.sh
-- Up-to-date symlink: /home/cjabrantes/ros2_px4_offboard_example_ws/install/image_processing_msgs/share/image_processing_msgs/environment/ament_prefix_path.dsv
-- Up-to-date symlink: /home/cjabrantes/ros2_px4_offboard_example_ws/install/image_processing_msgs/share/image_processing_msgs/environment/path.sh
-- Up-to-date symlink: /home/cjabrantes/ros2_px4_offboard_example_ws/install/image_processing_msgs/share/image_processing_msgs/environment/path.dsv
-- Up-to-date symlink: /home/cjabrantes/ros2_px4_offboard_example_ws/install/image_processing_msgs/share/image_processing_msgs/local_setup.bash
-- Up-to-date symlink: /home/cjabrantes/ros2_px4_offboard_example_ws/install/image_processing_msgs/share/image_processing_msgs/local_setup.sh
-- Up-to-date symlink: /home/cjabrantes/ros2_px4_offboard_example_ws/install/image_processing_msgs/share/image_processing_msgs/local_setup.zsh
-- Up-to-date symlink: /home/cjabrantes/ros2_px4_offboard_example_ws/install/image_processing_msgs/share/image_processing_msgs/local_setup.dsv
-- Symlinking: /home/cjabrantes/ros2_px4_offboard_example_ws/install/image_processing_msgs/share/image_processing_msgs/package.dsv
-- Up-to-date symlink: /home/cjabrantes/ros2_px4_offboard_example_ws/install/image_processing_msgs/share/ament_index/resource_index/packages/image_processing_msgs
-- Up-to-date symlink: /home/cjabrantes/ros2_px4_offboard_example_ws/install/image_processing_msgs/share/image_processing_msgs/cmake/rosidl_cmake-extras.cmake
-- Up-to-date symlink: /home/cjabrantes/ros2_px4_offboard_example_ws/install/image_processing_msgs/share/image_processing_msgs/cmake/ament_cmake_export_dependencies-extras.cmake
-- Up-to-date symlink: /home/cjabrantes/ros2_px4_offboard_example_ws/install/image_processing_msgs/share/image_processing_msgs/cmake/ament_cmake_export_include_directories-extras.cmake
-- Up-to-date symlink: /home/cjabrantes/ros2_px4_offboard_example_ws/install/image_processing_msgs/share/image_processing_msgs/cmake/ament_cmake_export_libraries-extras.cmake
-- Up-to-date symlink: /home/cjabrantes/ros2_px4_offboard_example_ws/install/image_processing_msgs/share/image_processing_msgs/cmake/ament_cmake_export_targets-extras.cmake
-- Up-to-date symlink: /home/cjabrantes/ros2_px4_offboard_example_ws/install/image_processing_msgs/share/image_processing_msgs/cmake/rosidl_cmake_export_typesupport_targets-extras.cmake
-- Up-to-date symlink: /home/cjabrantes/ros2_px4_offboard_example_ws/install/image_processing_msgs/share/image_processing_msgs/cmake/rosidl_cmake_export_typesupport_libraries-extras.cmake
-- Up-to-date symlink: /home/cjabrantes/ros2_px4_offboard_example_ws/install/image_processing_msgs/share/image_processing_msgs/cmake/image_processing_msgsConfig.cmake
-- Up-to-date symlink: /home/cjabrantes/ros2_px4_offboard_example_ws/install/image_processing_msgs/share/image_processing_msgs/cmake/image_processing_msgsConfig-version.cmake
-- Up-to-date symlink: /home/cjabrantes/ros2_px4_offboard_example_ws/install/image_processing_msgs/share/image_processing_msgs/package.xml
-- Up-to-date: /home/cjabrantes/ros2_px4_offboard_example_ws/install/image_processing_msgs/lib/libimage_processing_msgs__rosidl_generator_c.so
-- Up-to-date: /home/cjabrantes/ros2_px4_offboard_example_ws/install/image_processing_msgs/lib/libimage_processing_msgs__rosidl_typesupport_fastrtps_c.so
-- Up-to-date: /home/cjabrantes/ros2_px4_offboard_example_ws/install/image_processing_msgs/lib/libimage_processing_msgs__rosidl_typesupport_fastrtps_cpp.so
-- Up-to-date: /home/cjabrantes/ros2_px4_offboard_example_ws/install/image_processing_msgs/lib/libimage_processing_msgs__rosidl_typesupport_introspection_c.so
-- Up-to-date: /home/cjabrantes/ros2_px4_offboard_example_ws/install/image_processing_msgs/lib/libimage_processing_msgs__rosidl_typesupport_c.so
-- Up-to-date: /home/cjabrantes/ros2_px4_offboard_example_ws/install/image_processing_msgs/lib/libimage_processing_msgs__rosidl_typesupport_introspection_cpp.so
-- Up-to-date: /home/cjabrantes/ros2_px4_offboard_example_ws/install/image_processing_msgs/lib/libimage_processing_msgs__rosidl_typesupport_cpp.so
Listing '/home/cjabrantes/ros2_px4_offboard_example_ws/install/image_processing_msgs/local/lib/python3.10/dist-packages/image_processing_msgs'...
Compiling '/home/cjabrantes/ros2_px4_offboard_example_ws/install/image_processing_msgs/local/lib/python3.10/dist-packages/image_processing_msgs/__init__.py'...
Listing '/home/cjabrantes/ros2_px4_offboard_example_ws/install/image_processing_msgs/local/lib/python3.10/dist-packages/image_processing_msgs/msg'...
-- Up-to-date: /home/cjabrantes/ros2_px4_offboard_example_ws/install/image_processing_msgs/lib/libimage_processing_msgs__rosidl_generator_py.so
-- Up-to-date: /home/cjabrantes/ros2_px4_offboard_example_ws/install/image_processing_msgs/share/image_processing_msgs/cmake/export_image_processing_msgs__rosidl_generator_cExport.cmake
-- Up-to-date: /home/cjabrantes/ros2_px4_offboard_example_ws/install/image_processing_msgs/share/image_processing_msgs/cmake/export_image_processing_msgs__rosidl_generator_cExport-noconfig.cmake
-- Up-to-date: /home/cjabrantes/ros2_px4_offboard_example_ws/install/image_processing_msgs/share/image_processing_msgs/cmake/export_image_processing_msgs__rosidl_typesupport_fastrtps_cExport.cmake
-- Up-to-date: /home/cjabrantes/ros2_px4_offboard_example_ws/install/image_processing_msgs/share/image_processing_msgs/cmake/export_image_processing_msgs__rosidl_typesupport_fastrtps_cExport-noconfig.cmake
-- Up-to-date: /home/cjabrantes/ros2_px4_offboard_example_ws/install/image_processing_msgs/share/image_processing_msgs/cmake/export_image_processing_msgs__rosidl_generator_cppExport.cmake
-- Up-to-date: /home/cjabrantes/ros2_px4_offboard_example_ws/install/image_processing_msgs/share/image_processing_msgs/cmake/export_image_processing_msgs__rosidl_typesupport_fastrtps_cppExport.cmake
-- Up-to-date: /home/cjabrantes/ros2_px4_offboard_example_ws/install/image_processing_msgs/share/image_processing_msgs/cmake/export_image_processing_msgs__rosidl_typesupport_fastrtps_cppExport-noconfig.cmake
-- Up-to-date: /home/cjabrantes/ros2_px4_offboard_example_ws/install/image_processing_msgs/share/image_processing_msgs/cmake/image_processing_msgs__rosidl_typesupport_introspection_cExport.cmake
-- Up-to-date: /home/cjabrantes/ros2_px4_offboard_example_ws/install/image_processing_msgs/share/image_processing_msgs/cmake/image_processing_msgs__rosidl_typesupport_introspection_cExport-noconfig.cmake
-- Up-to-date: /home/cjabrantes/ros2_px4_offboard_example_ws/install/image_processing_msgs/share/image_processing_msgs/cmake/image_processing_msgs__rosidl_typesupport_cExport.cmake
-- Up-to-date: /home/cjabrantes/ros2_px4_offboard_example_ws/install/image_processing_msgs/share/image_processing_msgs/cmake/image_processing_msgs__rosidl_typesupport_cExport-noconfig.cmake
-- Up-to-date: /home/cjabrantes/ros2_px4_offboard_example_ws/install/image_processing_msgs/share/image_processing_msgs/cmake/image_processing_msgs__rosidl_typesupport_introspection_cppExport.cmake
-- Up-to-date: /home/cjabrantes/ros2_px4_offboard_example_ws/install/image_processing_msgs/share/image_processing_msgs/cmake/image_processing_msgs__rosidl_typesupport_introspection_cppExport-noconfig.cmake
-- Up-to-date: /home/cjabrantes/ros2_px4_offboard_example_ws/install/image_processing_msgs/share/image_processing_msgs/cmake/image_processing_msgs__rosidl_typesupport_cppExport.cmake
-- Up-to-date: /home/cjabrantes/ros2_px4_offboard_example_ws/install/image_processing_msgs/share/image_processing_msgs/cmake/image_processing_msgs__rosidl_typesupport_cppExport-noconfig.cmake
-- Up-to-date: /home/cjabrantes/ros2_px4_offboard_example_ws/install/image_processing_msgs/share/image_processing_msgs/cmake/export_image_processing_msgs__rosidl_generator_pyExport.cmake
-- Up-to-date: /home/cjabrantes/ros2_px4_offboard_example_ws/install/image_processing_msgs/share/image_processing_msgs/cmake/export_image_processing_msgs__rosidl_generator_pyExport-noconfig.cmake
