[0.015s] Invoking command in '/home/cjabrantes/ros2_px4_offboard_example_ws/build/image_processing_msgs': CMAKE_PREFIX_PATH=${CMAKE_PREFIX_PATH}:/home/cjabrantes/ros2_px4_offboard_example_ws/install/px4_offboard:/home/cjabrantes/ros2_px4_offboard_example_ws/install/image_processing:/opt/ros/humble /usr/bin/cmake --build /home/cjabrantes/ros2_px4_offboard_example_ws/build/image_processing_msgs -- -j12 -l12
[0.081s] [  1%] Built target image_processing_msgs__cpp
[0.081s] [ 12%] Built target image_processing_msgs__rosidl_generator_c
[0.092s] [ 12%] Built target ament_cmake_python_symlink_image_processing_msgs
[0.120s] [ 32%] Built target image_processing_msgs__rosidl_typesupport_fastrtps_cpp
[0.120s] [ 34%] Built target image_processing_msgs__rosidl_typesupport_cpp
[0.123s] [ 45%] Built target image_processing_msgs__rosidl_typesupport_introspection_c
[0.127s] [ 56%] Built target image_processing_msgs__rosidl_typesupport_introspection_cpp
[0.127s] [ 67%] Built target image_processing_msgs__rosidl_typesupport_c
[0.134s] [ 78%] Built target image_processing_msgs__rosidl_typesupport_fastrtps_c
[0.162s] [ 78%] Built target image_processing_msgs
[0.190s] [ 80%] Built target image_processing_msgs__py
[0.221s] [ 89%] Built target image_processing_msgs__rosidl_generator_py
[0.252s] [ 92%] Built target image_processing_msgs__rosidl_typesupport_introspection_c__pyext
[0.257s] [ 96%] Built target image_processing_msgs__rosidl_typesupport_c__pyext
[0.257s] [100%] Built target image_processing_msgs__rosidl_typesupport_fastrtps_c__pyext
[0.429s] running egg_info
[0.429s] writing image_processing_msgs.egg-info/PKG-INFO
[0.430s] writing dependency_links to image_processing_msgs.egg-info/dependency_links.txt
[0.430s] writing top-level names to image_processing_msgs.egg-info/top_level.txt
[0.433s] reading manifest file 'image_processing_msgs.egg-info/SOURCES.txt'
[0.435s] writing manifest file 'image_processing_msgs.egg-info/SOURCES.txt'
[0.469s] [100%] Built target ament_cmake_python_build_image_processing_msgs_egg
[0.486s] Invoked command in '/home/cjabrantes/ros2_px4_offboard_example_ws/build/image_processing_msgs' returned '0': CMAKE_PREFIX_PATH=${CMAKE_PREFIX_PATH}:/home/cjabrantes/ros2_px4_offboard_example_ws/install/px4_offboard:/home/cjabrantes/ros2_px4_offboard_example_ws/install/image_processing:/opt/ros/humble /usr/bin/cmake --build /home/cjabrantes/ros2_px4_offboard_example_ws/build/image_processing_msgs -- -j12 -l12
[0.499s] Invoking command in '/home/cjabrantes/ros2_px4_offboard_example_ws/build/image_processing_msgs': CMAKE_PREFIX_PATH=${CMAKE_PREFIX_PATH}:/home/cjabrantes/ros2_px4_offboard_example_ws/install/px4_offboard:/home/cjabrantes/ros2_px4_offboard_example_ws/install/image_processing:/opt/ros/humble /usr/bin/cmake --install /home/cjabrantes/ros2_px4_offboard_example_ws/build/image_processing_msgs
[0.511s] -- Install configuration: ""
[0.511s] -- Execute custom install script
[0.511s] -- Up-to-date symlink: /home/cjabrantes/ros2_px4_offboard_example_ws/install/image_processing_msgs/share/ament_index/resource_index/rosidl_interfaces/image_processing_msgs
[0.512s] -- Up-to-date symlink: /home/cjabrantes/ros2_px4_offboard_example_ws/install/image_processing_msgs/include/image_processing_msgs/image_processing_msgs/msg/detail/detection__functions.h
[0.512s] -- Up-to-date symlink: /home/cjabrantes/ros2_px4_offboard_example_ws/install/image_processing_msgs/include/image_processing_msgs/image_processing_msgs/msg/detail/detection__struct.h
[0.512s] -- Up-to-date symlink: /home/cjabrantes/ros2_px4_offboard_example_ws/install/image_processing_msgs/include/image_processing_msgs/image_processing_msgs/msg/detail/detection__type_support.h
[0.513s] -- Up-to-date symlink: /home/cjabrantes/ros2_px4_offboard_example_ws/install/image_processing_msgs/include/image_processing_msgs/image_processing_msgs/msg/detail/detection_array__functions.h
[0.513s] -- Up-to-date symlink: /home/cjabrantes/ros2_px4_offboard_example_ws/install/image_processing_msgs/include/image_processing_msgs/image_processing_msgs/msg/detail/detection_array__struct.h
[0.513s] -- Up-to-date symlink: /home/cjabrantes/ros2_px4_offboard_example_ws/install/image_processing_msgs/include/image_processing_msgs/image_processing_msgs/msg/detail/detection_array__type_support.h
[0.513s] -- Up-to-date symlink: /home/cjabrantes/ros2_px4_offboard_example_ws/install/image_processing_msgs/include/image_processing_msgs/image_processing_msgs/msg/detail/prominent_object__functions.h
[0.513s] -- Up-to-date symlink: /home/cjabrantes/ros2_px4_offboard_example_ws/install/image_processing_msgs/include/image_processing_msgs/image_processing_msgs/msg/detail/prominent_object__struct.h
[0.514s] -- Up-to-date symlink: /home/cjabrantes/ros2_px4_offboard_example_ws/install/image_processing_msgs/include/image_processing_msgs/image_processing_msgs/msg/detail/prominent_object__type_support.h
[0.514s] -- Up-to-date symlink: /home/cjabrantes/ros2_px4_offboard_example_ws/install/image_processing_msgs/include/image_processing_msgs/image_processing_msgs/msg/detail/prominent_object_array__functions.h
[0.514s] -- Up-to-date symlink: /home/cjabrantes/ros2_px4_offboard_example_ws/install/image_processing_msgs/include/image_processing_msgs/image_processing_msgs/msg/detail/prominent_object_array__struct.h
[0.514s] -- Up-to-date symlink: /home/cjabrantes/ros2_px4_offboard_example_ws/install/image_processing_msgs/include/image_processing_msgs/image_processing_msgs/msg/detail/prominent_object_array__type_support.h
[0.514s] -- Up-to-date symlink: /home/cjabrantes/ros2_px4_offboard_example_ws/install/image_processing_msgs/include/image_processing_msgs/image_processing_msgs/msg/detection.h
[0.515s] -- Up-to-date symlink: /home/cjabrantes/ros2_px4_offboard_example_ws/install/image_processing_msgs/include/image_processing_msgs/image_processing_msgs/msg/detection_array.h
[0.515s] -- Up-to-date symlink: /home/cjabrantes/ros2_px4_offboard_example_ws/install/image_processing_msgs/include/image_processing_msgs/image_processing_msgs/msg/prominent_object.h
[0.515s] -- Up-to-date symlink: /home/cjabrantes/ros2_px4_offboard_example_ws/install/image_processing_msgs/include/image_processing_msgs/image_processing_msgs/msg/prominent_object_array.h
[0.515s] -- Up-to-date symlink: /home/cjabrantes/ros2_px4_offboard_example_ws/install/image_processing_msgs/include/image_processing_msgs/image_processing_msgs/msg/rosidl_generator_c__visibility_control.h
[0.515s] -- Up-to-date symlink: /home/cjabrantes/ros2_px4_offboard_example_ws/install/image_processing_msgs/share/image_processing_msgs/environment/library_path.sh
[0.516s] -- Up-to-date symlink: /home/cjabrantes/ros2_px4_offboard_example_ws/install/image_processing_msgs/share/image_processing_msgs/environment/library_path.dsv
[0.516s] -- Up-to-date symlink: /home/cjabrantes/ros2_px4_offboard_example_ws/install/image_processing_msgs/include/image_processing_msgs/image_processing_msgs/msg/detail/detection__rosidl_typesupport_fastrtps_c.h
[0.516s] -- Up-to-date symlink: /home/cjabrantes/ros2_px4_offboard_example_ws/install/image_processing_msgs/include/image_processing_msgs/image_processing_msgs/msg/detail/detection_array__rosidl_typesupport_fastrtps_c.h
[0.517s] -- Up-to-date symlink: /home/cjabrantes/ros2_px4_offboard_example_ws/install/image_processing_msgs/include/image_processing_msgs/image_processing_msgs/msg/detail/prominent_object__rosidl_typesupport_fastrtps_c.h
[0.517s] -- Up-to-date symlink: /home/cjabrantes/ros2_px4_offboard_example_ws/install/image_processing_msgs/include/image_processing_msgs/image_processing_msgs/msg/detail/prominent_object_array__rosidl_typesupport_fastrtps_c.h
[0.517s] -- Up-to-date symlink: /home/cjabrantes/ros2_px4_offboard_example_ws/install/image_processing_msgs/include/image_processing_msgs/image_processing_msgs/msg/rosidl_typesupport_fastrtps_c__visibility_control.h
[0.518s] -- Up-to-date symlink: /home/cjabrantes/ros2_px4_offboard_example_ws/install/image_processing_msgs/include/image_processing_msgs/image_processing_msgs/msg/detail/detection__builder.hpp
[0.518s] -- Up-to-date symlink: /home/cjabrantes/ros2_px4_offboard_example_ws/install/image_processing_msgs/include/image_processing_msgs/image_processing_msgs/msg/detail/detection__struct.hpp
[0.519s] -- Up-to-date symlink: /home/cjabrantes/ros2_px4_offboard_example_ws/install/image_processing_msgs/include/image_processing_msgs/image_processing_msgs/msg/detail/detection__traits.hpp
[0.519s] -- Up-to-date symlink: /home/cjabrantes/ros2_px4_offboard_example_ws/install/image_processing_msgs/include/image_processing_msgs/image_processing_msgs/msg/detail/detection__type_support.hpp
[0.519s] -- Up-to-date symlink: /home/cjabrantes/ros2_px4_offboard_example_ws/install/image_processing_msgs/include/image_processing_msgs/image_processing_msgs/msg/detail/detection_array__builder.hpp
[0.519s] -- Up-to-date symlink: /home/cjabrantes/ros2_px4_offboard_example_ws/install/image_processing_msgs/include/image_processing_msgs/image_processing_msgs/msg/detail/detection_array__struct.hpp
[0.520s] -- Up-to-date symlink: /home/cjabrantes/ros2_px4_offboard_example_ws/install/image_processing_msgs/include/image_processing_msgs/image_processing_msgs/msg/detail/detection_array__traits.hpp
[0.520s] -- Up-to-date symlink: /home/cjabrantes/ros2_px4_offboard_example_ws/install/image_processing_msgs/include/image_processing_msgs/image_processing_msgs/msg/detail/detection_array__type_support.hpp
[0.520s] -- Up-to-date symlink: /home/cjabrantes/ros2_px4_offboard_example_ws/install/image_processing_msgs/include/image_processing_msgs/image_processing_msgs/msg/detail/prominent_object__builder.hpp
[0.520s] -- Up-to-date symlink: /home/cjabrantes/ros2_px4_offboard_example_ws/install/image_processing_msgs/include/image_processing_msgs/image_processing_msgs/msg/detail/prominent_object__struct.hpp
[0.520s] -- Up-to-date symlink: /home/cjabrantes/ros2_px4_offboard_example_ws/install/image_processing_msgs/include/image_processing_msgs/image_processing_msgs/msg/detail/prominent_object__traits.hpp
[0.520s] -- Up-to-date symlink: /home/cjabrantes/ros2_px4_offboard_example_ws/install/image_processing_msgs/include/image_processing_msgs/image_processing_msgs/msg/detail/prominent_object__type_support.hpp
[0.521s] -- Up-to-date symlink: /home/cjabrantes/ros2_px4_offboard_example_ws/install/image_processing_msgs/include/image_processing_msgs/image_processing_msgs/msg/detail/prominent_object_array__builder.hpp
[0.521s] -- Up-to-date symlink: /home/cjabrantes/ros2_px4_offboard_example_ws/install/image_processing_msgs/include/image_processing_msgs/image_processing_msgs/msg/detail/prominent_object_array__struct.hpp
[0.521s] -- Up-to-date symlink: /home/cjabrantes/ros2_px4_offboard_example_ws/install/image_processing_msgs/include/image_processing_msgs/image_processing_msgs/msg/detail/prominent_object_array__traits.hpp
[0.521s] -- Up-to-date symlink: /home/cjabrantes/ros2_px4_offboard_example_ws/install/image_processing_msgs/include/image_processing_msgs/image_processing_msgs/msg/detail/prominent_object_array__type_support.hpp
[0.521s] -- Up-to-date symlink: /home/cjabrantes/ros2_px4_offboard_example_ws/install/image_processing_msgs/include/image_processing_msgs/image_processing_msgs/msg/detection.hpp
[0.521s] -- Up-to-date symlink: /home/cjabrantes/ros2_px4_offboard_example_ws/install/image_processing_msgs/include/image_processing_msgs/image_processing_msgs/msg/detection_array.hpp
[0.521s] -- Up-to-date symlink: /home/cjabrantes/ros2_px4_offboard_example_ws/install/image_processing_msgs/include/image_processing_msgs/image_processing_msgs/msg/prominent_object.hpp
[0.522s] -- Up-to-date symlink: /home/cjabrantes/ros2_px4_offboard_example_ws/install/image_processing_msgs/include/image_processing_msgs/image_processing_msgs/msg/prominent_object_array.hpp
[0.522s] -- Up-to-date symlink: /home/cjabrantes/ros2_px4_offboard_example_ws/install/image_processing_msgs/include/image_processing_msgs/image_processing_msgs/msg/rosidl_generator_cpp__visibility_control.hpp
[0.523s] -- Up-to-date symlink: /home/cjabrantes/ros2_px4_offboard_example_ws/install/image_processing_msgs/include/image_processing_msgs/image_processing_msgs/msg/detail/detection__rosidl_typesupport_fastrtps_cpp.hpp
[0.523s] -- Up-to-date symlink: /home/cjabrantes/ros2_px4_offboard_example_ws/install/image_processing_msgs/include/image_processing_msgs/image_processing_msgs/msg/detail/detection_array__rosidl_typesupport_fastrtps_cpp.hpp
[0.523s] -- Up-to-date symlink: /home/cjabrantes/ros2_px4_offboard_example_ws/install/image_processing_msgs/include/image_processing_msgs/image_processing_msgs/msg/detail/prominent_object__rosidl_typesupport_fastrtps_cpp.hpp
[0.523s] -- Up-to-date symlink: /home/cjabrantes/ros2_px4_offboard_example_ws/install/image_processing_msgs/include/image_processing_msgs/image_processing_msgs/msg/detail/prominent_object_array__rosidl_typesupport_fastrtps_cpp.hpp
[0.523s] -- Up-to-date symlink: /home/cjabrantes/ros2_px4_offboard_example_ws/install/image_processing_msgs/include/image_processing_msgs/image_processing_msgs/msg/rosidl_typesupport_fastrtps_cpp__visibility_control.h
[0.524s] -- Up-to-date symlink: /home/cjabrantes/ros2_px4_offboard_example_ws/install/image_processing_msgs/include/image_processing_msgs/image_processing_msgs/msg/detail/detection__rosidl_typesupport_introspection_c.h
[0.524s] -- Up-to-date symlink: /home/cjabrantes/ros2_px4_offboard_example_ws/install/image_processing_msgs/include/image_processing_msgs/image_processing_msgs/msg/detail/detection_array__rosidl_typesupport_introspection_c.h
[0.524s] -- Up-to-date symlink: /home/cjabrantes/ros2_px4_offboard_example_ws/install/image_processing_msgs/include/image_processing_msgs/image_processing_msgs/msg/detail/prominent_object__rosidl_typesupport_introspection_c.h
[0.524s] -- Up-to-date symlink: /home/cjabrantes/ros2_px4_offboard_example_ws/install/image_processing_msgs/include/image_processing_msgs/image_processing_msgs/msg/detail/prominent_object_array__rosidl_typesupport_introspection_c.h
[0.524s] -- Up-to-date symlink: /home/cjabrantes/ros2_px4_offboard_example_ws/install/image_processing_msgs/include/image_processing_msgs/image_processing_msgs/msg/rosidl_typesupport_introspection_c__visibility_control.h
[0.525s] -- Up-to-date symlink: /home/cjabrantes/ros2_px4_offboard_example_ws/install/image_processing_msgs/include/image_processing_msgs/image_processing_msgs/msg/detail/detection__rosidl_typesupport_introspection_cpp.hpp
[0.525s] -- Up-to-date symlink: /home/cjabrantes/ros2_px4_offboard_example_ws/install/image_processing_msgs/include/image_processing_msgs/image_processing_msgs/msg/detail/detection_array__rosidl_typesupport_introspection_cpp.hpp
[0.525s] -- Up-to-date symlink: /home/cjabrantes/ros2_px4_offboard_example_ws/install/image_processing_msgs/include/image_processing_msgs/image_processing_msgs/msg/detail/prominent_object__rosidl_typesupport_introspection_cpp.hpp
[0.525s] -- Up-to-date symlink: /home/cjabrantes/ros2_px4_offboard_example_ws/install/image_processing_msgs/include/image_processing_msgs/image_processing_msgs/msg/detail/prominent_object_array__rosidl_typesupport_introspection_cpp.hpp
[0.526s] -- Up-to-date symlink: /home/cjabrantes/ros2_px4_offboard_example_ws/install/image_processing_msgs/share/image_processing_msgs/environment/pythonpath.sh
[0.526s] -- Up-to-date symlink: /home/cjabrantes/ros2_px4_offboard_example_ws/install/image_processing_msgs/share/image_processing_msgs/environment/pythonpath.dsv
[0.526s] -- Up-to-date symlink: /home/cjabrantes/ros2_px4_offboard_example_ws/install/image_processing_msgs/local/lib/python3.10/dist-packages/image_processing_msgs-0.0.0-py3.10.egg-info/PKG-INFO
[0.527s] -- Up-to-date symlink: /home/cjabrantes/ros2_px4_offboard_example_ws/install/image_processing_msgs/local/lib/python3.10/dist-packages/image_processing_msgs-0.0.0-py3.10.egg-info/SOURCES.txt
[0.527s] -- Up-to-date symlink: /home/cjabrantes/ros2_px4_offboard_example_ws/install/image_processing_msgs/local/lib/python3.10/dist-packages/image_processing_msgs-0.0.0-py3.10.egg-info/dependency_links.txt
[0.528s] -- Up-to-date symlink: /home/cjabrantes/ros2_px4_offboard_example_ws/install/image_processing_msgs/local/lib/python3.10/dist-packages/image_processing_msgs-0.0.0-py3.10.egg-info/top_level.txt
[0.528s] -- Up-to-date symlink: /home/cjabrantes/ros2_px4_offboard_example_ws/install/image_processing_msgs/local/lib/python3.10/dist-packages/image_processing_msgs/__init__.py
[0.528s] -- Up-to-date symlink: /home/cjabrantes/ros2_px4_offboard_example_ws/install/image_processing_msgs/local/lib/python3.10/dist-packages/image_processing_msgs/_image_processing_msgs_s.ep.rosidl_typesupport_c.c
[0.528s] -- Up-to-date symlink: /home/cjabrantes/ros2_px4_offboard_example_ws/install/image_processing_msgs/local/lib/python3.10/dist-packages/image_processing_msgs/_image_processing_msgs_s.ep.rosidl_typesupport_fastrtps_c.c
[0.528s] -- Up-to-date symlink: /home/cjabrantes/ros2_px4_offboard_example_ws/install/image_processing_msgs/local/lib/python3.10/dist-packages/image_processing_msgs/_image_processing_msgs_s.ep.rosidl_typesupport_introspection_c.c
[0.528s] -- Up-to-date symlink: /home/cjabrantes/ros2_px4_offboard_example_ws/install/image_processing_msgs/local/lib/python3.10/dist-packages/image_processing_msgs/image_processing_msgs_s__rosidl_typesupport_c.cpython-310-x86_64-linux-gnu.so
[0.529s] -- Up-to-date symlink: /home/cjabrantes/ros2_px4_offboard_example_ws/install/image_processing_msgs/local/lib/python3.10/dist-packages/image_processing_msgs/image_processing_msgs_s__rosidl_typesupport_fastrtps_c.cpython-310-x86_64-linux-gnu.so
[0.529s] -- Up-to-date symlink: /home/cjabrantes/ros2_px4_offboard_example_ws/install/image_processing_msgs/local/lib/python3.10/dist-packages/image_processing_msgs/image_processing_msgs_s__rosidl_typesupport_introspection_c.cpython-310-x86_64-linux-gnu.so
[0.529s] -- Up-to-date symlink: /home/cjabrantes/ros2_px4_offboard_example_ws/install/image_processing_msgs/local/lib/python3.10/dist-packages/image_processing_msgs/libimage_processing_msgs__rosidl_generator_py.so
[0.529s] -- Up-to-date symlink: /home/cjabrantes/ros2_px4_offboard_example_ws/install/image_processing_msgs/local/lib/python3.10/dist-packages/image_processing_msgs/msg/__init__.py
[0.530s] -- Up-to-date symlink: /home/cjabrantes/ros2_px4_offboard_example_ws/install/image_processing_msgs/local/lib/python3.10/dist-packages/image_processing_msgs/msg/_detection.py
[0.531s] -- Up-to-date symlink: /home/cjabrantes/ros2_px4_offboard_example_ws/install/image_processing_msgs/local/lib/python3.10/dist-packages/image_processing_msgs/msg/_detection_array.py
[0.531s] -- Up-to-date symlink: /home/cjabrantes/ros2_px4_offboard_example_ws/install/image_processing_msgs/local/lib/python3.10/dist-packages/image_processing_msgs/msg/_detection_array_s.c
[0.531s] -- Up-to-date symlink: /home/cjabrantes/ros2_px4_offboard_example_ws/install/image_processing_msgs/local/lib/python3.10/dist-packages/image_processing_msgs/msg/_detection_s.c
[0.531s] -- Up-to-date symlink: /home/cjabrantes/ros2_px4_offboard_example_ws/install/image_processing_msgs/local/lib/python3.10/dist-packages/image_processing_msgs/msg/_prominent_object.py
[0.532s] -- Up-to-date symlink: /home/cjabrantes/ros2_px4_offboard_example_ws/install/image_processing_msgs/local/lib/python3.10/dist-packages/image_processing_msgs/msg/_prominent_object_array.py
[0.532s] -- Up-to-date symlink: /home/cjabrantes/ros2_px4_offboard_example_ws/install/image_processing_msgs/local/lib/python3.10/dist-packages/image_processing_msgs/msg/_prominent_object_array_s.c
[0.532s] -- Up-to-date symlink: /home/cjabrantes/ros2_px4_offboard_example_ws/install/image_processing_msgs/local/lib/python3.10/dist-packages/image_processing_msgs/msg/_prominent_object_s.c
[0.532s] -- Up-to-date symlink: /home/cjabrantes/ros2_px4_offboard_example_ws/install/image_processing_msgs/local/lib/python3.10/dist-packages/image_processing_msgs/image_processing_msgs_s__rosidl_typesupport_fastrtps_c.cpython-310-x86_64-linux-gnu.so
[0.532s] -- Up-to-date symlink: /home/cjabrantes/ros2_px4_offboard_example_ws/install/image_processing_msgs/local/lib/python3.10/dist-packages/image_processing_msgs/image_processing_msgs_s__rosidl_typesupport_introspection_c.cpython-310-x86_64-linux-gnu.so
[0.533s] -- Up-to-date symlink: /home/cjabrantes/ros2_px4_offboard_example_ws/install/image_processing_msgs/local/lib/python3.10/dist-packages/image_processing_msgs/image_processing_msgs_s__rosidl_typesupport_c.cpython-310-x86_64-linux-gnu.so
[0.533s] -- Up-to-date symlink: /home/cjabrantes/ros2_px4_offboard_example_ws/install/image_processing_msgs/share/image_processing_msgs/msg/Detection.idl
[0.533s] -- Up-to-date symlink: /home/cjabrantes/ros2_px4_offboard_example_ws/install/image_processing_msgs/share/image_processing_msgs/msg/DetectionArray.idl
[0.533s] -- Up-to-date symlink: /home/cjabrantes/ros2_px4_offboard_example_ws/install/image_processing_msgs/share/image_processing_msgs/msg/ProminentObject.idl
[0.533s] -- Up-to-date symlink: /home/cjabrantes/ros2_px4_offboard_example_ws/install/image_processing_msgs/share/image_processing_msgs/msg/ProminentObjectArray.idl
[0.533s] -- Up-to-date symlink: /home/cjabrantes/ros2_px4_offboard_example_ws/install/image_processing_msgs/share/image_processing_msgs/msg/Detection.msg
[0.533s] -- Up-to-date symlink: /home/cjabrantes/ros2_px4_offboard_example_ws/install/image_processing_msgs/share/image_processing_msgs/msg/DetectionArray.msg
[0.533s] -- Up-to-date symlink: /home/cjabrantes/ros2_px4_offboard_example_ws/install/image_processing_msgs/share/image_processing_msgs/msg/ProminentObject.msg
[0.534s] -- Up-to-date symlink: /home/cjabrantes/ros2_px4_offboard_example_ws/install/image_processing_msgs/share/image_processing_msgs/msg/ProminentObjectArray.msg
[0.534s] -- Up-to-date symlink: /home/cjabrantes/ros2_px4_offboard_example_ws/install/image_processing_msgs/share/ament_index/resource_index/package_run_dependencies/image_processing_msgs
[0.534s] -- Up-to-date symlink: /home/cjabrantes/ros2_px4_offboard_example_ws/install/image_processing_msgs/share/ament_index/resource_index/parent_prefix_path/image_processing_msgs
[0.534s] -- Up-to-date symlink: /home/cjabrantes/ros2_px4_offboard_example_ws/install/image_processing_msgs/share/image_processing_msgs/environment/ament_prefix_path.sh
[0.534s] -- Up-to-date symlink: /home/cjabrantes/ros2_px4_offboard_example_ws/install/image_processing_msgs/share/image_processing_msgs/environment/ament_prefix_path.dsv
[0.534s] -- Up-to-date symlink: /home/cjabrantes/ros2_px4_offboard_example_ws/install/image_processing_msgs/share/image_processing_msgs/environment/path.sh
[0.534s] -- Up-to-date symlink: /home/cjabrantes/ros2_px4_offboard_example_ws/install/image_processing_msgs/share/image_processing_msgs/environment/path.dsv
[0.534s] -- Up-to-date symlink: /home/cjabrantes/ros2_px4_offboard_example_ws/install/image_processing_msgs/share/image_processing_msgs/local_setup.bash
[0.535s] -- Up-to-date symlink: /home/cjabrantes/ros2_px4_offboard_example_ws/install/image_processing_msgs/share/image_processing_msgs/local_setup.sh
[0.535s] -- Up-to-date symlink: /home/cjabrantes/ros2_px4_offboard_example_ws/install/image_processing_msgs/share/image_processing_msgs/local_setup.zsh
[0.535s] -- Up-to-date symlink: /home/cjabrantes/ros2_px4_offboard_example_ws/install/image_processing_msgs/share/image_processing_msgs/local_setup.dsv
[0.535s] -- Symlinking: /home/cjabrantes/ros2_px4_offboard_example_ws/install/image_processing_msgs/share/image_processing_msgs/package.dsv
[0.550s] -- Up-to-date symlink: /home/cjabrantes/ros2_px4_offboard_example_ws/install/image_processing_msgs/share/ament_index/resource_index/packages/image_processing_msgs
[0.551s] -- Up-to-date symlink: /home/cjabrantes/ros2_px4_offboard_example_ws/install/image_processing_msgs/share/image_processing_msgs/cmake/rosidl_cmake-extras.cmake
[0.551s] -- Up-to-date symlink: /home/cjabrantes/ros2_px4_offboard_example_ws/install/image_processing_msgs/share/image_processing_msgs/cmake/ament_cmake_export_dependencies-extras.cmake
[0.551s] -- Up-to-date symlink: /home/cjabrantes/ros2_px4_offboard_example_ws/install/image_processing_msgs/share/image_processing_msgs/cmake/ament_cmake_export_include_directories-extras.cmake
[0.551s] -- Up-to-date symlink: /home/cjabrantes/ros2_px4_offboard_example_ws/install/image_processing_msgs/share/image_processing_msgs/cmake/ament_cmake_export_libraries-extras.cmake
[0.551s] -- Up-to-date symlink: /home/cjabrantes/ros2_px4_offboard_example_ws/install/image_processing_msgs/share/image_processing_msgs/cmake/ament_cmake_export_targets-extras.cmake
[0.551s] -- Up-to-date symlink: /home/cjabrantes/ros2_px4_offboard_example_ws/install/image_processing_msgs/share/image_processing_msgs/cmake/rosidl_cmake_export_typesupport_targets-extras.cmake
[0.552s] -- Up-to-date symlink: /home/cjabrantes/ros2_px4_offboard_example_ws/install/image_processing_msgs/share/image_processing_msgs/cmake/rosidl_cmake_export_typesupport_libraries-extras.cmake
[0.552s] -- Up-to-date symlink: /home/cjabrantes/ros2_px4_offboard_example_ws/install/image_processing_msgs/share/image_processing_msgs/cmake/image_processing_msgsConfig.cmake
[0.552s] -- Up-to-date symlink: /home/cjabrantes/ros2_px4_offboard_example_ws/install/image_processing_msgs/share/image_processing_msgs/cmake/image_processing_msgsConfig-version.cmake
[0.553s] -- Up-to-date symlink: /home/cjabrantes/ros2_px4_offboard_example_ws/install/image_processing_msgs/share/image_processing_msgs/package.xml
[0.553s] -- Up-to-date: /home/cjabrantes/ros2_px4_offboard_example_ws/install/image_processing_msgs/lib/libimage_processing_msgs__rosidl_generator_c.so
[0.553s] -- Up-to-date: /home/cjabrantes/ros2_px4_offboard_example_ws/install/image_processing_msgs/lib/libimage_processing_msgs__rosidl_typesupport_fastrtps_c.so
[0.553s] -- Up-to-date: /home/cjabrantes/ros2_px4_offboard_example_ws/install/image_processing_msgs/lib/libimage_processing_msgs__rosidl_typesupport_fastrtps_cpp.so
[0.553s] -- Up-to-date: /home/cjabrantes/ros2_px4_offboard_example_ws/install/image_processing_msgs/lib/libimage_processing_msgs__rosidl_typesupport_introspection_c.so
[0.554s] -- Up-to-date: /home/cjabrantes/ros2_px4_offboard_example_ws/install/image_processing_msgs/lib/libimage_processing_msgs__rosidl_typesupport_c.so
[0.554s] -- Up-to-date: /home/cjabrantes/ros2_px4_offboard_example_ws/install/image_processing_msgs/lib/libimage_processing_msgs__rosidl_typesupport_introspection_cpp.so
[0.555s] -- Up-to-date: /home/cjabrantes/ros2_px4_offboard_example_ws/install/image_processing_msgs/lib/libimage_processing_msgs__rosidl_typesupport_cpp.so
[0.599s] Listing '/home/cjabrantes/ros2_px4_offboard_example_ws/install/image_processing_msgs/local/lib/python3.10/dist-packages/image_processing_msgs'...
[0.599s] Listing '/home/cjabrantes/ros2_px4_offboard_example_ws/install/image_processing_msgs/local/lib/python3.10/dist-packages/image_processing_msgs/msg'...
[0.605s] -- Up-to-date: /home/cjabrantes/ros2_px4_offboard_example_ws/install/image_processing_msgs/lib/libimage_processing_msgs__rosidl_generator_py.so
[0.606s] -- Up-to-date: /home/cjabrantes/ros2_px4_offboard_example_ws/install/image_processing_msgs/share/image_processing_msgs/cmake/export_image_processing_msgs__rosidl_generator_cExport.cmake
[0.606s] -- Up-to-date: /home/cjabrantes/ros2_px4_offboard_example_ws/install/image_processing_msgs/share/image_processing_msgs/cmake/export_image_processing_msgs__rosidl_generator_cExport-noconfig.cmake
[0.606s] -- Up-to-date: /home/cjabrantes/ros2_px4_offboard_example_ws/install/image_processing_msgs/share/image_processing_msgs/cmake/export_image_processing_msgs__rosidl_typesupport_fastrtps_cExport.cmake
[0.606s] -- Up-to-date: /home/cjabrantes/ros2_px4_offboard_example_ws/install/image_processing_msgs/share/image_processing_msgs/cmake/export_image_processing_msgs__rosidl_typesupport_fastrtps_cExport-noconfig.cmake
[0.607s] -- Up-to-date: /home/cjabrantes/ros2_px4_offboard_example_ws/install/image_processing_msgs/share/image_processing_msgs/cmake/export_image_processing_msgs__rosidl_generator_cppExport.cmake
[0.607s] -- Up-to-date: /home/cjabrantes/ros2_px4_offboard_example_ws/install/image_processing_msgs/share/image_processing_msgs/cmake/export_image_processing_msgs__rosidl_typesupport_fastrtps_cppExport.cmake
[0.607s] -- Up-to-date: /home/cjabrantes/ros2_px4_offboard_example_ws/install/image_processing_msgs/share/image_processing_msgs/cmake/export_image_processing_msgs__rosidl_typesupport_fastrtps_cppExport-noconfig.cmake
[0.607s] -- Up-to-date: /home/cjabrantes/ros2_px4_offboard_example_ws/install/image_processing_msgs/share/image_processing_msgs/cmake/image_processing_msgs__rosidl_typesupport_introspection_cExport.cmake
[0.607s] -- Up-to-date: /home/cjabrantes/ros2_px4_offboard_example_ws/install/image_processing_msgs/share/image_processing_msgs/cmake/image_processing_msgs__rosidl_typesupport_introspection_cExport-noconfig.cmake
[0.607s] -- Up-to-date: /home/cjabrantes/ros2_px4_offboard_example_ws/install/image_processing_msgs/share/image_processing_msgs/cmake/image_processing_msgs__rosidl_typesupport_cExport.cmake
[0.607s] -- Up-to-date: /home/cjabrantes/ros2_px4_offboard_example_ws/install/image_processing_msgs/share/image_processing_msgs/cmake/image_processing_msgs__rosidl_typesupport_cExport-noconfig.cmake
[0.608s] -- Up-to-date: /home/cjabrantes/ros2_px4_offboard_example_ws/install/image_processing_msgs/share/image_processing_msgs/cmake/image_processing_msgs__rosidl_typesupport_introspection_cppExport.cmake
[0.608s] -- Up-to-date: /home/cjabrantes/ros2_px4_offboard_example_ws/install/image_processing_msgs/share/image_processing_msgs/cmake/image_processing_msgs__rosidl_typesupport_introspection_cppExport-noconfig.cmake
[0.608s] -- Up-to-date: /home/cjabrantes/ros2_px4_offboard_example_ws/install/image_processing_msgs/share/image_processing_msgs/cmake/image_processing_msgs__rosidl_typesupport_cppExport.cmake
[0.608s] -- Up-to-date: /home/cjabrantes/ros2_px4_offboard_example_ws/install/image_processing_msgs/share/image_processing_msgs/cmake/image_processing_msgs__rosidl_typesupport_cppExport-noconfig.cmake
[0.608s] -- Up-to-date: /home/cjabrantes/ros2_px4_offboard_example_ws/install/image_processing_msgs/share/image_processing_msgs/cmake/export_image_processing_msgs__rosidl_generator_pyExport.cmake
[0.608s] -- Up-to-date: /home/cjabrantes/ros2_px4_offboard_example_ws/install/image_processing_msgs/share/image_processing_msgs/cmake/export_image_processing_msgs__rosidl_generator_pyExport-noconfig.cmake
[0.610s] Invoked command in '/home/cjabrantes/ros2_px4_offboard_example_ws/build/image_processing_msgs' returned '0': CMAKE_PREFIX_PATH=${CMAKE_PREFIX_PATH}:/home/cjabrantes/ros2_px4_offboard_example_ws/install/px4_offboard:/home/cjabrantes/ros2_px4_offboard_example_ws/install/image_processing:/opt/ros/humble /usr/bin/cmake --install /home/cjabrantes/ros2_px4_offboard_example_ws/build/image_processing_msgs
