[0.585s] Invoking command in '/home/cjabrantes/ros2_px4_offboard_example_ws/src/ROS2_PX4_Offboard_Example/px4_offboard': AMENT_PREFIX_PATH=/home/cjabrantes/ros2_px4_offboard_example_ws/install/px4_msgs:${AMENT_PREFIX_PATH} CMAKE_PREFIX_PATH=/home/cjabrantes/ros2_px4_offboard_example_ws/install/px4_msgs LD_LIBRARY_PATH=/home/cjabrantes/ros2_px4_offboard_example_ws/install/px4_msgs/lib:${LD_LIBRARY_PATH} PYTHONPATH=/home/cjabrantes/ros2_px4_offboard_example_ws/build/px4_offboard/prefix_override:/home/cjabrantes/.local/lib/python3.10/site-packages/colcon_core/task/python/colcon_distutils_commands:/home/cjabrantes/ros2_px4_offboard_example_ws/install/px4_offboard/lib/python3.10/site-packages:/home/cjabrantes/ros2_px4_offboard_example_ws/install/px4_msgs/local/lib/python3.10/dist-packages:${PYTHONPATH} /usr/bin/python3 -W ignore:setup.py install is deprecated -W ignore:easy_install command is deprecated setup.py egg_info --egg-base ../../../build/px4_offboard build --build-base /home/cjabrantes/ros2_px4_offboard_example_ws/build/px4_offboard/build install --record /home/cjabrantes/ros2_px4_offboard_example_ws/build/px4_offboard/install.log --single-version-externally-managed install_data
[0.841s] running egg_info
[0.842s] writing ../../../build/px4_offboard/px4_offboard.egg-info/PKG-INFO
[0.842s] writing dependency_links to ../../../build/px4_offboard/px4_offboard.egg-info/dependency_links.txt
[0.842s] writing entry points to ../../../build/px4_offboard/px4_offboard.egg-info/entry_points.txt
[0.842s] writing requirements to ../../../build/px4_offboard/px4_offboard.egg-info/requires.txt
[0.842s] writing top-level names to ../../../build/px4_offboard/px4_offboard.egg-info/top_level.txt
[0.844s] reading manifest file '../../../build/px4_offboard/px4_offboard.egg-info/SOURCES.txt'
[0.844s] adding license file 'LICENSE'
[0.844s] writing manifest file '../../../build/px4_offboard/px4_offboard.egg-info/SOURCES.txt'
[0.845s] running build
[0.845s] running build_py
[0.845s] running install
[0.845s] running install_lib
[0.847s] running install_data
[0.847s] running install_egg_info
[0.848s] removing '/home/cjabrantes/ros2_px4_offboard_example_ws/install/px4_offboard/lib/python3.10/site-packages/px4_offboard-0.0.0-py3.10.egg-info' (and everything under it)
[0.849s] Copying ../../../build/px4_offboard/px4_offboard.egg-info to /home/cjabrantes/ros2_px4_offboard_example_ws/install/px4_offboard/lib/python3.10/site-packages/px4_offboard-0.0.0-py3.10.egg-info
[0.850s] running install_scripts
[0.867s] Installing control script to /home/cjabrantes/ros2_px4_offboard_example_ws/install/px4_offboard/lib/px4_offboard
[0.868s] Installing offboard_control script to /home/cjabrantes/ros2_px4_offboard_example_ws/install/px4_offboard/lib/px4_offboard
[0.868s] Installing processes script to /home/cjabrantes/ros2_px4_offboard_example_ws/install/px4_offboard/lib/px4_offboard
[0.868s] Installing velocity_control script to /home/cjabrantes/ros2_px4_offboard_example_ws/install/px4_offboard/lib/px4_offboard
[0.868s] Installing visualizer script to /home/cjabrantes/ros2_px4_offboard_example_ws/install/px4_offboard/lib/px4_offboard
[0.868s] writing list of installed files to '/home/cjabrantes/ros2_px4_offboard_example_ws/build/px4_offboard/install.log'
[0.896s] Invoked command in '/home/cjabrantes/ros2_px4_offboard_example_ws/src/ROS2_PX4_Offboard_Example/px4_offboard' returned '0': AMENT_PREFIX_PATH=/home/cjabrantes/ros2_px4_offboard_example_ws/install/px4_msgs:${AMENT_PREFIX_PATH} CMAKE_PREFIX_PATH=/home/cjabrantes/ros2_px4_offboard_example_ws/install/px4_msgs LD_LIBRARY_PATH=/home/cjabrantes/ros2_px4_offboard_example_ws/install/px4_msgs/lib:${LD_LIBRARY_PATH} PYTHONPATH=/home/cjabrantes/ros2_px4_offboard_example_ws/build/px4_offboard/prefix_override:/home/cjabrantes/.local/lib/python3.10/site-packages/colcon_core/task/python/colcon_distutils_commands:/home/cjabrantes/ros2_px4_offboard_example_ws/install/px4_offboard/lib/python3.10/site-packages:/home/cjabrantes/ros2_px4_offboard_example_ws/install/px4_msgs/local/lib/python3.10/dist-packages:${PYTHONPATH} /usr/bin/python3 -W ignore:setup.py install is deprecated -W ignore:easy_install command is deprecated setup.py egg_info --egg-base ../../../build/px4_offboard build --build-base /home/cjabrantes/ros2_px4_offboard_example_ws/build/px4_offboard/build install --record /home/cjabrantes/ros2_px4_offboard_example_ws/build/px4_offboard/install.log --single-version-externally-managed install_data
