running egg_info
writing ../../build/image_processing/image_processing.egg-info/PKG-INFO
writing dependency_links to ../../build/image_processing/image_processing.egg-info/dependency_links.txt
writing entry points to ../../build/image_processing/image_processing.egg-info/entry_points.txt
writing requirements to ../../build/image_processing/image_processing.egg-info/requires.txt
writing top-level names to ../../build/image_processing/image_processing.egg-info/top_level.txt
reading manifest file '../../build/image_processing/image_processing.egg-info/SOURCES.txt'
writing manifest file '../../build/image_processing/image_processing.egg-info/SOURCES.txt'
running build
running build_py
copying image_processing/behavior_controller.py -> /home/cjabrantes/ros2_px4_offboard_example_ws/build/image_processing/build/lib/image_processing
running install
running install_lib
copying /home/cjabrantes/ros2_px4_offboard_example_ws/build/image_processing/build/lib/image_processing/behavior_controller.py -> /home/cjabrantes/ros2_px4_offboard_example_ws/install/image_processing/lib/python3.10/site-packages/image_processing
byte-compiling /home/cjabrantes/ros2_px4_offboard_example_ws/install/image_processing/lib/python3.10/site-packages/image_processing/behavior_controller.py to behavior_controller.cpython-310.pyc
running install_data
running install_egg_info
removing '/home/cjabrantes/ros2_px4_offboard_example_ws/install/image_processing/lib/python3.10/site-packages/image_processing-0.0.0-py3.10.egg-info' (and everything under it)
Copying ../../build/image_processing/image_processing.egg-info to /home/cjabrantes/ros2_px4_offboard_example_ws/install/image_processing/lib/python3.10/site-packages/image_processing-0.0.0-py3.10.egg-info
running install_scripts
Installing behavior_controller script to /home/cjabrantes/ros2_px4_offboard_example_ws/install/image_processing/lib/image_processing
Installing distance_predictor_xyz script to /home/cjabrantes/ros2_px4_offboard_example_ws/install/image_processing/lib/image_processing
Installing drone_behavior_node script to /home/cjabrantes/ros2_px4_offboard_example_ws/install/image_processing/lib/image_processing
Installing drone_pose_publisher script to /home/cjabrantes/ros2_px4_offboard_example_ws/install/image_processing/lib/image_processing
Installing image_labeler script to /home/cjabrantes/ros2_px4_offboard_example_ws/install/image_processing/lib/image_processing
Installing image_subscriber script to /home/cjabrantes/ros2_px4_offboard_example_ws/install/image_processing/lib/image_processing
Installing yolo_subscriber script to /home/cjabrantes/ros2_px4_offboard_example_ws/install/image_processing/lib/image_processing
Installing yolov11_subscriber script to /home/cjabrantes/ros2_px4_offboard_example_ws/install/image_processing/lib/image_processing
writing list of installed files to '/home/cjabrantes/ros2_px4_offboard_example_ws/build/image_processing/install.log'
