[0.113s] [34mcolcon[0m [1;30mDEBUG[0m [32mCommand line arguments: ['/home/cjabrantes/.local/bin/colcon', 'build', '--symlink-install'][0m
[0.113s] [34mcolcon[0m [1;30mDEBUG[0m [32mParsed command line arguments: Namespace(log_base=None, log_level=None, verb_name='build', build_base='build', install_base='install', merge_install=False, symlink_install=True, test_result_base=None, continue_on_error=False, executor='parallel', parallel_workers=12, event_handlers=None, ignore_user_meta=False, metas=['./colcon.meta'], base_paths=['.'], packages_ignore=None, packages_ignore_regex=None, paths=None, packages_up_to=None, packages_up_to_regex=None, packages_above=None, packages_above_and_dependencies=None, packages_above_depth=None, packages_select_by_dep=None, packages_skip_by_dep=None, packages_skip_up_to=None, packages_select_build_failed=False, packages_skip_build_finished=False, packages_select_test_failures=False, packages_skip_test_passed=False, packages_select=None, packages_skip=None, packages_select_regex=None, packages_skip_regex=None, packages_start=None, packages_end=None, allow_overriding=[], cmake_args=None, cmake_target=None, cmake_target_skip_unavailable=False, cmake_clean_cache=False, cmake_clean_first=False, cmake_force_configure=False, ament_cmake_args=None, catkin_cmake_args=None, catkin_skip_building_tests=False, verb_parser=<colcon_defaults.argument_parser.defaults.DefaultArgumentsDecorator object at 0x744fb0a02080>, verb_extension=<colcon_core.verb.build.BuildVerb object at 0x744fb0a01a80>, main=<bound method BuildVerb.main of <colcon_core.verb.build.BuildVerb object at 0x744fb0a01a80>>)[0m
[0.245s] [34mcolcon.colcon_core.package_discovery[0m [1;30mLevel 1[0m discover_packages(colcon_meta) check parameters
[0.245s] [34mcolcon.colcon_core.package_discovery[0m [1;30mLevel 1[0m discover_packages(recursive) check parameters
[0.245s] [34mcolcon.colcon_core.package_discovery[0m [1;30mLevel 1[0m discover_packages(ignore) check parameters
[0.245s] [34mcolcon.colcon_core.package_discovery[0m [1;30mLevel 1[0m discover_packages(path) check parameters
[0.245s] [34mcolcon.colcon_core.package_discovery[0m [1;30mLevel 1[0m discover_packages(colcon_meta) discover
[0.245s] [34mcolcon.colcon_core.package_discovery[0m [1;30mLevel 1[0m discover_packages(recursive) discover
[0.245s] [34mcolcon.colcon_core.package_discovery[0m [1;30mINFO[0m Crawling recursively for packages in '/home/cjabrantes/ros2_px4_offboard_example_ws'
[0.245s] [34mcolcon.colcon_core.package_identification[0m [1;30mLevel 1[0m _identify(.) by extensions ['ignore', 'ignore_ament_install']
[0.245s] [34mcolcon.colcon_core.package_identification[0m [1;30mLevel 1[0m _identify(.) by extension 'ignore'
[0.245s] [34mcolcon.colcon_core.package_identification[0m [1;30mLevel 1[0m _identify(.) by extension 'ignore_ament_install'
[0.245s] [34mcolcon.colcon_core.package_identification[0m [1;30mLevel 1[0m _identify(.) by extensions ['colcon_pkg']
[0.245s] [34mcolcon.colcon_core.package_identification[0m [1;30mLevel 1[0m _identify(.) by extension 'colcon_pkg'
[0.246s] [34mcolcon.colcon_core.package_identification[0m [1;30mLevel 1[0m _identify(.) by extensions ['colcon_meta']
[0.246s] [34mcolcon.colcon_core.package_identification[0m [1;30mLevel 1[0m _identify(.) by extension 'colcon_meta'
[0.246s] [34mcolcon.colcon_core.package_identification[0m [1;30mLevel 1[0m _identify(.) by extensions ['ros']
[0.246s] [34mcolcon.colcon_core.package_identification[0m [1;30mLevel 1[0m _identify(.) by extension 'ros'
[0.254s] [34mcolcon.colcon_core.package_identification[0m [1;30mLevel 1[0m _identify(.) by extensions ['cmake', 'python']
[0.254s] [34mcolcon.colcon_core.package_identification[0m [1;30mLevel 1[0m _identify(.) by extension 'cmake'
[0.254s] [34mcolcon.colcon_core.package_identification[0m [1;30mLevel 1[0m _identify(.) by extension 'python'
[0.254s] [34mcolcon.colcon_core.package_identification[0m [1;30mLevel 1[0m _identify(.) by extensions ['python_setup_py']
[0.254s] [34mcolcon.colcon_core.package_identification[0m [1;30mLevel 1[0m _identify(.) by extension 'python_setup_py'
[0.255s] [34mcolcon.colcon_core.package_identification[0m [1;30mLevel 1[0m _identify(Improved Distance Estimator Data 11) by extensions ['ignore', 'ignore_ament_install']
[0.255s] [34mcolcon.colcon_core.package_identification[0m [1;30mLevel 1[0m _identify(Improved Distance Estimator Data 11) by extension 'ignore'
[0.255s] [34mcolcon.colcon_core.package_identification[0m [1;30mLevel 1[0m _identify(Improved Distance Estimator Data 11) by extension 'ignore_ament_install'
[0.255s] [34mcolcon.colcon_core.package_identification[0m [1;30mLevel 1[0m _identify(Improved Distance Estimator Data 11) by extensions ['colcon_pkg']
[0.255s] [34mcolcon.colcon_core.package_identification[0m [1;30mLevel 1[0m _identify(Improved Distance Estimator Data 11) by extension 'colcon_pkg'
[0.255s] [34mcolcon.colcon_core.package_identification[0m [1;30mLevel 1[0m _identify(Improved Distance Estimator Data 11) by extensions ['colcon_meta']
[0.255s] [34mcolcon.colcon_core.package_identification[0m [1;30mLevel 1[0m _identify(Improved Distance Estimator Data 11) by extension 'colcon_meta'
[0.255s] [34mcolcon.colcon_core.package_identification[0m [1;30mLevel 1[0m _identify(Improved Distance Estimator Data 11) by extensions ['ros']
[0.255s] [34mcolcon.colcon_core.package_identification[0m [1;30mLevel 1[0m _identify(Improved Distance Estimator Data 11) by extension 'ros'
[0.255s] [34mcolcon.colcon_core.package_identification[0m [1;30mLevel 1[0m _identify(Improved Distance Estimator Data 11) by extensions ['cmake', 'python']
[0.255s] [34mcolcon.colcon_core.package_identification[0m [1;30mLevel 1[0m _identify(Improved Distance Estimator Data 11) by extension 'cmake'
[0.255s] [34mcolcon.colcon_core.package_identification[0m [1;30mLevel 1[0m _identify(Improved Distance Estimator Data 11) by extension 'python'
[0.255s] [34mcolcon.colcon_core.package_identification[0m [1;30mLevel 1[0m _identify(Improved Distance Estimator Data 11) by extensions ['python_setup_py']
[0.255s] [34mcolcon.colcon_core.package_identification[0m [1;30mLevel 1[0m _identify(Improved Distance Estimator Data 11) by extension 'python_setup_py'
[0.255s] [34mcolcon.colcon_core.package_identification[0m [1;30mLevel 1[0m _identify(build) by extensions ['ignore', 'ignore_ament_install']
[0.255s] [34mcolcon.colcon_core.package_identification[0m [1;30mLevel 1[0m _identify(build) by extension 'ignore'
[0.255s] [34mcolcon.colcon_core.package_identification[0m [1;30mLevel 1[0m _identify(build) ignored
[0.255s] [34mcolcon.colcon_core.package_identification[0m [1;30mLevel 1[0m _identify(install) by extensions ['ignore', 'ignore_ament_install']
[0.255s] [34mcolcon.colcon_core.package_identification[0m [1;30mLevel 1[0m _identify(install) by extension 'ignore'
[0.255s] [34mcolcon.colcon_core.package_identification[0m [1;30mLevel 1[0m _identify(install) ignored
[0.256s] [34mcolcon.colcon_core.package_identification[0m [1;30mLevel 1[0m _identify(log) by extensions ['ignore', 'ignore_ament_install']
[0.256s] [34mcolcon.colcon_core.package_identification[0m [1;30mLevel 1[0m _identify(log) by extension 'ignore'
[0.256s] [34mcolcon.colcon_core.package_identification[0m [1;30mLevel 1[0m _identify(log) ignored
[0.256s] [34mcolcon.colcon_core.package_identification[0m [1;30mLevel 1[0m _identify(src) by extensions ['ignore', 'ignore_ament_install']
[0.256s] [34mcolcon.colcon_core.package_identification[0m [1;30mLevel 1[0m _identify(src) by extension 'ignore'
[0.256s] [34mcolcon.colcon_core.package_identification[0m [1;30mLevel 1[0m _identify(src) by extension 'ignore_ament_install'
[0.256s] [34mcolcon.colcon_core.package_identification[0m [1;30mLevel 1[0m _identify(src) by extensions ['colcon_pkg']
[0.256s] [34mcolcon.colcon_core.package_identification[0m [1;30mLevel 1[0m _identify(src) by extension 'colcon_pkg'
[0.256s] [34mcolcon.colcon_core.package_identification[0m [1;30mLevel 1[0m _identify(src) by extensions ['colcon_meta']
[0.256s] [34mcolcon.colcon_core.package_identification[0m [1;30mLevel 1[0m _identify(src) by extension 'colcon_meta'
[0.256s] [34mcolcon.colcon_core.package_identification[0m [1;30mLevel 1[0m _identify(src) by extensions ['ros']
[0.256s] [34mcolcon.colcon_core.package_identification[0m [1;30mLevel 1[0m _identify(src) by extension 'ros'
[0.256s] [34mcolcon.colcon_core.package_identification[0m [1;30mLevel 1[0m _identify(src) by extensions ['cmake', 'python']
[0.256s] [34mcolcon.colcon_core.package_identification[0m [1;30mLevel 1[0m _identify(src) by extension 'cmake'
[0.256s] [34mcolcon.colcon_core.package_identification[0m [1;30mLevel 1[0m _identify(src) by extension 'python'
[0.256s] [34mcolcon.colcon_core.package_identification[0m [1;30mLevel 1[0m _identify(src) by extensions ['python_setup_py']
[0.256s] [34mcolcon.colcon_core.package_identification[0m [1;30mLevel 1[0m _identify(src) by extension 'python_setup_py'
[0.256s] [34mcolcon.colcon_core.package_identification[0m [1;30mLevel 1[0m _identify(src/ROS2_PX4_Offboard_Example) by extensions ['ignore', 'ignore_ament_install']
[0.256s] [34mcolcon.colcon_core.package_identification[0m [1;30mLevel 1[0m _identify(src/ROS2_PX4_Offboard_Example) by extension 'ignore'
[0.256s] [34mcolcon.colcon_core.package_identification[0m [1;30mLevel 1[0m _identify(src/ROS2_PX4_Offboard_Example) by extension 'ignore_ament_install'
[0.256s] [34mcolcon.colcon_core.package_identification[0m [1;30mLevel 1[0m _identify(src/ROS2_PX4_Offboard_Example) by extensions ['colcon_pkg']
[0.256s] [34mcolcon.colcon_core.package_identification[0m [1;30mLevel 1[0m _identify(src/ROS2_PX4_Offboard_Example) by extension 'colcon_pkg'
[0.256s] [34mcolcon.colcon_core.package_identification[0m [1;30mLevel 1[0m _identify(src/ROS2_PX4_Offboard_Example) by extensions ['colcon_meta']
[0.256s] [34mcolcon.colcon_core.package_identification[0m [1;30mLevel 1[0m _identify(src/ROS2_PX4_Offboard_Example) by extension 'colcon_meta'
[0.257s] [34mcolcon.colcon_core.package_identification[0m [1;30mLevel 1[0m _identify(src/ROS2_PX4_Offboard_Example) by extensions ['ros']
[0.257s] [34mcolcon.colcon_core.package_identification[0m [1;30mLevel 1[0m _identify(src/ROS2_PX4_Offboard_Example) by extension 'ros'
[0.257s] [34mcolcon.colcon_core.package_identification[0m [1;30mLevel 1[0m _identify(src/ROS2_PX4_Offboard_Example) by extensions ['cmake', 'python']
[0.257s] [34mcolcon.colcon_core.package_identification[0m [1;30mLevel 1[0m _identify(src/ROS2_PX4_Offboard_Example) by extension 'cmake'
[0.257s] [34mcolcon.colcon_core.package_identification[0m [1;30mLevel 1[0m _identify(src/ROS2_PX4_Offboard_Example) by extension 'python'
[0.257s] [34mcolcon.colcon_core.package_identification[0m [1;30mLevel 1[0m _identify(src/ROS2_PX4_Offboard_Example) by extensions ['python_setup_py']
[0.257s] [34mcolcon.colcon_core.package_identification[0m [1;30mLevel 1[0m _identify(src/ROS2_PX4_Offboard_Example) by extension 'python_setup_py'
[0.257s] [34mcolcon.colcon_core.package_identification[0m [1;30mLevel 1[0m _identify(src/ROS2_PX4_Offboard_Example/px4_offboard) by extensions ['ignore', 'ignore_ament_install']
[0.257s] [34mcolcon.colcon_core.package_identification[0m [1;30mLevel 1[0m _identify(src/ROS2_PX4_Offboard_Example/px4_offboard) by extension 'ignore'
[0.257s] [34mcolcon.colcon_core.package_identification[0m [1;30mLevel 1[0m _identify(src/ROS2_PX4_Offboard_Example/px4_offboard) by extension 'ignore_ament_install'
[0.257s] [34mcolcon.colcon_core.package_identification[0m [1;30mLevel 1[0m _identify(src/ROS2_PX4_Offboard_Example/px4_offboard) by extensions ['colcon_pkg']
[0.257s] [34mcolcon.colcon_core.package_identification[0m [1;30mLevel 1[0m _identify(src/ROS2_PX4_Offboard_Example/px4_offboard) by extension 'colcon_pkg'
[0.257s] [34mcolcon.colcon_core.package_identification[0m [1;30mLevel 1[0m _identify(src/ROS2_PX4_Offboard_Example/px4_offboard) by extensions ['colcon_meta']
[0.257s] [34mcolcon.colcon_core.package_identification[0m [1;30mLevel 1[0m _identify(src/ROS2_PX4_Offboard_Example/px4_offboard) by extension 'colcon_meta'
[0.257s] [34mcolcon.colcon_core.package_identification[0m [1;30mLevel 1[0m _identify(src/ROS2_PX4_Offboard_Example/px4_offboard) by extensions ['ros']
[0.257s] [34mcolcon.colcon_core.package_identification[0m [1;30mLevel 1[0m _identify(src/ROS2_PX4_Offboard_Example/px4_offboard) by extension 'ros'
[0.259s] [34mcolcon.colcon_core.package_identification[0m [1;30mDEBUG[0m [32mPackage 'src/ROS2_PX4_Offboard_Example/px4_offboard' with type 'ros.ament_python' and name 'px4_offboard'[0m
[0.259s] [34mcolcon.colcon_core.package_identification[0m [1;30mLevel 1[0m _identify(src/image_processing) by extensions ['ignore', 'ignore_ament_install']
[0.259s] [34mcolcon.colcon_core.package_identification[0m [1;30mLevel 1[0m _identify(src/image_processing) by extension 'ignore'
[0.259s] [34mcolcon.colcon_core.package_identification[0m [1;30mLevel 1[0m _identify(src/image_processing) by extension 'ignore_ament_install'
[0.259s] [34mcolcon.colcon_core.package_identification[0m [1;30mLevel 1[0m _identify(src/image_processing) by extensions ['colcon_pkg']
[0.259s] [34mcolcon.colcon_core.package_identification[0m [1;30mLevel 1[0m _identify(src/image_processing) by extension 'colcon_pkg'
[0.259s] [34mcolcon.colcon_core.package_identification[0m [1;30mLevel 1[0m _identify(src/image_processing) by extensions ['colcon_meta']
[0.259s] [34mcolcon.colcon_core.package_identification[0m [1;30mLevel 1[0m _identify(src/image_processing) by extension 'colcon_meta'
[0.259s] [34mcolcon.colcon_core.package_identification[0m [1;30mLevel 1[0m _identify(src/image_processing) by extensions ['ros']
[0.259s] [34mcolcon.colcon_core.package_identification[0m [1;30mLevel 1[0m _identify(src/image_processing) by extension 'ros'
[0.260s] [34mcolcon.colcon_core.package_identification[0m [1;30mDEBUG[0m [32mPackage 'src/image_processing' with type 'ros.ament_python' and name 'image_processing'[0m
[0.260s] [34mcolcon.colcon_core.package_identification[0m [1;30mLevel 1[0m _identify(src/image_processing_msgs) by extensions ['ignore', 'ignore_ament_install']
[0.260s] [34mcolcon.colcon_core.package_identification[0m [1;30mLevel 1[0m _identify(src/image_processing_msgs) by extension 'ignore'
[0.260s] [34mcolcon.colcon_core.package_identification[0m [1;30mLevel 1[0m _identify(src/image_processing_msgs) by extension 'ignore_ament_install'
[0.260s] [34mcolcon.colcon_core.package_identification[0m [1;30mLevel 1[0m _identify(src/image_processing_msgs) by extensions ['colcon_pkg']
[0.260s] [34mcolcon.colcon_core.package_identification[0m [1;30mLevel 1[0m _identify(src/image_processing_msgs) by extension 'colcon_pkg'
[0.260s] [34mcolcon.colcon_core.package_identification[0m [1;30mLevel 1[0m _identify(src/image_processing_msgs) by extensions ['colcon_meta']
[0.260s] [34mcolcon.colcon_core.package_identification[0m [1;30mLevel 1[0m _identify(src/image_processing_msgs) by extension 'colcon_meta'
[0.260s] [34mcolcon.colcon_core.package_identification[0m [1;30mLevel 1[0m _identify(src/image_processing_msgs) by extensions ['ros']
[0.260s] [34mcolcon.colcon_core.package_identification[0m [1;30mLevel 1[0m _identify(src/image_processing_msgs) by extension 'ros'
[0.261s] [34mcolcon.colcon_core.package_identification[0m [1;30mDEBUG[0m [32mPackage 'src/image_processing_msgs' with type 'ros.ament_cmake' and name 'image_processing_msgs'[0m
[0.261s] [34mcolcon.colcon_core.package_identification[0m [1;30mLevel 1[0m _identify(src/px4_msgs) by extensions ['ignore', 'ignore_ament_install']
[0.261s] [34mcolcon.colcon_core.package_identification[0m [1;30mLevel 1[0m _identify(src/px4_msgs) by extension 'ignore'
[0.261s] [34mcolcon.colcon_core.package_identification[0m [1;30mLevel 1[0m _identify(src/px4_msgs) by extension 'ignore_ament_install'
[0.261s] [34mcolcon.colcon_core.package_identification[0m [1;30mLevel 1[0m _identify(src/px4_msgs) by extensions ['colcon_pkg']
[0.261s] [34mcolcon.colcon_core.package_identification[0m [1;30mLevel 1[0m _identify(src/px4_msgs) by extension 'colcon_pkg'
[0.261s] [34mcolcon.colcon_core.package_identification[0m [1;30mLevel 1[0m _identify(src/px4_msgs) by extensions ['colcon_meta']
[0.261s] [34mcolcon.colcon_core.package_identification[0m [1;30mLevel 1[0m _identify(src/px4_msgs) by extension 'colcon_meta'
[0.261s] [34mcolcon.colcon_core.package_identification[0m [1;30mLevel 1[0m _identify(src/px4_msgs) by extensions ['ros']
[0.261s] [34mcolcon.colcon_core.package_identification[0m [1;30mLevel 1[0m _identify(src/px4_msgs) by extension 'ros'
[0.262s] [34mcolcon.colcon_core.package_identification[0m [1;30mDEBUG[0m [32mPackage 'src/px4_msgs' with type 'ros.ament_cmake' and name 'px4_msgs'[0m
[0.262s] [34mcolcon.colcon_core.package_discovery[0m [1;30mLevel 1[0m discover_packages(recursive) using defaults
[0.262s] [34mcolcon.colcon_core.package_discovery[0m [1;30mLevel 1[0m discover_packages(ignore) discover
[0.262s] [34mcolcon.colcon_core.package_discovery[0m [1;30mLevel 1[0m discover_packages(ignore) using defaults
[0.262s] [34mcolcon.colcon_core.package_discovery[0m [1;30mLevel 1[0m discover_packages(path) discover
[0.262s] [34mcolcon.colcon_core.package_discovery[0m [1;30mLevel 1[0m discover_packages(path) using defaults
[0.276s] [34mcolcon.colcon_core.package_discovery[0m [1;30mLevel 1[0m discover_packages(prefix_path) check parameters
[0.276s] [34mcolcon.colcon_core.package_discovery[0m [1;30mLevel 1[0m discover_packages(prefix_path) discover
[0.276s] [34mcolcon.colcon_ros.prefix_path.ament[0m [1;30mWARNING[0m [33mThe path '/home/cjabrantes/ros2_px4_offboard_example_ws/install/px4_offboard' in the environment variable AMENT_PREFIX_PATH doesn't exist[0m
[0.276s] [34mcolcon.colcon_ros.prefix_path.ament[0m [1;30mWARNING[0m [33mThe path '/home/cjabrantes/ros2_px4_offboard_example_ws/install/px4_msgs' in the environment variable AMENT_PREFIX_PATH doesn't exist[0m
[0.276s] [34mcolcon.colcon_ros.prefix_path.ament[0m [1;30mWARNING[0m [33mThe path '/home/cjabrantes/ros2_px4_offboard_example_ws/install/image_processing' in the environment variable AMENT_PREFIX_PATH doesn't exist[0m
[0.276s] [34mcolcon.colcon_ros.prefix_path.ament[0m [1;30mWARNING[0m [33mThe path '/home/cjabrantes/ros2_px4_offboard_example_ws/install/image_processing_msgs' in the environment variable AMENT_PREFIX_PATH doesn't exist[0m
[0.276s] [34mcolcon.colcon_ros.prefix_path.catkin[0m [1;30mWARNING[0m [33mThe path '/home/cjabrantes/ros2_px4_offboard_example_ws/install/px4_msgs' in the environment variable CMAKE_PREFIX_PATH doesn't exist[0m
[0.276s] [34mcolcon.colcon_ros.prefix_path.catkin[0m [1;30mWARNING[0m [33mThe path '/home/cjabrantes/ros2_px4_offboard_example_ws/install/image_processing_msgs' in the environment variable CMAKE_PREFIX_PATH doesn't exist[0m
[0.277s] [34mcolcon.colcon_installed_package_information.package_discovery[0m [1;30mDEBUG[0m [32mFound 0 installed packages in /home/cjabrantes/ros2_px4_offboard_example_ws/install[0m
[0.278s] [34mcolcon.colcon_installed_package_information.package_discovery[0m [1;30mDEBUG[0m [32mFound 278 installed packages in /opt/ros/humble[0m
[0.287s] [34mcolcon.colcon_core.package_discovery[0m [1;30mLevel 1[0m discover_packages(prefix_path) using defaults
[0.317s] [34mcolcon.colcon_core.verb[0m [1;30mLevel 5[0m set package 'image_processing_msgs' build argument 'cmake_args' from command line to 'None'
[0.317s] [34mcolcon.colcon_core.verb[0m [1;30mLevel 5[0m set package 'image_processing_msgs' build argument 'cmake_target' from command line to 'None'
[0.317s] [34mcolcon.colcon_core.verb[0m [1;30mLevel 5[0m set package 'image_processing_msgs' build argument 'cmake_target_skip_unavailable' from command line to 'False'
[0.317s] [34mcolcon.colcon_core.verb[0m [1;30mLevel 5[0m set package 'image_processing_msgs' build argument 'cmake_clean_cache' from command line to 'False'
[0.317s] [34mcolcon.colcon_core.verb[0m [1;30mLevel 5[0m set package 'image_processing_msgs' build argument 'cmake_clean_first' from command line to 'False'
[0.317s] [34mcolcon.colcon_core.verb[0m [1;30mLevel 5[0m set package 'image_processing_msgs' build argument 'cmake_force_configure' from command line to 'False'
[0.317s] [34mcolcon.colcon_core.verb[0m [1;30mLevel 5[0m set package 'image_processing_msgs' build argument 'ament_cmake_args' from command line to 'None'
[0.317s] [34mcolcon.colcon_core.verb[0m [1;30mLevel 5[0m set package 'image_processing_msgs' build argument 'catkin_cmake_args' from command line to 'None'
[0.317s] [34mcolcon.colcon_core.verb[0m [1;30mLevel 5[0m set package 'image_processing_msgs' build argument 'catkin_skip_building_tests' from command line to 'False'
[0.317s] [34mcolcon.colcon_core.verb[0m [1;30mDEBUG[0m [32mBuilding package 'image_processing_msgs' with the following arguments: {'ament_cmake_args': None, 'build_base': '/home/cjabrantes/ros2_px4_offboard_example_ws/build/image_processing_msgs', 'catkin_cmake_args': None, 'catkin_skip_building_tests': False, 'cmake_args': None, 'cmake_clean_cache': False, 'cmake_clean_first': False, 'cmake_force_configure': False, 'cmake_target': None, 'cmake_target_skip_unavailable': False, 'install_base': '/home/cjabrantes/ros2_px4_offboard_example_ws/install/image_processing_msgs', 'merge_install': False, 'path': '/home/cjabrantes/ros2_px4_offboard_example_ws/src/image_processing_msgs', 'symlink_install': True, 'test_result_base': None}[0m
[0.318s] [34mcolcon.colcon_core.verb[0m [1;30mLevel 5[0m set package 'px4_msgs' build argument 'cmake_args' from command line to 'None'
[0.318s] [34mcolcon.colcon_core.verb[0m [1;30mLevel 5[0m set package 'px4_msgs' build argument 'cmake_target' from command line to 'None'
[0.318s] [34mcolcon.colcon_core.verb[0m [1;30mLevel 5[0m set package 'px4_msgs' build argument 'cmake_target_skip_unavailable' from command line to 'False'
[0.318s] [34mcolcon.colcon_core.verb[0m [1;30mLevel 5[0m set package 'px4_msgs' build argument 'cmake_clean_cache' from command line to 'False'
[0.318s] [34mcolcon.colcon_core.verb[0m [1;30mLevel 5[0m set package 'px4_msgs' build argument 'cmake_clean_first' from command line to 'False'
[0.318s] [34mcolcon.colcon_core.verb[0m [1;30mLevel 5[0m set package 'px4_msgs' build argument 'cmake_force_configure' from command line to 'False'
[0.318s] [34mcolcon.colcon_core.verb[0m [1;30mLevel 5[0m set package 'px4_msgs' build argument 'ament_cmake_args' from command line to 'None'
[0.318s] [34mcolcon.colcon_core.verb[0m [1;30mLevel 5[0m set package 'px4_msgs' build argument 'catkin_cmake_args' from command line to 'None'
[0.318s] [34mcolcon.colcon_core.verb[0m [1;30mLevel 5[0m set package 'px4_msgs' build argument 'catkin_skip_building_tests' from command line to 'False'
[0.318s] [34mcolcon.colcon_core.verb[0m [1;30mDEBUG[0m [32mBuilding package 'px4_msgs' with the following arguments: {'ament_cmake_args': None, 'build_base': '/home/cjabrantes/ros2_px4_offboard_example_ws/build/px4_msgs', 'catkin_cmake_args': None, 'catkin_skip_building_tests': False, 'cmake_args': None, 'cmake_clean_cache': False, 'cmake_clean_first': False, 'cmake_force_configure': False, 'cmake_target': None, 'cmake_target_skip_unavailable': False, 'install_base': '/home/cjabrantes/ros2_px4_offboard_example_ws/install/px4_msgs', 'merge_install': False, 'path': '/home/cjabrantes/ros2_px4_offboard_example_ws/src/px4_msgs', 'symlink_install': True, 'test_result_base': None}[0m
[0.318s] [34mcolcon.colcon_core.verb[0m [1;30mLevel 5[0m set package 'image_processing' build argument 'cmake_args' from command line to 'None'
[0.318s] [34mcolcon.colcon_core.verb[0m [1;30mLevel 5[0m set package 'image_processing' build argument 'cmake_target' from command line to 'None'
[0.318s] [34mcolcon.colcon_core.verb[0m [1;30mLevel 5[0m set package 'image_processing' build argument 'cmake_target_skip_unavailable' from command line to 'False'
[0.318s] [34mcolcon.colcon_core.verb[0m [1;30mLevel 5[0m set package 'image_processing' build argument 'cmake_clean_cache' from command line to 'False'
[0.318s] [34mcolcon.colcon_core.verb[0m [1;30mLevel 5[0m set package 'image_processing' build argument 'cmake_clean_first' from command line to 'False'
[0.318s] [34mcolcon.colcon_core.verb[0m [1;30mLevel 5[0m set package 'image_processing' build argument 'cmake_force_configure' from command line to 'False'
[0.318s] [34mcolcon.colcon_core.verb[0m [1;30mLevel 5[0m set package 'image_processing' build argument 'ament_cmake_args' from command line to 'None'
[0.318s] [34mcolcon.colcon_core.verb[0m [1;30mLevel 5[0m set package 'image_processing' build argument 'catkin_cmake_args' from command line to 'None'
[0.318s] [34mcolcon.colcon_core.verb[0m [1;30mLevel 5[0m set package 'image_processing' build argument 'catkin_skip_building_tests' from command line to 'False'
[0.318s] [34mcolcon.colcon_core.verb[0m [1;30mDEBUG[0m [32mBuilding package 'image_processing' with the following arguments: {'ament_cmake_args': None, 'build_base': '/home/cjabrantes/ros2_px4_offboard_example_ws/build/image_processing', 'catkin_cmake_args': None, 'catkin_skip_building_tests': False, 'cmake_args': None, 'cmake_clean_cache': False, 'cmake_clean_first': False, 'cmake_force_configure': False, 'cmake_target': None, 'cmake_target_skip_unavailable': False, 'install_base': '/home/cjabrantes/ros2_px4_offboard_example_ws/install/image_processing', 'merge_install': False, 'path': '/home/cjabrantes/ros2_px4_offboard_example_ws/src/image_processing', 'symlink_install': True, 'test_result_base': None}[0m
[0.319s] [34mcolcon.colcon_core.verb[0m [1;30mLevel 5[0m set package 'px4_offboard' build argument 'cmake_args' from command line to 'None'
[0.319s] [34mcolcon.colcon_core.verb[0m [1;30mLevel 5[0m set package 'px4_offboard' build argument 'cmake_target' from command line to 'None'
[0.319s] [34mcolcon.colcon_core.verb[0m [1;30mLevel 5[0m set package 'px4_offboard' build argument 'cmake_target_skip_unavailable' from command line to 'False'
[0.319s] [34mcolcon.colcon_core.verb[0m [1;30mLevel 5[0m set package 'px4_offboard' build argument 'cmake_clean_cache' from command line to 'False'
[0.319s] [34mcolcon.colcon_core.verb[0m [1;30mLevel 5[0m set package 'px4_offboard' build argument 'cmake_clean_first' from command line to 'False'
[0.319s] [34mcolcon.colcon_core.verb[0m [1;30mLevel 5[0m set package 'px4_offboard' build argument 'cmake_force_configure' from command line to 'False'
[0.319s] [34mcolcon.colcon_core.verb[0m [1;30mLevel 5[0m set package 'px4_offboard' build argument 'ament_cmake_args' from command line to 'None'
[0.319s] [34mcolcon.colcon_core.verb[0m [1;30mLevel 5[0m set package 'px4_offboard' build argument 'catkin_cmake_args' from command line to 'None'
[0.319s] [34mcolcon.colcon_core.verb[0m [1;30mLevel 5[0m set package 'px4_offboard' build argument 'catkin_skip_building_tests' from command line to 'False'
[0.319s] [34mcolcon.colcon_core.verb[0m [1;30mDEBUG[0m [32mBuilding package 'px4_offboard' with the following arguments: {'ament_cmake_args': None, 'build_base': '/home/cjabrantes/ros2_px4_offboard_example_ws/build/px4_offboard', 'catkin_cmake_args': None, 'catkin_skip_building_tests': False, 'cmake_args': None, 'cmake_clean_cache': False, 'cmake_clean_first': False, 'cmake_force_configure': False, 'cmake_target': None, 'cmake_target_skip_unavailable': False, 'install_base': '/home/cjabrantes/ros2_px4_offboard_example_ws/install/px4_offboard', 'merge_install': False, 'path': '/home/cjabrantes/ros2_px4_offboard_example_ws/src/ROS2_PX4_Offboard_Example/px4_offboard', 'symlink_install': True, 'test_result_base': None}[0m
[0.319s] [34mcolcon.colcon_core.executor[0m [1;30mINFO[0m Executing jobs using 'parallel' executor
[0.320s] [34mcolcon.colcon_parallel_executor.executor.parallel[0m [1;30mDEBUG[0m [32mrun_until_complete[0m
[0.320s] [34mcolcon.colcon_ros.task.ament_cmake.build[0m [1;30mINFO[0m Building ROS package in '/home/cjabrantes/ros2_px4_offboard_example_ws/src/image_processing_msgs' with build type 'ament_cmake'
[0.320s] [34mcolcon.colcon_cmake.task.cmake.build[0m [1;30mINFO[0m Building CMake package in '/home/cjabrantes/ros2_px4_offboard_example_ws/src/image_processing_msgs'
[0.322s] [34mcolcon.colcon_core.plugin_system[0m [1;30mINFO[0m Skipping extension 'colcon_core.shell.bat': Not used on non-Windows systems
[0.322s] [34mcolcon.colcon_core.shell[0m [1;30mINFO[0m Skip shell extension 'powershell' for command environment: Not usable outside of PowerShell
[0.322s] [34mcolcon.colcon_core.shell[0m [1;30mDEBUG[0m [32mSkip shell extension 'dsv' for command environment[0m
[0.324s] [34mcolcon.colcon_ros.task.ament_cmake.build[0m [1;30mINFO[0m Building ROS package in '/home/cjabrantes/ros2_px4_offboard_example_ws/src/px4_msgs' with build type 'ament_cmake'
[0.325s] [34mcolcon.colcon_cmake.task.cmake.build[0m [1;30mINFO[0m Building CMake package in '/home/cjabrantes/ros2_px4_offboard_example_ws/src/px4_msgs'
[0.325s] [34mcolcon.colcon_core.shell[0m [1;30mINFO[0m Skip shell extension 'powershell' for command environment: Not usable outside of PowerShell
[0.325s] [34mcolcon.colcon_core.shell[0m [1;30mDEBUG[0m [32mSkip shell extension 'dsv' for command environment[0m
[0.330s] [34mcolcon.colcon_core.event_handler.log_command[0m [1;30mDEBUG[0m [32mInvoking command in '/home/cjabrantes/ros2_px4_offboard_example_ws/build/image_processing_msgs': CMAKE_PREFIX_PATH=${CMAKE_PREFIX_PATH}:/home/cjabrantes/ros2_px4_offboard_example_ws/install/px4_offboard:/home/cjabrantes/ros2_px4_offboard_example_ws/install/image_processing:/opt/ros/humble /usr/bin/cmake /home/cjabrantes/ros2_px4_offboard_example_ws/src/image_processing_msgs -DAMENT_CMAKE_SYMLINK_INSTALL=1 -DCMAKE_INSTALL_PREFIX=/home/cjabrantes/ros2_px4_offboard_example_ws/install/image_processing_msgs[0m
[0.333s] [34mcolcon.colcon_core.event_handler.log_command[0m [1;30mDEBUG[0m [32mInvoking command in '/home/cjabrantes/ros2_px4_offboard_example_ws/build/px4_msgs': CMAKE_PREFIX_PATH=${CMAKE_PREFIX_PATH}:/home/cjabrantes/ros2_px4_offboard_example_ws/install/px4_offboard:/home/cjabrantes/ros2_px4_offboard_example_ws/install/image_processing:/opt/ros/humble /usr/bin/cmake /home/cjabrantes/ros2_px4_offboard_example_ws/src/px4_msgs -DAMENT_CMAKE_SYMLINK_INSTALL=1 -DCMAKE_INSTALL_PREFIX=/home/cjabrantes/ros2_px4_offboard_example_ws/install/px4_msgs[0m
[2.066s] [34mcolcon.colcon_core.event_handler.log_command[0m [1;30mDEBUG[0m [32mInvoked command in '/home/cjabrantes/ros2_px4_offboard_example_ws/build/image_processing_msgs' returned '0': CMAKE_PREFIX_PATH=${CMAKE_PREFIX_PATH}:/home/cjabrantes/ros2_px4_offboard_example_ws/install/px4_offboard:/home/cjabrantes/ros2_px4_offboard_example_ws/install/image_processing:/opt/ros/humble /usr/bin/cmake /home/cjabrantes/ros2_px4_offboard_example_ws/src/image_processing_msgs -DAMENT_CMAKE_SYMLINK_INSTALL=1 -DCMAKE_INSTALL_PREFIX=/home/cjabrantes/ros2_px4_offboard_example_ws/install/image_processing_msgs[0m
[2.068s] [34mcolcon.colcon_core.event_handler.log_command[0m [1;30mDEBUG[0m [32mInvoking command in '/home/cjabrantes/ros2_px4_offboard_example_ws/build/image_processing_msgs': CMAKE_PREFIX_PATH=${CMAKE_PREFIX_PATH}:/home/cjabrantes/ros2_px4_offboard_example_ws/install/px4_offboard:/home/cjabrantes/ros2_px4_offboard_example_ws/install/image_processing:/opt/ros/humble /usr/bin/cmake --build /home/cjabrantes/ros2_px4_offboard_example_ws/build/image_processing_msgs -- -j12 -l12[0m
[3.953s] [34mcolcon.colcon_core.event_handler.log_command[0m [1;30mDEBUG[0m [32mInvoked command in '/home/cjabrantes/ros2_px4_offboard_example_ws/build/px4_msgs' returned '0': CMAKE_PREFIX_PATH=${CMAKE_PREFIX_PATH}:/home/cjabrantes/ros2_px4_offboard_example_ws/install/px4_offboard:/home/cjabrantes/ros2_px4_offboard_example_ws/install/image_processing:/opt/ros/humble /usr/bin/cmake /home/cjabrantes/ros2_px4_offboard_example_ws/src/px4_msgs -DAMENT_CMAKE_SYMLINK_INSTALL=1 -DCMAKE_INSTALL_PREFIX=/home/cjabrantes/ros2_px4_offboard_example_ws/install/px4_msgs[0m
[3.955s] [34mcolcon.colcon_core.event_handler.log_command[0m [1;30mDEBUG[0m [32mInvoking command in '/home/cjabrantes/ros2_px4_offboard_example_ws/build/px4_msgs': CMAKE_PREFIX_PATH=${CMAKE_PREFIX_PATH}:/home/cjabrantes/ros2_px4_offboard_example_ws/install/px4_offboard:/home/cjabrantes/ros2_px4_offboard_example_ws/install/image_processing:/opt/ros/humble /usr/bin/cmake --build /home/cjabrantes/ros2_px4_offboard_example_ws/build/px4_msgs -- -j12 -l12[0m
[4.904s] [34mcolcon.colcon_core.event_handler.log_command[0m [1;30mDEBUG[0m [32mInvoked command in '/home/cjabrantes/ros2_px4_offboard_example_ws/build/image_processing_msgs' returned '0': CMAKE_PREFIX_PATH=${CMAKE_PREFIX_PATH}:/home/cjabrantes/ros2_px4_offboard_example_ws/install/px4_offboard:/home/cjabrantes/ros2_px4_offboard_example_ws/install/image_processing:/opt/ros/humble /usr/bin/cmake --build /home/cjabrantes/ros2_px4_offboard_example_ws/build/image_processing_msgs -- -j12 -l12[0m
[4.914s] [34mcolcon.colcon_core.event_handler.log_command[0m [1;30mDEBUG[0m [32mInvoking command in '/home/cjabrantes/ros2_px4_offboard_example_ws/build/image_processing_msgs': CMAKE_PREFIX_PATH=${CMAKE_PREFIX_PATH}:/home/cjabrantes/ros2_px4_offboard_example_ws/install/px4_offboard:/home/cjabrantes/ros2_px4_offboard_example_ws/install/image_processing:/opt/ros/humble /usr/bin/cmake --install /home/cjabrantes/ros2_px4_offboard_example_ws/build/image_processing_msgs[0m
[6.120s] [34mcolcon.colcon_core.environment[0m [1;30mLevel 1[0m create_environment_scripts_only(image_processing_msgs)
[6.121s] [34mcolcon.colcon_core.event_handler.log_command[0m [1;30mDEBUG[0m [32mInvoked command in '/home/cjabrantes/ros2_px4_offboard_example_ws/build/image_processing_msgs' returned '0': CMAKE_PREFIX_PATH=${CMAKE_PREFIX_PATH}:/home/cjabrantes/ros2_px4_offboard_example_ws/install/px4_offboard:/home/cjabrantes/ros2_px4_offboard_example_ws/install/image_processing:/opt/ros/humble /usr/bin/cmake --install /home/cjabrantes/ros2_px4_offboard_example_ws/build/image_processing_msgs[0m
[6.123s] [34mcolcon.colcon_core.environment[0m [1;30mLevel 1[0m checking '/home/cjabrantes/ros2_px4_offboard_example_ws/install/image_processing_msgs' for CMake module files
[6.124s] [34mcolcon.colcon_core.environment[0m [1;30mLevel 1[0m checking '/home/cjabrantes/ros2_px4_offboard_example_ws/install/image_processing_msgs' for CMake config files
[6.125s] [34mcolcon.colcon_core.shell[0m [1;30mLevel 1[0m create_environment_hook('image_processing_msgs', 'cmake_prefix_path')
[6.125s] [34mcolcon.colcon_core.shell[0m [1;30mINFO[0m Creating environment hook '/home/cjabrantes/ros2_px4_offboard_example_ws/install/image_processing_msgs/share/image_processing_msgs/hook/cmake_prefix_path.ps1'
[6.126s] [34mcolcon.colcon_core.shell[0m [1;30mINFO[0m Creating environment descriptor '/home/cjabrantes/ros2_px4_offboard_example_ws/install/image_processing_msgs/share/image_processing_msgs/hook/cmake_prefix_path.dsv'
[6.126s] [34mcolcon.colcon_core.shell[0m [1;30mINFO[0m Creating environment hook '/home/cjabrantes/ros2_px4_offboard_example_ws/install/image_processing_msgs/share/image_processing_msgs/hook/cmake_prefix_path.sh'
[6.127s] [34mcolcon.colcon_core.environment[0m [1;30mLevel 1[0m checking '/home/cjabrantes/ros2_px4_offboard_example_ws/install/image_processing_msgs/lib'
[6.127s] [34mcolcon.colcon_core.shell[0m [1;30mLevel 1[0m create_environment_hook('image_processing_msgs', 'ld_library_path_lib')
[6.128s] [34mcolcon.colcon_core.shell[0m [1;30mINFO[0m Creating environment hook '/home/cjabrantes/ros2_px4_offboard_example_ws/install/image_processing_msgs/share/image_processing_msgs/hook/ld_library_path_lib.ps1'
[6.128s] [34mcolcon.colcon_core.shell[0m [1;30mINFO[0m Creating environment descriptor '/home/cjabrantes/ros2_px4_offboard_example_ws/install/image_processing_msgs/share/image_processing_msgs/hook/ld_library_path_lib.dsv'
[6.128s] [34mcolcon.colcon_core.shell[0m [1;30mINFO[0m Creating environment hook '/home/cjabrantes/ros2_px4_offboard_example_ws/install/image_processing_msgs/share/image_processing_msgs/hook/ld_library_path_lib.sh'
[6.129s] [34mcolcon.colcon_core.environment[0m [1;30mLevel 1[0m checking '/home/cjabrantes/ros2_px4_offboard_example_ws/install/image_processing_msgs/bin'
[6.129s] [34mcolcon.colcon_core.environment[0m [1;30mLevel 1[0m checking '/home/cjabrantes/ros2_px4_offboard_example_ws/install/image_processing_msgs/lib/pkgconfig/image_processing_msgs.pc'
[6.129s] [34mcolcon.colcon_core.environment[0m [1;30mLevel 1[0m checking '/home/cjabrantes/ros2_px4_offboard_example_ws/install/image_processing_msgs/lib/python3.10/site-packages'
[6.129s] [34mcolcon.colcon_core.environment[0m [1;30mLevel 1[0m checking '/home/cjabrantes/ros2_px4_offboard_example_ws/install/image_processing_msgs/bin'
[6.129s] [34mcolcon.colcon_core.shell[0m [1;30mINFO[0m Creating package script '/home/cjabrantes/ros2_px4_offboard_example_ws/install/image_processing_msgs/share/image_processing_msgs/package.ps1'
[6.130s] [34mcolcon.colcon_core.shell[0m [1;30mINFO[0m Creating package descriptor '/home/cjabrantes/ros2_px4_offboard_example_ws/install/image_processing_msgs/share/image_processing_msgs/package.dsv'
[6.131s] [34mcolcon.colcon_core.shell[0m [1;30mINFO[0m Creating package script '/home/cjabrantes/ros2_px4_offboard_example_ws/install/image_processing_msgs/share/image_processing_msgs/package.sh'
[6.132s] [34mcolcon.colcon_core.shell[0m [1;30mINFO[0m Creating package script '/home/cjabrantes/ros2_px4_offboard_example_ws/install/image_processing_msgs/share/image_processing_msgs/package.bash'
[6.133s] [34mcolcon.colcon_core.shell[0m [1;30mINFO[0m Creating package script '/home/cjabrantes/ros2_px4_offboard_example_ws/install/image_processing_msgs/share/image_processing_msgs/package.zsh'
[6.133s] [34mcolcon.colcon_core.environment[0m [1;30mLevel 1[0m create_file_with_runtime_dependencies(/home/cjabrantes/ros2_px4_offboard_example_ws/install/image_processing_msgs/share/colcon-core/packages/image_processing_msgs)
[6.134s] [34mcolcon.colcon_core.environment[0m [1;30mLevel 1[0m create_environment_scripts_only(image_processing_msgs)
[6.134s] [34mcolcon.colcon_core.environment[0m [1;30mLevel 1[0m checking '/home/cjabrantes/ros2_px4_offboard_example_ws/install/image_processing_msgs' for CMake module files
[6.135s] [34mcolcon.colcon_core.environment[0m [1;30mLevel 1[0m checking '/home/cjabrantes/ros2_px4_offboard_example_ws/install/image_processing_msgs' for CMake config files
[6.136s] [34mcolcon.colcon_core.shell[0m [1;30mLevel 1[0m create_environment_hook('image_processing_msgs', 'cmake_prefix_path')
[6.136s] [34mcolcon.colcon_core.shell[0m [1;30mINFO[0m Creating environment hook '/home/cjabrantes/ros2_px4_offboard_example_ws/install/image_processing_msgs/share/image_processing_msgs/hook/cmake_prefix_path.ps1'
[6.137s] [34mcolcon.colcon_core.shell[0m [1;30mINFO[0m Creating environment descriptor '/home/cjabrantes/ros2_px4_offboard_example_ws/install/image_processing_msgs/share/image_processing_msgs/hook/cmake_prefix_path.dsv'
[6.137s] [34mcolcon.colcon_core.shell[0m [1;30mINFO[0m Creating environment hook '/home/cjabrantes/ros2_px4_offboard_example_ws/install/image_processing_msgs/share/image_processing_msgs/hook/cmake_prefix_path.sh'
[6.138s] [34mcolcon.colcon_core.environment[0m [1;30mLevel 1[0m checking '/home/cjabrantes/ros2_px4_offboard_example_ws/install/image_processing_msgs/lib'
[6.138s] [34mcolcon.colcon_core.shell[0m [1;30mLevel 1[0m create_environment_hook('image_processing_msgs', 'ld_library_path_lib')
[6.138s] [34mcolcon.colcon_core.shell[0m [1;30mINFO[0m Creating environment hook '/home/cjabrantes/ros2_px4_offboard_example_ws/install/image_processing_msgs/share/image_processing_msgs/hook/ld_library_path_lib.ps1'
[6.138s] [34mcolcon.colcon_core.shell[0m [1;30mINFO[0m Creating environment descriptor '/home/cjabrantes/ros2_px4_offboard_example_ws/install/image_processing_msgs/share/image_processing_msgs/hook/ld_library_path_lib.dsv'
[6.139s] [34mcolcon.colcon_core.shell[0m [1;30mINFO[0m Creating environment hook '/home/cjabrantes/ros2_px4_offboard_example_ws/install/image_processing_msgs/share/image_processing_msgs/hook/ld_library_path_lib.sh'
[6.139s] [34mcolcon.colcon_core.environment[0m [1;30mLevel 1[0m checking '/home/cjabrantes/ros2_px4_offboard_example_ws/install/image_processing_msgs/bin'
[6.139s] [34mcolcon.colcon_core.environment[0m [1;30mLevel 1[0m checking '/home/cjabrantes/ros2_px4_offboard_example_ws/install/image_processing_msgs/lib/pkgconfig/image_processing_msgs.pc'
[6.139s] [34mcolcon.colcon_core.environment[0m [1;30mLevel 1[0m checking '/home/cjabrantes/ros2_px4_offboard_example_ws/install/image_processing_msgs/lib/python3.10/site-packages'
[6.140s] [34mcolcon.colcon_core.environment[0m [1;30mLevel 1[0m checking '/home/cjabrantes/ros2_px4_offboard_example_ws/install/image_processing_msgs/bin'
[6.140s] [34mcolcon.colcon_core.shell[0m [1;30mINFO[0m Creating package script '/home/cjabrantes/ros2_px4_offboard_example_ws/install/image_processing_msgs/share/image_processing_msgs/package.ps1'
[6.141s] [34mcolcon.colcon_core.shell[0m [1;30mINFO[0m Creating package descriptor '/home/cjabrantes/ros2_px4_offboard_example_ws/install/image_processing_msgs/share/image_processing_msgs/package.dsv'
[6.141s] [34mcolcon.colcon_core.shell[0m [1;30mINFO[0m Creating package script '/home/cjabrantes/ros2_px4_offboard_example_ws/install/image_processing_msgs/share/image_processing_msgs/package.sh'
[6.142s] [34mcolcon.colcon_core.shell[0m [1;30mINFO[0m Creating package script '/home/cjabrantes/ros2_px4_offboard_example_ws/install/image_processing_msgs/share/image_processing_msgs/package.bash'
[6.142s] [34mcolcon.colcon_core.shell[0m [1;30mINFO[0m Creating package script '/home/cjabrantes/ros2_px4_offboard_example_ws/install/image_processing_msgs/share/image_processing_msgs/package.zsh'
[6.142s] [34mcolcon.colcon_core.environment[0m [1;30mLevel 1[0m create_file_with_runtime_dependencies(/home/cjabrantes/ros2_px4_offboard_example_ws/install/image_processing_msgs/share/colcon-core/packages/image_processing_msgs)
[6.143s] [34mcolcon.colcon_ros.task.ament_python.build[0m [1;30mINFO[0m Building ROS package in '/home/cjabrantes/ros2_px4_offboard_example_ws/src/image_processing' with build type 'ament_python'
[6.143s] [34mcolcon.colcon_core.shell[0m [1;30mLevel 1[0m create_environment_hook('image_processing', 'ament_prefix_path')
[6.143s] [34mcolcon.colcon_core.shell[0m [1;30mINFO[0m Creating environment hook '/home/cjabrantes/ros2_px4_offboard_example_ws/install/image_processing/share/image_processing/hook/ament_prefix_path.ps1'
[6.144s] [34mcolcon.colcon_core.shell[0m [1;30mINFO[0m Creating environment descriptor '/home/cjabrantes/ros2_px4_offboard_example_ws/install/image_processing/share/image_processing/hook/ament_prefix_path.dsv'
[6.144s] [34mcolcon.colcon_core.shell[0m [1;30mINFO[0m Creating environment hook '/home/cjabrantes/ros2_px4_offboard_example_ws/install/image_processing/share/image_processing/hook/ament_prefix_path.sh'
[6.145s] [34mcolcon.colcon_core.shell[0m [1;30mINFO[0m Skip shell extension 'powershell' for command environment: Not usable outside of PowerShell
[6.145s] [34mcolcon.colcon_core.shell[0m [1;30mDEBUG[0m [32mSkip shell extension 'dsv' for command environment[0m
[6.360s] [34mcolcon.colcon_core.task.python.build[0m [1;30mINFO[0m Building Python package in '/home/cjabrantes/ros2_px4_offboard_example_ws/src/image_processing'
[6.361s] [34mcolcon.colcon_core.shell[0m [1;30mINFO[0m Skip shell extension 'powershell' for command environment: Not usable outside of PowerShell
[6.361s] [34mcolcon.colcon_core.shell[0m [1;30mDEBUG[0m [32mSkip shell extension 'dsv' for command environment[0m
[6.661s] [34mcolcon.colcon_core.event_handler.log_command[0m [1;30mDEBUG[0m [32mInvoking command in '/home/cjabrantes/ros2_px4_offboard_example_ws/build/image_processing': CMAKE_PREFIX_PATH=/home/cjabrantes/ros2_px4_offboard_example_ws/install/image_processing_msgs:/home/cjabrantes/ros2_px4_offboard_example_ws/install/px4_msgs LD_LIBRARY_PATH=/home/cjabrantes/ros2_px4_offboard_example_ws/install/image_processing_msgs/lib:/home/cjabrantes/ros2_px4_offboard_example_ws/install/px4_msgs/lib:/opt/ros/humble/opt/rviz_ogre_vendor/lib:/opt/ros/humble/lib/x86_64-linux-gnu:/opt/ros/humble/lib PYTHONPATH=/home/cjabrantes/ros2_px4_offboard_example_ws/build/image_processing/prefix_override:/home/cjabrantes/.local/lib/python3.10/site-packages/colcon_core/task/python/colcon_distutils_commands:/home/cjabrantes/ros2_px4_offboard_example_ws/install/image_processing/lib/python3.10/site-packages:${PYTHONPATH} /usr/bin/python3 -W ignore:setup.py install is deprecated -W ignore:easy_install command is deprecated setup.py develop --editable --build-directory /home/cjabrantes/ros2_px4_offboard_example_ws/build/image_processing/build --no-deps symlink_data[0m
[7.067s] [34mcolcon.colcon_core.shell[0m [1;30mLevel 1[0m create_environment_hook('image_processing', 'pythonpath_develop')
[7.067s] [34mcolcon.colcon_core.shell[0m [1;30mINFO[0m Creating environment hook '/home/cjabrantes/ros2_px4_offboard_example_ws/build/image_processing/share/image_processing/hook/pythonpath_develop.ps1'
[7.067s] [34mcolcon.colcon_core.event_handler.log_command[0m [1;30mDEBUG[0m [32mInvoked command in '/home/cjabrantes/ros2_px4_offboard_example_ws/build/image_processing' returned '0': CMAKE_PREFIX_PATH=/home/cjabrantes/ros2_px4_offboard_example_ws/install/image_processing_msgs:/home/cjabrantes/ros2_px4_offboard_example_ws/install/px4_msgs LD_LIBRARY_PATH=/home/cjabrantes/ros2_px4_offboard_example_ws/install/image_processing_msgs/lib:/home/cjabrantes/ros2_px4_offboard_example_ws/install/px4_msgs/lib:/opt/ros/humble/opt/rviz_ogre_vendor/lib:/opt/ros/humble/lib/x86_64-linux-gnu:/opt/ros/humble/lib PYTHONPATH=/home/cjabrantes/ros2_px4_offboard_example_ws/build/image_processing/prefix_override:/home/cjabrantes/.local/lib/python3.10/site-packages/colcon_core/task/python/colcon_distutils_commands:/home/cjabrantes/ros2_px4_offboard_example_ws/install/image_processing/lib/python3.10/site-packages:${PYTHONPATH} /usr/bin/python3 -W ignore:setup.py install is deprecated -W ignore:easy_install command is deprecated setup.py develop --editable --build-directory /home/cjabrantes/ros2_px4_offboard_example_ws/build/image_processing/build --no-deps symlink_data[0m
[7.068s] [34mcolcon.colcon_core.shell[0m [1;30mINFO[0m Creating environment descriptor '/home/cjabrantes/ros2_px4_offboard_example_ws/build/image_processing/share/image_processing/hook/pythonpath_develop.dsv'
[7.068s] [34mcolcon.colcon_core.shell[0m [1;30mINFO[0m Creating environment hook '/home/cjabrantes/ros2_px4_offboard_example_ws/build/image_processing/share/image_processing/hook/pythonpath_develop.sh'
[7.069s] [34mcolcon.colcon_core.environment[0m [1;30mLevel 1[0m checking '/home/cjabrantes/ros2_px4_offboard_example_ws/install/image_processing' for CMake module files
[7.069s] [34mcolcon.colcon_core.environment[0m [1;30mLevel 1[0m checking '/home/cjabrantes/ros2_px4_offboard_example_ws/install/image_processing' for CMake config files
[7.069s] [34mcolcon.colcon_core.environment[0m [1;30mLevel 1[0m checking '/home/cjabrantes/ros2_px4_offboard_example_ws/install/image_processing/lib'
[7.069s] [34mcolcon.colcon_core.environment[0m [1;30mLevel 1[0m checking '/home/cjabrantes/ros2_px4_offboard_example_ws/install/image_processing/bin'
[7.069s] [34mcolcon.colcon_core.environment[0m [1;30mLevel 1[0m checking '/home/cjabrantes/ros2_px4_offboard_example_ws/install/image_processing/lib/pkgconfig/image_processing.pc'
[7.070s] [34mcolcon.colcon_core.environment[0m [1;30mLevel 1[0m checking '/home/cjabrantes/ros2_px4_offboard_example_ws/install/image_processing/lib/python3.10/site-packages'
[7.070s] [34mcolcon.colcon_core.shell[0m [1;30mLevel 1[0m create_environment_hook('image_processing', 'pythonpath')
[7.070s] [34mcolcon.colcon_core.shell[0m [1;30mINFO[0m Creating environment hook '/home/cjabrantes/ros2_px4_offboard_example_ws/install/image_processing/share/image_processing/hook/pythonpath.ps1'
[7.070s] [34mcolcon.colcon_core.shell[0m [1;30mINFO[0m Creating environment descriptor '/home/cjabrantes/ros2_px4_offboard_example_ws/install/image_processing/share/image_processing/hook/pythonpath.dsv'
[7.070s] [34mcolcon.colcon_core.shell[0m [1;30mINFO[0m Creating environment hook '/home/cjabrantes/ros2_px4_offboard_example_ws/install/image_processing/share/image_processing/hook/pythonpath.sh'
[7.071s] [34mcolcon.colcon_core.environment[0m [1;30mLevel 1[0m checking '/home/cjabrantes/ros2_px4_offboard_example_ws/install/image_processing/bin'
[7.071s] [34mcolcon.colcon_core.environment[0m [1;30mLevel 1[0m create_environment_scripts_only(image_processing)
[7.071s] [34mcolcon.colcon_core.shell[0m [1;30mINFO[0m Creating package script '/home/cjabrantes/ros2_px4_offboard_example_ws/install/image_processing/share/image_processing/package.ps1'
[7.071s] [34mcolcon.colcon_core.shell[0m [1;30mINFO[0m Creating package descriptor '/home/cjabrantes/ros2_px4_offboard_example_ws/install/image_processing/share/image_processing/package.dsv'
[7.072s] [34mcolcon.colcon_core.shell[0m [1;30mINFO[0m Creating package script '/home/cjabrantes/ros2_px4_offboard_example_ws/install/image_processing/share/image_processing/package.sh'
[7.072s] [34mcolcon.colcon_core.shell[0m [1;30mINFO[0m Creating package script '/home/cjabrantes/ros2_px4_offboard_example_ws/install/image_processing/share/image_processing/package.bash'
[7.072s] [34mcolcon.colcon_core.shell[0m [1;30mINFO[0m Creating package script '/home/cjabrantes/ros2_px4_offboard_example_ws/install/image_processing/share/image_processing/package.zsh'
[7.072s] [34mcolcon.colcon_core.environment[0m [1;30mLevel 1[0m create_file_with_runtime_dependencies(/home/cjabrantes/ros2_px4_offboard_example_ws/install/image_processing/share/colcon-core/packages/image_processing)
[154.673s] [34mcolcon.colcon_core.event_handler.log_command[0m [1;30mDEBUG[0m [32mInvoked command in '/home/cjabrantes/ros2_px4_offboard_example_ws/build/px4_msgs' returned '0': CMAKE_PREFIX_PATH=${CMAKE_PREFIX_PATH}:/home/cjabrantes/ros2_px4_offboard_example_ws/install/px4_offboard:/home/cjabrantes/ros2_px4_offboard_example_ws/install/image_processing:/opt/ros/humble /usr/bin/cmake --build /home/cjabrantes/ros2_px4_offboard_example_ws/build/px4_msgs -- -j12 -l12[0m
[154.675s] [34mcolcon.colcon_core.event_handler.log_command[0m [1;30mDEBUG[0m [32mInvoking command in '/home/cjabrantes/ros2_px4_offboard_example_ws/build/px4_msgs': CMAKE_PREFIX_PATH=${CMAKE_PREFIX_PATH}:/home/cjabrantes/ros2_px4_offboard_example_ws/install/px4_offboard:/home/cjabrantes/ros2_px4_offboard_example_ws/install/image_processing:/opt/ros/humble /usr/bin/cmake --install /home/cjabrantes/ros2_px4_offboard_example_ws/build/px4_msgs[0m
[193.958s] [34mcolcon.colcon_core.environment[0m [1;30mLevel 1[0m create_environment_scripts_only(px4_msgs)
[193.959s] [34mcolcon.colcon_core.environment[0m [1;30mLevel 1[0m checking '/home/cjabrantes/ros2_px4_offboard_example_ws/install/px4_msgs' for CMake module files
[193.959s] [34mcolcon.colcon_core.event_handler.log_command[0m [1;30mDEBUG[0m [32mInvoked command in '/home/cjabrantes/ros2_px4_offboard_example_ws/build/px4_msgs' returned '0': CMAKE_PREFIX_PATH=${CMAKE_PREFIX_PATH}:/home/cjabrantes/ros2_px4_offboard_example_ws/install/px4_offboard:/home/cjabrantes/ros2_px4_offboard_example_ws/install/image_processing:/opt/ros/humble /usr/bin/cmake --install /home/cjabrantes/ros2_px4_offboard_example_ws/build/px4_msgs[0m
[193.960s] [34mcolcon.colcon_core.environment[0m [1;30mLevel 1[0m checking '/home/cjabrantes/ros2_px4_offboard_example_ws/install/px4_msgs' for CMake config files
[193.993s] [34mcolcon.colcon_core.shell[0m [1;30mLevel 1[0m create_environment_hook('px4_msgs', 'cmake_prefix_path')
[193.993s] [34mcolcon.colcon_core.shell[0m [1;30mINFO[0m Creating environment hook '/home/cjabrantes/ros2_px4_offboard_example_ws/install/px4_msgs/share/px4_msgs/hook/cmake_prefix_path.ps1'
[193.994s] [34mcolcon.colcon_core.shell[0m [1;30mINFO[0m Creating environment descriptor '/home/cjabrantes/ros2_px4_offboard_example_ws/install/px4_msgs/share/px4_msgs/hook/cmake_prefix_path.dsv'
[193.994s] [34mcolcon.colcon_core.shell[0m [1;30mINFO[0m Creating environment hook '/home/cjabrantes/ros2_px4_offboard_example_ws/install/px4_msgs/share/px4_msgs/hook/cmake_prefix_path.sh'
[193.995s] [34mcolcon.colcon_core.environment[0m [1;30mLevel 1[0m checking '/home/cjabrantes/ros2_px4_offboard_example_ws/install/px4_msgs/lib'
[193.995s] [34mcolcon.colcon_core.shell[0m [1;30mLevel 1[0m create_environment_hook('px4_msgs', 'ld_library_path_lib')
[193.995s] [34mcolcon.colcon_core.shell[0m [1;30mINFO[0m Creating environment hook '/home/cjabrantes/ros2_px4_offboard_example_ws/install/px4_msgs/share/px4_msgs/hook/ld_library_path_lib.ps1'
[193.996s] [34mcolcon.colcon_core.shell[0m [1;30mINFO[0m Creating environment descriptor '/home/cjabrantes/ros2_px4_offboard_example_ws/install/px4_msgs/share/px4_msgs/hook/ld_library_path_lib.dsv'
[193.996s] [34mcolcon.colcon_core.shell[0m [1;30mINFO[0m Creating environment hook '/home/cjabrantes/ros2_px4_offboard_example_ws/install/px4_msgs/share/px4_msgs/hook/ld_library_path_lib.sh'
[193.996s] [34mcolcon.colcon_core.environment[0m [1;30mLevel 1[0m checking '/home/cjabrantes/ros2_px4_offboard_example_ws/install/px4_msgs/bin'
[193.997s] [34mcolcon.colcon_core.environment[0m [1;30mLevel 1[0m checking '/home/cjabrantes/ros2_px4_offboard_example_ws/install/px4_msgs/lib/pkgconfig/px4_msgs.pc'
[193.997s] [34mcolcon.colcon_core.environment[0m [1;30mLevel 1[0m checking '/home/cjabrantes/ros2_px4_offboard_example_ws/install/px4_msgs/lib/python3.10/site-packages'
[193.997s] [34mcolcon.colcon_core.environment[0m [1;30mLevel 1[0m checking '/home/cjabrantes/ros2_px4_offboard_example_ws/install/px4_msgs/bin'
[193.998s] [34mcolcon.colcon_core.shell[0m [1;30mINFO[0m Creating package script '/home/cjabrantes/ros2_px4_offboard_example_ws/install/px4_msgs/share/px4_msgs/package.ps1'
[193.998s] [34mcolcon.colcon_core.shell[0m [1;30mINFO[0m Creating package descriptor '/home/cjabrantes/ros2_px4_offboard_example_ws/install/px4_msgs/share/px4_msgs/package.dsv'
[193.999s] [34mcolcon.colcon_core.shell[0m [1;30mINFO[0m Creating package script '/home/cjabrantes/ros2_px4_offboard_example_ws/install/px4_msgs/share/px4_msgs/package.sh'
[193.999s] [34mcolcon.colcon_core.shell[0m [1;30mINFO[0m Creating package script '/home/cjabrantes/ros2_px4_offboard_example_ws/install/px4_msgs/share/px4_msgs/package.bash'
[194.000s] [34mcolcon.colcon_core.shell[0m [1;30mINFO[0m Creating package script '/home/cjabrantes/ros2_px4_offboard_example_ws/install/px4_msgs/share/px4_msgs/package.zsh'
[194.000s] [34mcolcon.colcon_core.environment[0m [1;30mLevel 1[0m create_file_with_runtime_dependencies(/home/cjabrantes/ros2_px4_offboard_example_ws/install/px4_msgs/share/colcon-core/packages/px4_msgs)
[194.001s] [34mcolcon.colcon_core.environment[0m [1;30mLevel 1[0m create_environment_scripts_only(px4_msgs)
[194.001s] [34mcolcon.colcon_core.environment[0m [1;30mLevel 1[0m checking '/home/cjabrantes/ros2_px4_offboard_example_ws/install/px4_msgs' for CMake module files
[194.002s] [34mcolcon.colcon_core.environment[0m [1;30mLevel 1[0m checking '/home/cjabrantes/ros2_px4_offboard_example_ws/install/px4_msgs' for CMake config files
[194.032s] [34mcolcon.colcon_core.shell[0m [1;30mLevel 1[0m create_environment_hook('px4_msgs', 'cmake_prefix_path')
[194.032s] [34mcolcon.colcon_core.shell[0m [1;30mINFO[0m Creating environment hook '/home/cjabrantes/ros2_px4_offboard_example_ws/install/px4_msgs/share/px4_msgs/hook/cmake_prefix_path.ps1'
[194.033s] [34mcolcon.colcon_core.shell[0m [1;30mINFO[0m Creating environment descriptor '/home/cjabrantes/ros2_px4_offboard_example_ws/install/px4_msgs/share/px4_msgs/hook/cmake_prefix_path.dsv'
[194.033s] [34mcolcon.colcon_core.shell[0m [1;30mINFO[0m Creating environment hook '/home/cjabrantes/ros2_px4_offboard_example_ws/install/px4_msgs/share/px4_msgs/hook/cmake_prefix_path.sh'
[194.034s] [34mcolcon.colcon_core.environment[0m [1;30mLevel 1[0m checking '/home/cjabrantes/ros2_px4_offboard_example_ws/install/px4_msgs/lib'
[194.034s] [34mcolcon.colcon_core.shell[0m [1;30mLevel 1[0m create_environment_hook('px4_msgs', 'ld_library_path_lib')
[194.034s] [34mcolcon.colcon_core.shell[0m [1;30mINFO[0m Creating environment hook '/home/cjabrantes/ros2_px4_offboard_example_ws/install/px4_msgs/share/px4_msgs/hook/ld_library_path_lib.ps1'
[194.034s] [34mcolcon.colcon_core.shell[0m [1;30mINFO[0m Creating environment descriptor '/home/cjabrantes/ros2_px4_offboard_example_ws/install/px4_msgs/share/px4_msgs/hook/ld_library_path_lib.dsv'
[194.035s] [34mcolcon.colcon_core.shell[0m [1;30mINFO[0m Creating environment hook '/home/cjabrantes/ros2_px4_offboard_example_ws/install/px4_msgs/share/px4_msgs/hook/ld_library_path_lib.sh'
[194.035s] [34mcolcon.colcon_core.environment[0m [1;30mLevel 1[0m checking '/home/cjabrantes/ros2_px4_offboard_example_ws/install/px4_msgs/bin'
[194.035s] [34mcolcon.colcon_core.environment[0m [1;30mLevel 1[0m checking '/home/cjabrantes/ros2_px4_offboard_example_ws/install/px4_msgs/lib/pkgconfig/px4_msgs.pc'
[194.035s] [34mcolcon.colcon_core.environment[0m [1;30mLevel 1[0m checking '/home/cjabrantes/ros2_px4_offboard_example_ws/install/px4_msgs/lib/python3.10/site-packages'
[194.035s] [34mcolcon.colcon_core.environment[0m [1;30mLevel 1[0m checking '/home/cjabrantes/ros2_px4_offboard_example_ws/install/px4_msgs/bin'
[194.036s] [34mcolcon.colcon_core.shell[0m [1;30mINFO[0m Creating package script '/home/cjabrantes/ros2_px4_offboard_example_ws/install/px4_msgs/share/px4_msgs/package.ps1'
[194.036s] [34mcolcon.colcon_core.shell[0m [1;30mINFO[0m Creating package descriptor '/home/cjabrantes/ros2_px4_offboard_example_ws/install/px4_msgs/share/px4_msgs/package.dsv'
[194.037s] [34mcolcon.colcon_core.shell[0m [1;30mINFO[0m Creating package script '/home/cjabrantes/ros2_px4_offboard_example_ws/install/px4_msgs/share/px4_msgs/package.sh'
[194.037s] [34mcolcon.colcon_core.shell[0m [1;30mINFO[0m Creating package script '/home/cjabrantes/ros2_px4_offboard_example_ws/install/px4_msgs/share/px4_msgs/package.bash'
[194.038s] [34mcolcon.colcon_core.shell[0m [1;30mINFO[0m Creating package script '/home/cjabrantes/ros2_px4_offboard_example_ws/install/px4_msgs/share/px4_msgs/package.zsh'
[194.038s] [34mcolcon.colcon_core.environment[0m [1;30mLevel 1[0m create_file_with_runtime_dependencies(/home/cjabrantes/ros2_px4_offboard_example_ws/install/px4_msgs/share/colcon-core/packages/px4_msgs)
[194.038s] [34mcolcon.colcon_ros.task.ament_python.build[0m [1;30mINFO[0m Building ROS package in '/home/cjabrantes/ros2_px4_offboard_example_ws/src/ROS2_PX4_Offboard_Example/px4_offboard' with build type 'ament_python'
[194.038s] [34mcolcon.colcon_core.shell[0m [1;30mLevel 1[0m create_environment_hook('px4_offboard', 'ament_prefix_path')
[194.039s] [34mcolcon.colcon_core.shell[0m [1;30mINFO[0m Creating environment hook '/home/cjabrantes/ros2_px4_offboard_example_ws/install/px4_offboard/share/px4_offboard/hook/ament_prefix_path.ps1'
[194.040s] [34mcolcon.colcon_core.shell[0m [1;30mINFO[0m Creating environment descriptor '/home/cjabrantes/ros2_px4_offboard_example_ws/install/px4_offboard/share/px4_offboard/hook/ament_prefix_path.dsv'
[194.040s] [34mcolcon.colcon_core.shell[0m [1;30mINFO[0m Creating environment hook '/home/cjabrantes/ros2_px4_offboard_example_ws/install/px4_offboard/share/px4_offboard/hook/ament_prefix_path.sh'
[194.040s] [34mcolcon.colcon_core.shell[0m [1;30mINFO[0m Skip shell extension 'powershell' for command environment: Not usable outside of PowerShell
[194.041s] [34mcolcon.colcon_core.shell[0m [1;30mDEBUG[0m [32mSkip shell extension 'dsv' for command environment[0m
[194.250s] [34mcolcon.colcon_core.task.python.build[0m [1;30mINFO[0m Building Python package in '/home/cjabrantes/ros2_px4_offboard_example_ws/src/ROS2_PX4_Offboard_Example/px4_offboard'
[194.250s] [34mcolcon.colcon_core.shell[0m [1;30mINFO[0m Skip shell extension 'powershell' for command environment: Not usable outside of PowerShell
[194.250s] [34mcolcon.colcon_core.shell[0m [1;30mDEBUG[0m [32mSkip shell extension 'dsv' for command environment[0m
[194.517s] [34mcolcon.colcon_core.event_handler.log_command[0m [1;30mDEBUG[0m [32mInvoking command in '/home/cjabrantes/ros2_px4_offboard_example_ws/build/px4_offboard': PYTHONPATH=/home/cjabrantes/ros2_px4_offboard_example_ws/build/px4_offboard/prefix_override:/home/cjabrantes/.local/lib/python3.10/site-packages/colcon_core/task/python/colcon_distutils_commands:/home/cjabrantes/ros2_px4_offboard_example_ws/install/px4_offboard/lib/python3.10/site-packages:${PYTHONPATH} /usr/bin/python3 -W ignore:setup.py install is deprecated -W ignore:easy_install command is deprecated setup.py develop --editable --build-directory /home/cjabrantes/ros2_px4_offboard_example_ws/build/px4_offboard/build --no-deps symlink_data[0m
[194.901s] [34mcolcon.colcon_core.shell[0m [1;30mLevel 1[0m create_environment_hook('px4_offboard', 'pythonpath_develop')
[194.901s] [34mcolcon.colcon_core.shell[0m [1;30mINFO[0m Creating environment hook '/home/cjabrantes/ros2_px4_offboard_example_ws/build/px4_offboard/share/px4_offboard/hook/pythonpath_develop.ps1'
[194.902s] [34mcolcon.colcon_core.event_handler.log_command[0m [1;30mDEBUG[0m [32mInvoked command in '/home/cjabrantes/ros2_px4_offboard_example_ws/build/px4_offboard' returned '0': PYTHONPATH=/home/cjabrantes/ros2_px4_offboard_example_ws/build/px4_offboard/prefix_override:/home/cjabrantes/.local/lib/python3.10/site-packages/colcon_core/task/python/colcon_distutils_commands:/home/cjabrantes/ros2_px4_offboard_example_ws/install/px4_offboard/lib/python3.10/site-packages:${PYTHONPATH} /usr/bin/python3 -W ignore:setup.py install is deprecated -W ignore:easy_install command is deprecated setup.py develop --editable --build-directory /home/cjabrantes/ros2_px4_offboard_example_ws/build/px4_offboard/build --no-deps symlink_data[0m
[194.902s] [34mcolcon.colcon_core.shell[0m [1;30mINFO[0m Creating environment descriptor '/home/cjabrantes/ros2_px4_offboard_example_ws/build/px4_offboard/share/px4_offboard/hook/pythonpath_develop.dsv'
[194.902s] [34mcolcon.colcon_core.shell[0m [1;30mINFO[0m Creating environment hook '/home/cjabrantes/ros2_px4_offboard_example_ws/build/px4_offboard/share/px4_offboard/hook/pythonpath_develop.sh'
[194.903s] [34mcolcon.colcon_core.environment[0m [1;30mLevel 1[0m checking '/home/cjabrantes/ros2_px4_offboard_example_ws/install/px4_offboard' for CMake module files
[194.903s] [34mcolcon.colcon_core.environment[0m [1;30mLevel 1[0m checking '/home/cjabrantes/ros2_px4_offboard_example_ws/install/px4_offboard' for CMake config files
[194.903s] [34mcolcon.colcon_core.environment[0m [1;30mLevel 1[0m checking '/home/cjabrantes/ros2_px4_offboard_example_ws/install/px4_offboard/lib'
[194.903s] [34mcolcon.colcon_core.environment[0m [1;30mLevel 1[0m checking '/home/cjabrantes/ros2_px4_offboard_example_ws/install/px4_offboard/bin'
[194.903s] [34mcolcon.colcon_core.environment[0m [1;30mLevel 1[0m checking '/home/cjabrantes/ros2_px4_offboard_example_ws/install/px4_offboard/lib/pkgconfig/px4_offboard.pc'
[194.904s] [34mcolcon.colcon_core.environment[0m [1;30mLevel 1[0m checking '/home/cjabrantes/ros2_px4_offboard_example_ws/install/px4_offboard/lib/python3.10/site-packages'
[194.904s] [34mcolcon.colcon_core.shell[0m [1;30mLevel 1[0m create_environment_hook('px4_offboard', 'pythonpath')
[194.904s] [34mcolcon.colcon_core.shell[0m [1;30mINFO[0m Creating environment hook '/home/cjabrantes/ros2_px4_offboard_example_ws/install/px4_offboard/share/px4_offboard/hook/pythonpath.ps1'
[194.904s] [34mcolcon.colcon_core.shell[0m [1;30mINFO[0m Creating environment descriptor '/home/cjabrantes/ros2_px4_offboard_example_ws/install/px4_offboard/share/px4_offboard/hook/pythonpath.dsv'
[194.904s] [34mcolcon.colcon_core.shell[0m [1;30mINFO[0m Creating environment hook '/home/cjabrantes/ros2_px4_offboard_example_ws/install/px4_offboard/share/px4_offboard/hook/pythonpath.sh'
[194.905s] [34mcolcon.colcon_core.environment[0m [1;30mLevel 1[0m checking '/home/cjabrantes/ros2_px4_offboard_example_ws/install/px4_offboard/bin'
[194.905s] [34mcolcon.colcon_core.environment[0m [1;30mLevel 1[0m create_environment_scripts_only(px4_offboard)
[194.905s] [34mcolcon.colcon_core.shell[0m [1;30mINFO[0m Creating package script '/home/cjabrantes/ros2_px4_offboard_example_ws/install/px4_offboard/share/px4_offboard/package.ps1'
[194.905s] [34mcolcon.colcon_core.shell[0m [1;30mINFO[0m Creating package descriptor '/home/cjabrantes/ros2_px4_offboard_example_ws/install/px4_offboard/share/px4_offboard/package.dsv'
[194.906s] [34mcolcon.colcon_core.shell[0m [1;30mINFO[0m Creating package script '/home/cjabrantes/ros2_px4_offboard_example_ws/install/px4_offboard/share/px4_offboard/package.sh'
[194.906s] [34mcolcon.colcon_core.shell[0m [1;30mINFO[0m Creating package script '/home/cjabrantes/ros2_px4_offboard_example_ws/install/px4_offboard/share/px4_offboard/package.bash'
[194.906s] [34mcolcon.colcon_core.shell[0m [1;30mINFO[0m Creating package script '/home/cjabrantes/ros2_px4_offboard_example_ws/install/px4_offboard/share/px4_offboard/package.zsh'
[194.906s] [34mcolcon.colcon_core.environment[0m [1;30mLevel 1[0m create_file_with_runtime_dependencies(/home/cjabrantes/ros2_px4_offboard_example_ws/install/px4_offboard/share/colcon-core/packages/px4_offboard)
[194.907s] [34mcolcon.colcon_parallel_executor.executor.parallel[0m [1;30mDEBUG[0m [32mclosing loop[0m
[194.907s] [34mcolcon.colcon_parallel_executor.executor.parallel[0m [1;30mDEBUG[0m [32mloop closed[0m
[194.907s] [34mcolcon.colcon_parallel_executor.executor.parallel[0m [1;30mDEBUG[0m [32mrun_until_complete finished with '0'[0m
[194.907s] [34mcolcon.colcon_core.event_reactor[0m [1;30mDEBUG[0m [32mjoining thread[0m
[194.914s] [34mcolcon.colcon_core.plugin_system[0m [1;30mINFO[0m Skipping extension 'colcon_notification.desktop_notification.terminal_notifier': Not used on non-Darwin systems
[194.914s] [34mcolcon.colcon_core.plugin_system[0m [1;30mINFO[0m Skipping extension 'colcon_notification.desktop_notification.win32': Not used on non-Windows systems
[194.914s] [34mcolcon.colcon_notification.desktop_notification[0m [1;30mINFO[0m Sending desktop notification using 'notify2'
[194.928s] [34mcolcon.colcon_core.event_reactor[0m [1;30mDEBUG[0m [32mjoined thread[0m
[194.929s] [34mcolcon.colcon_core.shell[0m [1;30mINFO[0m Creating prefix script '/home/cjabrantes/ros2_px4_offboard_example_ws/install/local_setup.ps1'
[194.930s] [34mcolcon.colcon_core.shell[0m [1;30mINFO[0m Creating prefix util module '/home/cjabrantes/ros2_px4_offboard_example_ws/install/_local_setup_util_ps1.py'
[194.932s] [34mcolcon.colcon_core.shell[0m [1;30mINFO[0m Creating prefix chain script '/home/cjabrantes/ros2_px4_offboard_example_ws/install/setup.ps1'
[194.934s] [34mcolcon.colcon_core.shell[0m [1;30mINFO[0m Creating prefix script '/home/cjabrantes/ros2_px4_offboard_example_ws/install/local_setup.sh'
[194.935s] [34mcolcon.colcon_core.shell[0m [1;30mINFO[0m Creating prefix util module '/home/cjabrantes/ros2_px4_offboard_example_ws/install/_local_setup_util_sh.py'
[194.936s] [34mcolcon.colcon_core.shell[0m [1;30mINFO[0m Creating prefix chain script '/home/cjabrantes/ros2_px4_offboard_example_ws/install/setup.sh'
[194.937s] [34mcolcon.colcon_core.shell[0m [1;30mINFO[0m Creating prefix script '/home/cjabrantes/ros2_px4_offboard_example_ws/install/local_setup.bash'
[194.938s] [34mcolcon.colcon_core.shell[0m [1;30mINFO[0m Creating prefix chain script '/home/cjabrantes/ros2_px4_offboard_example_ws/install/setup.bash'
[194.940s] [34mcolcon.colcon_core.shell[0m [1;30mINFO[0m Creating prefix script '/home/cjabrantes/ros2_px4_offboard_example_ws/install/local_setup.zsh'
[194.940s] [34mcolcon.colcon_core.shell[0m [1;30mINFO[0m Creating prefix chain script '/home/cjabrantes/ros2_px4_offboard_example_ws/install/setup.zsh'
