[0.572s] Invoking command in '/home/cjabrantes/ros2_px4_offboard_example_ws/src/image_processing': CMAKE_PREFIX_PATH=/home/cjabrantes/ros2_px4_offboard_example_ws/install/image_processing_msgs:/home/cjabrantes/ros2_px4_offboard_example_ws/install/px4_msgs LD_LIBRARY_PATH=/home/cjabrantes/ros2_px4_offboard_example_ws/install/image_processing_msgs/lib:/home/cjabrantes/ros2_px4_offboard_example_ws/install/px4_msgs/lib:/opt/ros/humble/opt/rviz_ogre_vendor/lib:/opt/ros/humble/lib/x86_64-linux-gnu:/opt/ros/humble/lib PYTHONPATH=/home/cjabrantes/ros2_px4_offboard_example_ws/build/image_processing/prefix_override:/home/cjabrantes/.local/lib/python3.10/site-packages/colcon_core/task/python/colcon_distutils_commands:/home/cjabrantes/ros2_px4_offboard_example_ws/install/image_processing/lib/python3.10/site-packages:${PYTHONPATH} /usr/bin/python3 -W ignore:setup.py install is deprecated -W ignore:easy_install command is deprecated setup.py egg_info --egg-base ../../build/image_processing build --build-base /home/cjabrantes/ros2_px4_offboard_example_ws/build/image_processing/build install --record /home/cjabrantes/ros2_px4_offboard_example_ws/build/image_processing/install.log --single-version-externally-managed install_data
[0.789s] running egg_info
[0.790s] writing ../../build/image_processing/image_processing.egg-info/PKG-INFO
[0.790s] writing dependency_links to ../../build/image_processing/image_processing.egg-info/dependency_links.txt
[0.791s] writing entry points to ../../build/image_processing/image_processing.egg-info/entry_points.txt
[0.791s] writing requirements to ../../build/image_processing/image_processing.egg-info/requires.txt
[0.791s] writing top-level names to ../../build/image_processing/image_processing.egg-info/top_level.txt
[0.793s] reading manifest file '../../build/image_processing/image_processing.egg-info/SOURCES.txt'
[0.793s] writing manifest file '../../build/image_processing/image_processing.egg-info/SOURCES.txt'
[0.794s] running build
[0.794s] running build_py
[0.794s] running install
[0.794s] running install_lib
[0.795s] running install_data
[0.796s] running install_egg_info
[0.797s] removing '/home/cjabrantes/ros2_px4_offboard_example_ws/install/image_processing/lib/python3.10/site-packages/image_processing-0.0.0-py3.10.egg-info' (and everything under it)
[0.797s] Copying ../../build/image_processing/image_processing.egg-info to /home/cjabrantes/ros2_px4_offboard_example_ws/install/image_processing/lib/python3.10/site-packages/image_processing-0.0.0-py3.10.egg-info
[0.798s] running install_scripts
[0.815s] Installing behavior_controller script to /home/cjabrantes/ros2_px4_offboard_example_ws/install/image_processing/lib/image_processing
[0.815s] Installing distance_predictor_xyz script to /home/cjabrantes/ros2_px4_offboard_example_ws/install/image_processing/lib/image_processing
[0.815s] Installing drone_behavior_node script to /home/cjabrantes/ros2_px4_offboard_example_ws/install/image_processing/lib/image_processing
[0.815s] Installing drone_pose_publisher script to /home/cjabrantes/ros2_px4_offboard_example_ws/install/image_processing/lib/image_processing
[0.815s] Installing image_labeler script to /home/cjabrantes/ros2_px4_offboard_example_ws/install/image_processing/lib/image_processing
[0.816s] Installing image_subscriber script to /home/cjabrantes/ros2_px4_offboard_example_ws/install/image_processing/lib/image_processing
[0.816s] Installing yolo_subscriber script to /home/cjabrantes/ros2_px4_offboard_example_ws/install/image_processing/lib/image_processing
[0.816s] Installing yolov11_subscriber script to /home/cjabrantes/ros2_px4_offboard_example_ws/install/image_processing/lib/image_processing
[0.816s] writing list of installed files to '/home/cjabrantes/ros2_px4_offboard_example_ws/build/image_processing/install.log'
[0.838s] Invoked command in '/home/cjabrantes/ros2_px4_offboard_example_ws/src/image_processing' returned '0': CMAKE_PREFIX_PATH=/home/cjabrantes/ros2_px4_offboard_example_ws/install/image_processing_msgs:/home/cjabrantes/ros2_px4_offboard_example_ws/install/px4_msgs LD_LIBRARY_PATH=/home/cjabrantes/ros2_px4_offboard_example_ws/install/image_processing_msgs/lib:/home/cjabrantes/ros2_px4_offboard_example_ws/install/px4_msgs/lib:/opt/ros/humble/opt/rviz_ogre_vendor/lib:/opt/ros/humble/lib/x86_64-linux-gnu:/opt/ros/humble/lib PYTHONPATH=/home/cjabrantes/ros2_px4_offboard_example_ws/build/image_processing/prefix_override:/home/cjabrantes/.local/lib/python3.10/site-packages/colcon_core/task/python/colcon_distutils_commands:/home/cjabrantes/ros2_px4_offboard_example_ws/install/image_processing/lib/python3.10/site-packages:${PYTHONPATH} /usr/bin/python3 -W ignore:setup.py install is deprecated -W ignore:easy_install command is deprecated setup.py egg_info --egg-base ../../build/image_processing build --build-base /home/cjabrantes/ros2_px4_offboard_example_ws/build/image_processing/build install --record /home/cjabrantes/ros2_px4_offboard_example_ws/build/image_processing/install.log --single-version-externally-managed install_data
